[2026-09-05 15:09:58,109] [WARNING] [real_accelerator.py:199:get_accelerator] Setting accelerator to CPU. If you have GPU or other accelerator, we were unable to detect it.
[2026-09-05 15:09:58,112] [WARNING] [real_accelerator.py:199:get_accelerator] Setting accelerator to CPU. If you have GPU or other accelerator, we were unable to detect it.
Warning: The cache directory for DeepSpeed Triton autotune, /uac/y24/yzyang4/.triton/autotune, appears to be on an NFS system. While this is generally acceptable, if you experience slowdowns or hanging when DeepSpeed exits, it is recommended to set the TRITON_CACHE_DIR environment variable to a non-NFS path.
Warning: The cache directory for DeepSpeed Triton autotune, /uac/y24/yzyang4/.triton/autotune, appears to be on an NFS system. While this is generally acceptable, if you experience slowdowns or hanging when DeepSpeed exits, it is recommended to set the TRITON_CACHE_DIR environment variable to a non-NFS path.
{"completed_trajectories": 1, "arm": "G_to_L", "trajectory": "full"}
[2026-09-05 15:10:26,281] [WARNING] [real_accelerator.py:199:get_accelerator] Setting accelerator to CPU. If you have GPU or other accelerator, we were unable to detect it.
[2026-09-05 15:10:26,282] [WARNING] [real_accelerator.py:199:get_accelerator] Setting accelerator to CPU. If you have GPU or other accelerator, we were unable to detect it.
Warning: The cache directory for DeepSpeed Triton autotune, /uac/y24/yzyang4/.triton/autotune, appears to be on an NFS system. While this is generally acceptable, if you experience slowdowns or hanging when DeepSpeed exits, it is recommended to set the TRITON_CACHE_DIR environment variable to a non-NFS path.
Warning: The cache directory for DeepSpeed Triton autotune, /uac/y24/yzyang4/.triton/autotune, appears to be on an NFS system. While this is generally acceptable, if you experience slowdowns or hanging when DeepSpeed exits, it is recommended to set the TRITON_CACHE_DIR environment variable to a non-NFS path.
{"completed_trajectories": 2, "arm": "G_to_L", "trajectory": "prefix2"}
[2026-09-05 15:10:53,959] [WARNING] [real_accelerator.py:199:get_accelerator] Setting accelerator to CPU. If you have GPU or other accelerator, we were unable to detect it.
[2026-09-05 15:10:53,959] [WARNING] [real_accelerator.py:199:get_accelerator] Setting accelerator to CPU. If you have GPU or other accelerator, we were unable to detect it.
Warning: The cache directory for DeepSpeed Triton autotune, /uac/y24/yzyang4/.triton/autotune, appears to be on an NFS system. While this is generally acceptable, if you experience slowdowns or hanging when DeepSpeed exits, it is recommended to set the TRITON_CACHE_DIR environment variable to a non-NFS path.
Warning: The cache directory for DeepSpeed Triton autotune, /uac/y24/yzyang4/.triton/autotune, appears to be on an NFS system. While this is generally acceptable, if you experience slowdowns or hanging when DeepSpeed exits, it is recommended to set the TRITON_CACHE_DIR environment variable to a non-NFS path.
{"completed_trajectories": 3, "arm": "G_to_L", "trajectory": "resume2"}
[2026-09-05 15:11:23,006] [WARNING] [real_accelerator.py:199:get_accelerator] Setting accelerator to CPU. If you have GPU or other accelerator, we were unable to detect it.
[2026-09-05 15:11:23,018] [WARNING] [real_accelerator.py:199:get_accelerator] Setting accelerator to CPU. If you have GPU or other accelerator, we were unable to detect it.
Warning: The cache directory for DeepSpeed Triton autotune, /uac/y24/yzyang4/.triton/autotune, appears to be on an NFS system. While this is generally acceptable, if you experience slowdowns or hanging when DeepSpeed exits, it is recommended to set the TRITON_CACHE_DIR environment variable to a non-NFS path.
Warning: The cache directory for DeepSpeed Triton autotune, /uac/y24/yzyang4/.triton/autotune, appears to be on an NFS system. While this is generally acceptable, if you experience slowdowns or hanging when DeepSpeed exits, it is recommended to set the TRITON_CACHE_DIR environment variable to a non-NFS path.
{"completed_trajectories": 4, "arm": "G_to_L", "trajectory": "prefix3"}
[2026-09-05 15:11:44,961] [WARNING] [real_accelerator.py:199:get_accelerator] Setting accelerator to CPU. If you have GPU or other accelerator, we were unable to detect it.
[2026-09-05 15:11:44,964] [WARNING] [real_accelerator.py:199:get_accelerator] Setting accelerator to CPU. If you have GPU or other accelerator, we were unable to detect it.
Warning: The cache directory for DeepSpeed Triton autotune, /uac/y24/yzyang4/.triton/autotune, appears to be on an NFS system. While this is generally acceptable, if you experience slowdowns or hanging when DeepSpeed exits, it is recommended to set the TRITON_CACHE_DIR environment variable to a non-NFS path.
Warning: The cache directory for DeepSpeed Triton autotune, /uac/y24/yzyang4/.triton/autotune, appears to be on an NFS system. While this is generally acceptable, if you experience slowdowns or hanging when DeepSpeed exits, it is recommended to set the TRITON_CACHE_DIR environment variable to a non-NFS path.
{"completed_trajectories": 5, "arm": "G_to_L", "trajectory": "resume3"}
[2026-09-05 15:12:08,741] [WARNING] [real_accelerator.py:199:get_accelerator] Setting accelerator to CPU. If you have GPU or other accelerator, we were unable to detect it.
[2026-09-05 15:12:08,742] [WARNING] [real_accelerator.py:199:get_accelerator] Setting accelerator to CPU. If you have GPU or other accelerator, we were unable to detect it.
Warning: The cache directory for DeepSpeed Triton autotune, /uac/y24/yzyang4/.triton/autotune, appears to be on an NFS system. While this is generally acceptable, if you experience slowdowns or hanging when DeepSpeed exits, it is recommended to set the TRITON_CACHE_DIR environment variable to a non-NFS path.
Warning: The cache directory for DeepSpeed Triton autotune, /uac/y24/yzyang4/.triton/autotune, appears to be on an NFS system. While this is generally acceptable, if you experience slowdowns or hanging when DeepSpeed exits, it is recommended to set the TRITON_CACHE_DIR environment variable to a non-NFS path.
{"completed_trajectories": 6, "arm": "Ghash_to_L", "trajectory": "full"}
[2026-09-05 15:12:34,913] [WARNING] [real_accelerator.py:199:get_accelerator] Setting accelerator to CPU. If you have GPU or other accelerator, we were unable to detect it.
[2026-09-05 15:12:34,914] [WARNING] [real_accelerator.py:199:get_accelerator] Setting accelerator to CPU. If you have GPU or other accelerator, we were unable to detect it.
Warning: The cache directory for DeepSpeed Triton autotune, /uac/y24/yzyang4/.triton/autotune, appears to be on an NFS system. While this is generally acceptable, if you experience slowdowns or hanging when DeepSpeed exits, it is recommended to set the TRITON_CACHE_DIR environment variable to a non-NFS path.
Warning: The cache directory for DeepSpeed Triton autotune, /uac/y24/yzyang4/.triton/autotune, appears to be on an NFS system. While this is generally acceptable, if you experience slowdowns or hanging when DeepSpeed exits, it is recommended to set the TRITON_CACHE_DIR environment variable to a non-NFS path.
{"completed_trajectories": 7, "arm": "Ghash_to_L", "trajectory": "prefix2"}
[2026-09-05 15:12:59,886] [WARNING] [real_accelerator.py:199:get_accelerator] Setting accelerator to CPU. If you have GPU or other accelerator, we were unable to detect it.
[2026-09-05 15:12:59,886] [WARNING] [real_accelerator.py:199:get_accelerator] Setting accelerator to CPU. If you have GPU or other accelerator, we were unable to detect it.
Warning: The cache directory for DeepSpeed Triton autotune, /uac/y24/yzyang4/.triton/autotune, appears to be on an NFS system. While this is generally acceptable, if you experience slowdowns or hanging when DeepSpeed exits, it is recommended to set the TRITON_CACHE_DIR environment variable to a non-NFS path.
Warning: The cache directory for DeepSpeed Triton autotune, /uac/y24/yzyang4/.triton/autotune, appears to be on an NFS system. While this is generally acceptable, if you experience slowdowns or hanging when DeepSpeed exits, it is recommended to set the TRITON_CACHE_DIR environment variable to a non-NFS path.
{"completed_trajectories": 8, "arm": "Ghash_to_L", "trajectory": "resume2"}
[2026-09-05 15:13:25,576] [WARNING] [real_accelerator.py:199:get_accelerator] Setting accelerator to CPU. If you have GPU or other accelerator, we were unable to detect it.
[2026-09-05 15:13:25,576] [WARNING] [real_accelerator.py:199:get_accelerator] Setting accelerator to CPU. If you have GPU or other accelerator, we were unable to detect it.
Warning: The cache directory for DeepSpeed Triton autotune, /uac/y24/yzyang4/.triton/autotune, appears to be on an NFS system. While this is generally acceptable, if you experience slowdowns or hanging when DeepSpeed exits, it is recommended to set the TRITON_CACHE_DIR environment variable to a non-NFS path.
Warning: The cache directory for DeepSpeed Triton autotune, /uac/y24/yzyang4/.triton/autotune, appears to be on an NFS system. While this is generally acceptable, if you experience slowdowns or hanging when DeepSpeed exits, it is recommended to set the TRITON_CACHE_DIR environment variable to a non-NFS path.
{"completed_trajectories": 9, "arm": "Ghash_to_L", "trajectory": "prefix3"}
[2026-09-05 15:13:49,879] [WARNING] [real_accelerator.py:199:get_accelerator] Setting accelerator to CPU. If you have GPU or other accelerator, we were unable to detect it.
[2026-09-05 15:13:49,882] [WARNING] [real_accelerator.py:199:get_accelerator] Setting accelerator to CPU. If you have GPU or other accelerator, we were unable to detect it.
Warning: The cache directory for DeepSpeed Triton autotune, /uac/y24/yzyang4/.triton/autotune, appears to be on an NFS system. While this is generally acceptable, if you experience slowdowns or hanging when DeepSpeed exits, it is recommended to set the TRITON_CACHE_DIR environment variable to a non-NFS path.
Warning: The cache directory for DeepSpeed Triton autotune, /uac/y24/yzyang4/.triton/autotune, appears to be on an NFS system. While this is generally acceptable, if you experience slowdowns or hanging when DeepSpeed exits, it is recommended to set the TRITON_CACHE_DIR environment variable to a non-NFS path.
{"completed_trajectories": 10, "arm": "Ghash_to_L", "trajectory": "resume3"}
{"attention_dropout": 0.1, "classification": "RANDOM_QWEN_ADAMW_DDP_SESSION_LIFECYCLE_NOT_EFFECT", "code_commit": "33ad8baca0f23fd54ea4e79c5c23f3c44bbef2ec", "deepspeed_or_bf16_gpu_validated": false, "dtype": "float32", "final_rank_resume_comparisons": 8, "final_state_bitwise_equal": true, "gpu_used": false, "optimizer": "AdamW", "parameters": 4433, "real_data_opened": false, "resumed_consumption_exact_suffix": true, "seed": 6, "session_sha256": "7937446ee0b597460bcc1147963e5c69b59720c7132a4fcec05c67efc8c34f0b", "source_commit": "5f3bc362db922c8edee2ef134656dfdb9a2b74fb", "trajectories": 10, "validation_sha256": "ff7ee218f9b9885ec5cffef57abe80d979ce692af038b0862c1f64ba232f198f", "world": 2}
