gpu28:877943:877943 [0] NCCL INFO ENV/Plugin: Could not find: libnccl-env.so
gpu28:877943:877943 [0] NCCL INFO Bootstrap: Using eno0np0:137.189.88.75<0>
gpu28:877943:877943 [0] NCCL INFO cudaDriverVersion 13030
gpu28:877943:877943 [0] NCCL INFO NCCL version 2.28.9+cuda12.9
gpu28:877943:877943 [0] NCCL INFO Comm config Blocking set to 1
gpu28:877943:877943 [0] NCCL INFO NET/Plugin: Could not find: libnccl-net.so
gpu28:877943:877943 [0] NCCL INFO NET/Socket : Using [0]eno0np0:137.189.88.75<0>
gpu28:877943:877943 [0] NCCL INFO Initialized NET plugin Socket
gpu28:877943:877943 [0] NCCL INFO Assigned NET plugin Socket to comm
gpu28:877943:877943 [0] NCCL INFO Using network Socket
gpu28:877943:877943 [0] NCCL INFO ncclCommInitRankConfig comm 0x5dc3e868cd90 rank 0 nranks 2 cudaDev 0 nvmlDev 0 busId 1c000 commId 0x8013a3189c5e7862 - Init START

[2026-09-06 08:10:11] gpu28:877943:877943 [0] ras/client_support.cc:179 NCCL WARN Call to bind failed: Address already in use
gpu28:877943:877943 [0] NCCL INFO RAS failed to establish a client listening socket at localhost:28028
gpu28:877943:877943 [0] NCCL INFO Bootstrap timings total 0.026091 (create 0.000642, send 0.000574, recv 0.003927, ring 0.017289, delay 0.000001)
gpu28:877943:877943 [0] NCCL INFO P2P is disabled between connected GPUs 1 and 0. You can repress this message with NCCL_IGNORE_DISABLED_P2P=1.
gpu28:877943:877943 [0] NCCL INFO P2P is disabled between connected GPUs 0 and 1. You can repress this message with NCCL_IGNORE_DISABLED_P2P=1.
gpu28:877943:877943 [0] NCCL INFO P2P is disabled between connected GPUs 1 and 0. You can repress this message with NCCL_IGNORE_DISABLED_P2P=1.
gpu28:877943:877943 [0] NCCL INFO P2P is disabled between connected GPUs 0 and 1. You can repress this message with NCCL_IGNORE_DISABLED_P2P=1.
gpu28:877943:877943 [0] NCCL INFO ncclTopoGetCpuAffinity: Affinity for GPU 0 is 4-9,28-33. (GPU affinity = 0-11,24-35 ; CPU affinity = 4-9,28-33).
gpu28:877943:877943 [0] NCCL INFO NVLS multicast support is not available on dev 0 (NVLS_NCHANNELS 0)
gpu28:877943:877943 [0] NCCL INFO comm 0x5dc3e868cd90 rank 0 nRanks 2 nNodes 1 localRanks 2 localRank 0 MNNVL 0
gpu28:877943:877943 [0] NCCL INFO Channel 00/02 : 0 1
gpu28:877943:877943 [0] NCCL INFO Channel 01/02 : 0 1
gpu28:877943:877943 [0] NCCL INFO Trees [0] 1/-1/-1->0->-1 [1] 1/-1/-1->0->-1
gpu28:877943:877943 [0] NCCL INFO P2P Chunksize set to 131072
gpu28:877943:877943 [0] NCCL INFO PROFILER/Plugin: Could not find: libnccl-profiler.so
gpu28:877943:877943 [0] NCCL INFO Check P2P Type isAllDirectP2p 0 directMode 0 isAllCudaP2p 0
gpu28:877943:878134 [0] NCCL INFO [Proxy Service] Device 0 CPU core 5
gpu28:877943:878136 [0] NCCL INFO [Proxy Service UDS] Device 0 CPU core 32
gpu28:877943:877943 [0] NCCL INFO TUNER/Plugin: Could not find: libnccl-tuner.so
gpu28:877943:877943 [0] NCCL INFO NCCL_ALGO set by environment to ^NVLS
gpu28:877943:877943 [0] NCCL INFO Enabled NCCL Func/Proto/Algo Matrix:
     Function |       LL     LL128    Simple   |          Tree           Ring  CollNetDirect   CollNetChain           NVLS       NVLSTree            PAT  
    Broadcast |        1         2         1   |             1              1              1              1              0              1              1  
       Reduce |        1         2         1   |             1              1              1              1              0              1              1  
    AllGather |        1         2         1   |             1              1              1              1              0              1              1  
ReduceScatter |        1         2         1   |             1              1              1              1              0              1              1  
    AllReduce |        1         2         1   |             1              1              1              1              0              1              1  

gpu28:877943:877943 [0] NCCL INFO threadThresholds 8/8/64 | 16/8/64 | 512 | 512
gpu28:877943:877943 [0] NCCL INFO 2 coll channels, 2 collnet channels, 0 nvls channels, 2 p2p channels, 2 p2p channels per peer
gpu28:877943:877943 [0] NCCL INFO CC Off, workFifoBytes 1048576
gpu28:877943:877943 [0] NCCL INFO ncclCommInitRankConfig comm 0x5dc3e868cd90 rank 0 nranks 2 cudaDev 0 nvmlDev 0 busId 1c000 commId 0x8013a3189c5e7862 - Init COMPLETE
gpu28:877943:877943 [0] NCCL INFO Init timings - ncclCommInitRankConfig: rank 0 nranks 2 total 0.37 (kernels 0.30, alloc 0.01, bootstrap 0.03, allgathers 0.00, topo 0.03, graphs 0.00, connections 0.00, rest 0.00)
gpu28:877943:877943 [0] NCCL INFO Comm config Blocking set to 1
gpu28:877943:877943 [0] NCCL INFO Initialized NET plugin Socket
gpu28:877943:877943 [0] NCCL INFO Assigned NET plugin Socket to comm
gpu28:877943:877943 [0] NCCL INFO Using network Socket
gpu28:877943:877943 [0] NCCL INFO ncclCommSplit comm 0x5dc3ed259360 rank 0 nranks 2 cudaDev 0 nvmlDev 0 busId 1c000 parent 0x5dc3e868cd90 splitCount 1 color 2130503744 key 0- Init START
gpu28:877943:877943 [0] NCCL INFO P2P is disabled between connected GPUs 1 and 0. You can repress this message with NCCL_IGNORE_DISABLED_P2P=1.
gpu28:877943:877943 [0] NCCL INFO P2P is disabled between connected GPUs 0 and 1. You can repress this message with NCCL_IGNORE_DISABLED_P2P=1.
gpu28:877943:877943 [0] NCCL INFO P2P is disabled between connected GPUs 1 and 0. You can repress this message with NCCL_IGNORE_DISABLED_P2P=1.
gpu28:877943:877943 [0] NCCL INFO P2P is disabled between connected GPUs 0 and 1. You can repress this message with NCCL_IGNORE_DISABLED_P2P=1.
gpu28:877943:877943 [0] NCCL INFO ncclTopoGetCpuAffinity: Affinity for GPU 0 is 4-9,28-33. (GPU affinity = 0-11,24-35 ; CPU affinity = 4-9,28-33).
gpu28:877943:877943 [0] NCCL INFO NVLS multicast support is not available on dev 0 (NVLS_NCHANNELS 0)
gpu28:877943:877943 [0] NCCL INFO comm 0x5dc3ed259360 rank 0 nRanks 2 nNodes 1 localRanks 2 localRank 0 MNNVL 0
gpu28:877943:877943 [0] NCCL INFO Channel 00/02 : 0 1
gpu28:877943:877943 [0] NCCL INFO Channel 01/02 : 0 1
gpu28:877943:877943 [0] NCCL INFO Trees [0] 1/-1/-1->0->-1 [1] 1/-1/-1->0->-1
gpu28:877943:877943 [0] NCCL INFO P2P Chunksize set to 131072
gpu28:877943:877943 [0] NCCL INFO Check P2P Type isAllDirectP2p 0 directMode 0 isAllCudaP2p 0
gpu28:877943:878349 [0] NCCL INFO [Proxy Service] Device 0 CPU core 6
gpu28:877943:878351 [0] NCCL INFO [Proxy Service UDS] Device 0 CPU core 4
gpu28:877943:877943 [0] NCCL INFO NCCL_ALGO set by environment to ^NVLS
gpu28:877943:877943 [0] NCCL INFO Enabled NCCL Func/Proto/Algo Matrix:
     Function |       LL     LL128    Simple   |          Tree           Ring  CollNetDirect   CollNetChain           NVLS       NVLSTree            PAT  
    Broadcast |        1         2         1   |             1              1              1              1              0              1              1  
       Reduce |        1         2         1   |             1              1              1              1              0              1              1  
    AllGather |        1         2         1   |             1              1              1              1              0              1              1  
ReduceScatter |        1         2         1   |             1              1              1              1              0              1              1  
    AllReduce |        1         2         1   |             1              1              1              1              0              1              1  

gpu28:877943:877943 [0] NCCL INFO threadThresholds 8/8/64 | 16/8/64 | 512 | 512
gpu28:877943:877943 [0] NCCL INFO 2 coll channels, 2 collnet channels, 0 nvls channels, 2 p2p channels, 2 p2p channels per peer
gpu28:877943:877943 [0] NCCL INFO CC Off, workFifoBytes 1048576
gpu28:877943:877943 [0] NCCL INFO ncclCommSplit comm 0x5dc3ed259360 rank 0 nranks 2 cudaDev 0 nvmlDev 0 busId 1c000 parent 0x5dc3e868cd90 splitCount 1 color 2130503744 key 0 - Init COMPLETE
gpu28:877943:877943 [0] NCCL INFO Init timings - ncclCommSplit: rank 0 nranks 2 total 0.12 (kernels 0.00, alloc 0.00, bootstrap 0.00, allgathers 0.01, topo 0.03, graphs 0.00, connections 0.00, rest 0.08)
gpu28:877943:877943 [0] NCCL INFO Channel 00 : 0[{"rank": 1, "initial_padding": {"partition_source_sha256": "8b3c65d20fada0fc85c3685615b0da65247f4e8739313ca1de01b1a3102f2500", "new_partitions": 15, "padding_elements_initialized": 1, "nonfinite_padding_before_initialization": 1}}
{"rank": 0, "initial_padding": {"partition_source_sha256": "8b3c65d20fada0fc85c3685615b0da65247f4e8739313ca1de01b1a3102f2500", "new_partitions": 15, "padding_elements_initialized": 0, "nonfinite_padding_before_initialization": 0}}
gpu28:877944:877944 [1] NCCL INFO ENV/Plugin: Could not find: libnccl-env.so
gpu28:877944:877944 [1] NCCL INFO cudaDriverVersion 13030
gpu28:877944:877944 [1] NCCL INFO Bootstrap: Using eno0np0:137.189.88.75<0>
gpu28:877944:877944 [1] NCCL INFO NCCL version 2.28.9+cuda12.9
gpu28:877944:877944 [1] NCCL INFO Comm config Blocking set to 1
gpu28:877944:877944 [1] NCCL INFO NET/Plugin: Could not find: libnccl-net.so
gpu28:877944:877944 [1] NCCL INFO NET/Socket : Using [0]eno0np0:137.189.88.75<0>
gpu28:877944:877944 [1] NCCL INFO Initialized NET plugin Socket
gpu28:877944:877944 [1] NCCL INFO Assigned NET plugin Socket to comm
gpu28:877944:877944 [1] NCCL INFO Using network Socket
gpu28:877944:877944 [1] NCCL INFO ncclCommInitRankConfig comm 0x5d2b6e04ae30 rank 1 nranks 2 cudaDev 1 nvmlDev 1 busId 1d000 commId 0x8013a3189c5e7862 - Init START

[2026-09-06 08:10:11] gpu28:877944:877944 [1] ras/client_support.cc:179 NCCL WARN Call to bind failed: Address already in use
gpu28:877944:877944 [1] NCCL INFO RAS failed to establish a client listening socket at localhost:28028
gpu28:877944:877944 [1] NCCL INFO Bootstrap timings total 0.022463 (create 0.000373, send 0.000554, recv 0.001069, ring 0.000200, delay 0.000001)
gpu28:877944:877944 [1] NCCL INFO P2P is disabled between connected GPUs 1 and 0. You can repress this message with NCCL_IGNORE_DISABLED_P2P=1.
gpu28:877944:877944 [1] NCCL INFO P2P is disabled between connected GPUs 0 and 1. You can repress this message with NCCL_IGNORE_DISABLED_P2P=1.
gpu28:877944:877944 [1] NCCL INFO P2P is disabled between connected GPUs 1 and 0. You can repress this message with NCCL_IGNORE_DISABLED_P2P=1.
gpu28:877944:877944 [1] NCCL INFO P2P is disabled between connected GPUs 0 and 1. You can repress this message with NCCL_IGNORE_DISABLED_P2P=1.
gpu28:877944:877944 [1] NCCL INFO ncclTopoGetCpuAffinity: Affinity for GPU 1 is 4-9,28-33. (GPU affinity = 0-11,24-35 ; CPU affinity = 4-9,28-33).
gpu28:877944:877944 [1] NCCL INFO NVLS multicast support is not available on dev 1 (NVLS_NCHANNELS 0)
gpu28:877944:877944 [1] NCCL INFO comm 0x5d2b6e04ae30 rank 1 nRanks 2 nNodes 1 localRanks 2 localRank 1 MNNVL 0
gpu28:877944:877944 [1] NCCL INFO Trees [0] -1/-1/-1->1->0 [1] -1/-1/-1->1->0
gpu28:877944:877944 [1] NCCL INFO P2P Chunksize set to 131072
gpu28:877944:877944 [1] NCCL INFO PROFILER/Plugin: Could not find: libnccl-profiler.so
gpu28:877944:877944 [1] NCCL INFO Check P2P Type isAllDirectP2p 0 directMode 0 isAllCudaP2p 0
gpu28:877944:878133 [0] NCCL INFO [Proxy Service] Device 1 CPU core 4
gpu28:877944:878135 [0] NCCL INFO [Proxy Service UDS] Device 1 CPU core 28
gpu28:877944:877944 [1] NCCL INFO TUNER/Plugin: Could not find: libnccl-tuner.so
gpu28:877944:877944 [1] NCCL INFO NCCL_ALGO set by environment to ^NVLS
gpu28:877944:877944 [1] NCCL INFO threadThresholds 8/8/64 | 16/8/64 | 512 | 512
gpu28:877944:877944 [1] NCCL INFO 2 coll channels, 2 collnet channels, 0 nvls channels, 2 p2p channels, 2 p2p channels per peer
gpu28:877944:877944 [1] NCCL INFO ncclCommInitRankConfig comm 0x5d2b6e04ae30 rank 1 nranks 2 cudaDev 1 nvmlDev 1 busId 1d000 commId 0x8013a3189c5e7862 - Init COMPLETE
gpu28:877944:877944 [1] NCCL INFO Init timings - ncclCommInitRankConfig: rank 1 nranks 2 total 0.36 (kernels 0.29, alloc 0.01, bootstrap 0.02, allgathers 0.00, topo 0.03, graphs 0.00, connections 0.00, rest 0.00)
gpu28:877944:877944 [1] NCCL INFO Comm config Blocking set to 1
gpu28:877944:877944 [1] NCCL INFO Initialized NET plugin Socket
gpu28:877944:877944 [1] NCCL INFO Assigned NET plugin Socket to comm
gpu28:877944:877944 [1] NCCL INFO Using network Socket
gpu28:877944:877944 [1] NCCL INFO ncclCommSplit comm 0x5d2b72bc9b40 rank 1 nranks 2 cudaDev 1 nvmlDev 1 busId 1d000 parent 0x5d2b6e04ae30 splitCount 1 color 2130503744 key 1- Init START
gpu28:877944:877944 [1] NCCL INFO P2P is disabled between connected GPUs 1 and 0. You can repress this message with NCCL_IGNORE_DISABLED_P2P=1.
gpu28:877944:877944 [1] NCCL INFO P2P is disabled between connected GPUs 0 and 1. You can repress this message with NCCL_IGNORE_DISABLED_P2P=1.
gpu28:877944:877944 [1] NCCL INFO P2P is disabled between connected GPUs 1 and 0. You can repress this message with NCCL_IGNORE_DISABLED_P2P=1.
gpu28:877944:877944 [1] NCCL INFO P2P is disabled between connected GPUs 0 and 1. You can repress this message with NCCL_IGNORE_DISABLED_P2P=1.
gpu28:877944:877944 [1] NCCL INFO ncclTopoGetCpuAffinity: Affinity for GPU 1 is 4-9,28-33. (GPU affinity = 0-11,24-35 ; CPU affinity = 4-9,28-33).
gpu28:877944:877944 [1] NCCL INFO NVLS multicast support is not available on dev 1 (NVLS_NCHANNELS 0)
gpu28:877944:877944 [1] NCCL INFO comm 0x5d2b72bc9b40 rank 1 nRanks 2 nNodes 1 localRanks 2 localRank 1 MNNVL 0
gpu28:877944:877944 [1] NCCL INFO Trees [0] -1/-1/-1->1->0 [1] -1/-1/-1->1->0
gpu28:877944:877944 [1] NCCL INFO P2P Chunksize set to 131072
gpu28:877944:877944 [1] NCCL INFO Check P2P Type isAllDirectP2p 0 directMode 0 isAllCudaP2p 0
gpu28:877944:878350 [0] NCCL INFO [Proxy Service] Device 1 CPU core 33
gpu28:877944:878352 [0] NCCL INFO [Proxy Service UDS] Device 1 CPU core 8
gpu28:877944:877944 [1] NCCL INFO NCCL_ALGO set by environment to ^NVLS
gpu28:877944:877944 [1] NCCL INFO threadThresholds 8/8/64 | 16/8/64 | 512 | 512
gpu28:877944:877944 [1] NCCL INFO 2 coll channels, 2 collnet channels, 0 nvls channels, 2 p2p channels, 2 p2p channels per peer
gpu28:877944:877944 [1] NCCL INFO ncclCommSplit comm 0x5d2b72bc9b40 rank 1 nranks 2 cudaDev 1 nvmlDev 1 busId 1d000 parent 0x5d2b6e04ae30 splitCount 1 color 2130503744 key 1 - Init COMPLETE
gpu28:877944:877944 [1] NCCL INFO Init timings - ncclCommSplit: rank 1 nranks 2 total 0.05 (kernels 0.00, alloc 0.00, bootstrap 0.00, allgathers 0.00, topo 0.03, graphs 0.00, connections 0.00, rest 0.00)
gpu28:877944:877944 [1] NCCL INFO Channel 00 : 1[1] -> 0[0] via SHM/direct/direct
gpu28:877944:877944 [1] NCCL INFO Channel 01 : 1[1] -> 0[0] via SHM/direct/direct
gpu28:877944:877944 [1] NCCL INFO Connected all rings, use ring PXN 0 GDR 1
gpu28:877944:877944 [1] NCCL INFO Channel 00 : 1[1] -> 0[0] via SHM/direct/direct
gpu28:877944:877944 [1] NCCL INFO Channel 01 : 1[1] -> 0[0] via SHM/direct/direct
gpu28:877944:877944 [1] NCCL INFO Connected all rings, use ring PXN 0 GDR 1
gpu28:877944:877944 [1] NCCL INFO comm 0x5d2b72bc9b40 rank 1 nranks 2 cudaDev 1 busId 1d000 - Destroy COMPLETE
gpu28:877944:877944 [1] NCCL INFO comm 0x5d2b6e04ae30 rank 1 nranks 2 cudaDev 1 busId 1d000 - Destroy COMPLETE
0] -> 1[1] via SHM/direct/direct
gpu28:877943:877943 [0] NCCL INFO Channel 01 : 0[0] -> 1[1] via SHM/direct/direct
gpu28:877943:877943 [0] NCCL INFO Connected all rings, use ring PXN 0 GDR 1
gpu28:877943:877943 [0] NCCL INFO Channel 00 : 0[0] -> 1[1] via SHM/direct/direct
gpu28:877943:877943 [0] NCCL INFO Channel 01 : 0[0] -> 1[1] via SHM/direct/direct
gpu28:877943:877943 [0] NCCL INFO Connected all rings, use ring PXN 0 GDR 1
gpu28:877943:877943 [0] NCCL INFO comm 0x5dc3ed259360 rank 0 nranks 2 cudaDev 0 busId 1c000 - Destroy COMPLETE
gpu28:877943:877943 [0] NCCL INFO comm 0x5dc3e868cd90 rank 0 nranks 2 cudaDev 0 busId 1c000 - Destroy COMPLETE
gpu28:877944:877944 [1] NCCL INFO ENV/Plugin: Closing env plugin ncclEnvDefault
gpu28:877943:877943 [0] NCCL INFO ENV/Plugin: Closing env plugin ncclEnvDefault
{"completed": "full"}
gpu28:878367:878367 [0] NCCL INFO ENV/Plugin: Could not find: libnccl-env.so
gpu28:878367:878367 [0] NCCL INFO Bootstrap: Using eno0np0:137.189.88.75<0>
gpu28:878367:878367 [0] NCCL INFO cudaDriverVersion 13030
gpu28:878367:878367 [0] NCCL INFO NCCL version 2.28.9+cuda12.9
gpu28:878367:878367 [0] NCCL INFO Comm config Blocking set to 1
gpu28:878367:878367 [0] NCCL INFO NET/Plugin: Could not find: libnccl-net.so
gpu28:878367:878367 [0] NCCL INFO NET/Socket : Using [0]eno0np0:137.189.88.75<0>
gpu28:878367:878367 [0] NCCL INFO Initialized NET plugin Socket
gpu28:878367:878367 [0] NCCL INFO Assigned NET plugin Socket to comm
gpu28:878367:878367 [0] NCCL INFO Using network Socket
gpu28:878367:878367 [0] NCCL INFO ncclCommInitRankConfig comm 0x57ff1a91f6b0 rank 0 nranks 2 cudaDev 0 nvmlDev 0 busId 1c000 commId 0x8ee8ae2b47cc8b3f - Init START

[2026-09-06 08:11:48] gpu28:878367:878367 [0] ras/client_support.cc:179 NCCL WARN Call to bind failed: Address already in use
gpu28:878367:878367 [0] NCCL INFO RAS failed to establish a client listening socket at localhost:28028
gpu28:878367:878367 [0] NCCL INFO Bootstrap timings total 0.018313 (create 0.000572, send 0.000603, recv 0.001411, ring 0.013144, delay 0.000001)
gpu28:878367:878367 [0] NCCL INFO P2P is disabled between connected GPUs 1 and 0. You can repress this message with NCCL_IGNORE_DISABLED_P2P=1.
gpu28:878367:878367 [0] NCCL INFO P2P is disabled between connected GPUs 0 and 1. You can repress this message with NCCL_IGNORE_DISABLED_P2P=1.
gpu28:878367:878367 [0] NCCL INFO P2P is disabled between connected GPUs 1 and 0. You can repress this message with NCCL_IGNORE_DISABLED_P2P=1.
gpu28:878367:878367 [0] NCCL INFO P2P is disabled between connected GPUs 0 and 1. You can repress this message with NCCL_IGNORE_DISABLED_P2P=1.
gpu28:878367:878367 [0] NCCL INFO ncclTopoGetCpuAffinity: Affinity for GPU 0 is 4-9,28-33. (GPU affinity = 0-11,24-35 ; CPU affinity = 4-9,28-33).
gpu28:878367:878367 [0] NCCL INFO NVLS multicast support is not available on dev 0 (NVLS_NCHANNELS 0)
gpu28:878367:878367 [0] NCCL INFO comm 0x57ff1a91f6b0 rank 0 nRanks 2 nNodes 1 localRanks 2 localRank 0 MNNVL 0
gpu28:878367:878367 [0] NCCL INFO Channel 00/02 : 0 1
gpu28:878367:878367 [0] NCCL INFO Channel 01/02 : 0 1
gpu28:878367:878367 [0] NCCL INFO Trees [0] 1/-1/-1->0->-1 [1] 1/-1/-1->0->-1
gpu28:878367:878367 [0] NCCL INFO P2P Chunksize set to 131072
gpu28:878367:878367 [0] NCCL INFO PROFILER/Plugin: Could not find: libnccl-profiler.so
gpu28:878367:878367 [0] NCCL INFO Check P2P Type isAllDirectP2p 0 directMode 0 isAllCudaP2p 0
gpu28:878367:878459 [0] NCCL INFO [Proxy Service] Device 0 CPU core 28
gpu28:878367:878460 [0] NCCL INFO [Proxy Service UDS] Device 0 CPU core 31
gpu28:878367:878367 [0] NCCL INFO TUNER/Plugin: Could not find: libnccl-tuner.so
gpu28:878367:878367 [0] NCCL INFO NCCL_ALGO set by environment to ^NVLS
gpu28:878367:878367 [0] NCCL INFO Enabled NCCL Func/Proto/Algo Matrix:
     Function |       LL     LL128    Simple   |          Tree           Ring  CollNetDirect   CollNetChain           NVLS       NVLSTree            PAT  
    Broadcast |        1         2         1   |             1              1              1              1              0              1              1  
       Reduce |        1         2         1   |             1              1              1              1              0              1              1  
    AllGather |        1         2         1   |             1              1              1              1              0              1              1  
ReduceScatter |        1         2         1   |             1              1              1              1              0              1              1  
    AllReduce |        1         2         1   |             1              1              1              1              0              1              1  

gpu28:878367:878367 [0] NCCL INFO threadThresholds 8/8/64 | 16/8/64 | 512 | 512
gpu28:878367:878367 [0] NCCL INFO 2 coll channels, 2 collnet channels, 0 nvls channels, 2 p2p channels, 2 p2p channels per peer
gpu28:878367:878367 [0] NCCL INFO CC Off, workFifoBytes 1048576
gpu28:878367:878367 [0] NCCL INFO ncclCommInitRankConfig comm 0x57ff1a91f6b0 rank 0 nranks 2 cudaDev 0 nvmlDev 0 busId 1c000 commId 0x8ee8ae2b47cc8b3f - Init COMPLETE
gpu28:878367:878367 [0] NCCL INFO Init timings - ncclCommInitRankConfig: rank 0 nranks 2 total 0.35 (kernels 0.29, alloc 0.01, bootstrap 0.02, allgathers 0.00, topo 0.03, graphs 0.00, connections 0.00, rest 0.00)
gpu28:878367:878367 [0] NCCL INFO Comm config Blocking set to 1
gpu28:878367:878367 [0] NCCL INFO Initialized NET plugin Socket
gpu28:878367:878367 [0] NCCL INFO Assigned NET plugin Socket to comm
gpu28:878367:878367 [0] NCCL INFO Using network Socket
gpu28:878367:878367 [0] NCCL INFO ncclCommSplit comm 0x57ff1f4e9df0 rank 0 nranks 2 cudaDev 0 nvmlDev 0 busId 1c000 parent 0x57ff1a91f6b0 splitCount 1 color 2130503744 key 0- Init START
gpu28:878367:878367 [0] NCCL INFO P2P is disabled between connected GPUs 1 and 0. You can repress this message with NCCL_IGNORE_DISABLED_P2P=1.
gpu28:878367:878367 [0] NCCL INFO P2P is disabled between connected GPUs 0 and 1. You can repress this message with NCCL_IGNORE_DISABLED_P2P=1.
gpu28:878367:878367 [0] NCCL INFO P2P is disabled between connected GPUs 1 and 0. You can repress this message with NCCL_IGNORE_DISABLED_P2P=1.
gpu28:878367:878367 [0] NCCL INFO P2P is disabled between connected GPUs 0 and 1. You can repress this message with NCCL_IGNORE_DISABLED_P2P=1.
gpu28:878367:878367 [0] NCCL INFO ncclTopoGetCpuAffinity: Affinity for GPU 0 is 4-9,28-33. (GPU affinity = 0-11,24-35 ; CPU affinity = 4-9,28-33).
gpu28:878367:878367 [0] NCCL INFO NVLS multicast support is not available on dev 0 (NVLS_NCHANNELS 0)
gpu28:878367:878367 [0] NCCL INFO comm 0x57ff1f4e9df0 rank 0 nRanks 2 nNodes 1 localRanks 2 localRank 0 MNNVL 0
gpu28:878367:878367 [0] NCCL INFO Channel 00/02 : 0 1
gpu28:878367:878367 [0] NCCL INFO Channel 01/02 : 0 1
gpu28:878367:878367 [0] NCCL INFO Trees [0] 1/-1/-1->0->-1 [1] 1/-1/-1->0->-1
gpu28:878367:878367 [0] NCCL INFO P2P Chunksize set to 131072
gpu28:878367:878367 [0] NCCL INFO Check P2P Type isAllDirectP2p 0 directMode 0 isAllCudaP2p 0
gpu28:878367:878532 [0] NCCL INFO [Proxy Service] Device 0 CPU core 9
gpu28:878367:878534 [0] NCCL INFO [Proxy Service UDS] Device 0 CPU core 7
gpu28:878367:878367 [0] NCCL INFO NCCL_ALGO set by environment to ^NVLS
gpu28:878367:878367 [0] NCCL INFO Enabled NCCL Func/Proto/Algo Matrix:
     Function |       LL     LL128    Simple   |          Tree           Ring  CollNetDirect   CollNetChain           NVLS       NVLSTree            PAT  
    Broadcast |        1         2         1   |             1              1              1              1              0              1              1  
       Reduce |        1         2         1   |             1              1              1              1              0              1              1  
    AllGather |        1         2         1   |             1              1              1              1              0              1              1  
ReduceScatter |        1         2         1   |             1              1              1              1              0              1              1  
    AllReduce |        1         2         1   |             1              1              1              1              0              1              1  

gpu28:878367:878367 [0] NCCL INFO threadThresholds 8/8/64 | 16/8/64 | 512 | 512
gpu28:878367:878367 [0] NCCL INFO 2 coll channels, 2 collnet channels, 0 nvls channels, 2 p2p channels, 2 p2p channels per peer
gpu28:878367:878367 [0] NCCL INFO CC Off, workFifoBytes 1048576
gpu28:878367:878367 [0] NCCL INFO ncclCommSplit comm 0x57ff1f4e9df0 rank 0 nranks 2 cudaDev 0 nvmlDev 0 busId 1c000 parent 0x57ff1a91f6b0 splitCount 1 color 2130503744 key 0 - Init COMPLETE
gpu28:878367:878367 [0] NCCL INFO Init timings - ncclCommSplit: rank 0 nranks 2 total 0.13 (kernels 0.00, alloc 0.00, bootstrap 0.01, allgathers 0.00, topo 0.05, graphs 0.00, connections 0.01, rest 0.06)
gpu28:878367:878367 [0] NCCL INFO Channel 00 : 0{"rank": 1, "initial_padding": {"partition_source_sha256": "8b3c65d20fada0fc85c3685615b0da65247f4e8739313ca1de01b1a3102f2500", "new_partitions": 15, "padding_elements_initialized": 1, "nonfinite_padding_before_initialization": 1}}
{"rank": 0, "initial_padding": {"partition_source_sha256": "8b3c65d20fada0fc85c3685615b0da65247f4e8739313ca1de01b1a3102f2500", "new_partitions": 15, "padding_elements_initialized": 0, "nonfinite_padding_before_initialization": 0}}
[0] -> 1[1] via SHM/direct/direct
gpu28:878367:878367 [0] NCCL INFO Channel 01 : 0[0] -> 1[1] via SHM/direct/direct
gpu28:878367:878367 [0] NCCL INFO Connected all rings, use ring PXN 0 GDR 1
gpu28:878367:878367 [0] NCCL INFO Channel 00 : 0[0] -> 1[1] via SHM/direct/direct
gpu28:878367:878367 [0] NCCL INFO Channel 01 : 0[0] -> 1[1] via SHM/direct/direct
gpu28:878367:878367 [0] NCCL INFO Connected all rings, use ring PXN 0 GDR 1
gpu28:878367:878367 [0] NCCL INFO comm 0x57ff1f4e9df0 rank 0 nranks 2 cudaDev 0 busId 1c000 - Destroy COMPLETE
gpu28:878367:878367 [0] NCCL INFO comm 0x57ff1a91f6b0 rank 0 nranks 2 cudaDev 0 busId 1c000 - Destroy COMPLETE
gpu28:878368:878368 [1] NCCL INFO ENV/Plugin: Could not find: libnccl-env.so
gpu28:878368:878368 [1] NCCL INFO cudaDriverVersion 13030
gpu28:878368:878368 [1] NCCL INFO Bootstrap: Using eno0np0:137.189.88.75<0>
gpu28:878368:878368 [1] NCCL INFO NCCL version 2.28.9+cuda12.9
gpu28:878368:878368 [1] NCCL INFO Comm config Blocking set to 1
gpu28:878368:878368 [1] NCCL INFO NET/Plugin: Could not find: libnccl-net.so
gpu28:878368:878368 [1] NCCL INFO NET/Socket : Using [0]eno0np0:137.189.88.75<0>
gpu28:878368:878368 [1] NCCL INFO Initialized NET plugin Socket
gpu28:878368:878368 [1] NCCL INFO Assigned NET plugin Socket to comm
gpu28:878368:878368 [1] NCCL INFO Using network Socket
gpu28:878368:878368 [1] NCCL INFO ncclCommInitRankConfig comm 0x596059227780 rank 1 nranks 2 cudaDev 1 nvmlDev 1 busId 1d000 commId 0x8ee8ae2b47cc8b3f - Init START

[2026-09-06 08:11:48] gpu28:878368:878368 [1] ras/client_support.cc:179 NCCL WARN Call to bind failed: Address already in use
gpu28:878368:878368 [1] NCCL INFO RAS failed to establish a client listening socket at localhost:28028
gpu28:878368:878368 [1] NCCL INFO Bootstrap timings total 0.035809 (create 0.000512, send 0.000634, recv 0.018380, ring 0.000184, delay 0.000001)
gpu28:878368:878368 [1] NCCL INFO P2P is disabled between connected GPUs 1 and 0. You can repress this message with NCCL_IGNORE_DISABLED_P2P=1.
gpu28:878368:878368 [1] NCCL INFO P2P is disabled between connected GPUs 0 and 1. You can repress this message with NCCL_IGNORE_DISABLED_P2P=1.
gpu28:878368:878368 [1] NCCL INFO P2P is disabled between connected GPUs 1 and 0. You can repress this message with NCCL_IGNORE_DISABLED_P2P=1.
gpu28:878368:878368 [1] NCCL INFO P2P is disabled between connected GPUs 0 and 1. You can repress this message with NCCL_IGNORE_DISABLED_P2P=1.
gpu28:878368:878368 [1] NCCL INFO ncclTopoGetCpuAffinity: Affinity for GPU 1 is 4-9,28-33. (GPU affinity = 0-11,24-35 ; CPU affinity = 4-9,28-33).
gpu28:878368:878368 [1] NCCL INFO NVLS multicast support is not available on dev 1 (NVLS_NCHANNELS 0)
gpu28:878368:878368 [1] NCCL INFO comm 0x596059227780 rank 1 nRanks 2 nNodes 1 localRanks 2 localRank 1 MNNVL 0
gpu28:878368:878368 [1] NCCL INFO Trees [0] -1/-1/-1->1->0 [1] -1/-1/-1->1->0
gpu28:878368:878368 [1] NCCL INFO P2P Chunksize set to 131072
gpu28:878368:878368 [1] NCCL INFO PROFILER/Plugin: Could not find: libnccl-profiler.so
gpu28:878368:878368 [1] NCCL INFO Check P2P Type isAllDirectP2p 0 directMode 0 isAllCudaP2p 0
gpu28:878368:878458 [0] NCCL INFO [Proxy Service] Device 1 CPU core 9
gpu28:878368:878461 [0] NCCL INFO [Proxy Service UDS] Device 1 CPU core 5
gpu28:878368:878368 [1] NCCL INFO TUNER/Plugin: Could not find: libnccl-tuner.so
gpu28:878368:878368 [1] NCCL INFO NCCL_ALGO set by environment to ^NVLS
gpu28:878368:878368 [1] NCCL INFO threadThresholds 8/8/64 | 16/8/64 | 512 | 512
gpu28:878368:878368 [1] NCCL INFO 2 coll channels, 2 collnet channels, 0 nvls channels, 2 p2p channels, 2 p2p channels per peer
gpu28:878368:878368 [1] NCCL INFO ncclCommInitRankConfig comm 0x596059227780 rank 1 nranks 2 cudaDev 1 nvmlDev 1 busId 1d000 commId 0x8ee8ae2b47cc8b3f - Init COMPLETE
gpu28:878368:878368 [1] NCCL INFO Init timings - ncclCommInitRankConfig: rank 1 nranks 2 total 0.34 (kernels 0.27, alloc 0.01, bootstrap 0.04, allgathers 0.00, topo 0.03, graphs 0.00, connections 0.00, rest 0.00)
gpu28:878368:878368 [1] NCCL INFO Comm config Blocking set to 1
gpu28:878368:878368 [1] NCCL INFO Initialized NET plugin Socket
gpu28:878368:878368 [1] NCCL INFO Assigned NET plugin Socket to comm
gpu28:878368:878368 [1] NCCL INFO Using network Socket
gpu28:878368:878368 [1] NCCL INFO ncclCommSplit comm 0x59605ddeff40 rank 1 nranks 2 cudaDev 1 nvmlDev 1 busId 1d000 parent 0x596059227780 splitCount 1 color 2130503744 key 1- Init START
gpu28:878368:878368 [1] NCCL INFO P2P is disabled between connected GPUs 1 and 0. You can repress this message with NCCL_IGNORE_DISABLED_P2P=1.
gpu28:878368:878368 [1] NCCL INFO P2P is disabled between connected GPUs 0 and 1. You can repress this message with NCCL_IGNORE_DISABLED_P2P=1.
gpu28:878368:878368 [1] NCCL INFO P2P is disabled between connected GPUs 1 and 0. You can repress this message with NCCL_IGNORE_DISABLED_P2P=1.
gpu28:878368:878368 [1] NCCL INFO P2P is disabled between connected GPUs 0 and 1. You can repress this message with NCCL_IGNORE_DISABLED_P2P=1.
gpu28:878368:878368 [1] NCCL INFO ncclTopoGetCpuAffinity: Affinity for GPU 1 is 4-9,28-33. (GPU affinity = 0-11,24-35 ; CPU affinity = 4-9,28-33).
gpu28:878368:878368 [1] NCCL INFO NVLS multicast support is not available on dev 1 (NVLS_NCHANNELS 0)
gpu28:878368:878368 [1] NCCL INFO comm 0x59605ddeff40 rank 1 nRanks 2 nNodes 1 localRanks 2 localRank 1 MNNVL 0
gpu28:878368:878368 [1] NCCL INFO Trees [0] -1/-1/-1->1->0 [1] -1/-1/-1->1->0
gpu28:878368:878368 [1] NCCL INFO P2P Chunksize set to 131072
gpu28:878368:878368 [1] NCCL INFO Check P2P Type isAllDirectP2p 0 directMode 0 isAllCudaP2p 0
gpu28:878368:878531 [0] NCCL INFO [Proxy Service] Device 1 CPU core 4
gpu28:878368:878533 [0] NCCL INFO [Proxy Service UDS] Device 1 CPU core 29
gpu28:878368:878368 [1] NCCL INFO NCCL_ALGO set by environment to ^NVLS
gpu28:878368:878368 [1] NCCL INFO threadThresholds 8/8/64 | 16/8/64 | 512 | 512
gpu28:878368:878368 [1] NCCL INFO 2 coll channels, 2 collnet channels, 0 nvls channels, 2 p2p channels, 2 p2p channels per peer
gpu28:878368:878368 [1] NCCL INFO ncclCommSplit comm 0x59605ddeff40 rank 1 nranks 2 cudaDev 1 nvmlDev 1 busId 1d000 parent 0x596059227780 splitCount 1 color 2130503744 key 1 - Init COMPLETE
gpu28:878368:878368 [1] NCCL INFO Init timings - ncclCommSplit: rank 1 nranks 2 total 0.07 (kernels 0.00, alloc 0.00, bootstrap 0.01, allgathers 0.00, topo 0.05, graphs 0.00, connections 0.01, rest 0.00)
gpu28:878368:878368 [1] NCCL INFO Channel 00 : 1[1] -> 0[0] via SHM/direct/direct
gpu28:878368:878368 [1] NCCL INFO Channel 01 : 1[1] -> 0[0] via SHM/direct/direct
gpu28:878368:878368 [1] NCCL INFO Connected all rings, use ring PXN 0 GDR 1
gpu28:878368:878368 [1] NCCL INFO Channel 00 : 1[1] -> 0[0] via SHM/direct/direct
gpu28:878368:878368 [1] NCCL INFO Channel 01 : 1[1] -> 0[0] via SHM/direct/direct
gpu28:878368:878368 [1] NCCL INFO Connected all rings, use ring PXN 0 GDR 1
gpu28:878368:878368 [1] NCCL INFO comm 0x59605ddeff40 rank 1 nranks 2 cudaDev 1 busId 1d000 - Destroy COMPLETE
gpu28:878368:878368 [1] NCCL INFO comm 0x596059227780 rank 1 nranks 2 cudaDev 1 busId 1d000 - Destroy COMPLETE
gpu28:878368:878368 [1] NCCL INFO ENV/Plugin: Closing env plugin ncclEnvDefault
gpu28:878367:878367 [0] NCCL INFO ENV/Plugin: Closing env plugin ncclEnvDefault
{"completed": "prefix2"}
gpu28:878549:878549 [0] NCCL INFO ENV/Plugin: Could not find: libnccl-env.so
gpu28:878549:878549 [0] NCCL INFO Bootstrap: Using eno0np0:137.189.88.75<0>
gpu28:878549:878549 [0] NCCL INFO cudaDriverVersion 13030
gpu28:878549:878549 [0] NCCL INFO NCCL version 2.28.9+cuda12.9
gpu28:878549:878549 [0] NCCL INFO Comm config Blocking set to 1
gpu28:878549:878549 [0] NCCL INFO NET/Plugin: Could not find: libnccl-net.so
gpu28:878549:878549 [0] NCCL INFO NET/Socket : Using [0]eno0np0:137.189.88.75<0>
gpu28:878549:878549 [0] NCCL INFO Initialized NET plugin Socket
gpu28:878549:878549 [0] NCCL INFO Assigned NET plugin Socket to comm
gpu28:878549:878549 [0] NCCL INFO Using network Socket
gpu28:878549:878549 [0] NCCL INFO ncclCommInitRankConfig comm 0x5df872067aa0 rank 0 nranks 2 cudaDev 0 nvmlDev 0 busId 1c000 commId 0x34fbed08bb15ab82 - Init START

[2026-09-06 08:12:28] gpu28:878549:878549 [0] ras/client_support.cc:179 NCCL WARN Call to bind failed: Address already in use
gpu28:878549:878549 [0] NCCL INFO RAS failed to establish a client listening socket at localhost:28028
gpu28:878549:878549 [0] NCCL INFO Bootstrap timings total 0.012882 (create 0.000547, send 0.000622, recv 0.000964, ring 0.008169, delay 0.000001)
gpu28:878549:878549 [0] NCCL INFO P2P is disabled between connected GPUs 1 and 0. You can repress this message with NCCL_IGNORE_DISABLED_P2P=1.
gpu28:878549:878549 [0] NCCL INFO P2P is disabled between connected GPUs 0 and 1. You can repress this message with NCCL_IGNORE_DISABLED_P2P=1.
gpu28:878549:878549 [0] NCCL INFO P2P is disabled between connected GPUs 1 and 0. You can repress this message with NCCL_IGNORE_DISABLED_P2P=1.
gpu28:878549:878549 [0] NCCL INFO P2P is disabled between connected GPUs 0 and 1. You can repress this message with NCCL_IGNORE_DISABLED_P2P=1.
gpu28:878549:878549 [0] NCCL INFO ncclTopoGetCpuAffinity: Affinity for GPU 0 is 4-9,28-33. (GPU affinity = 0-11,24-35 ; CPU affinity = 4-9,28-33).
gpu28:878549:878549 [0] NCCL INFO NVLS multicast support is not available on dev 0 (NVLS_NCHANNELS 0)
gpu28:878549:878549 [0] NCCL INFO comm 0x5df872067aa0 rank 0 nRanks 2 nNodes 1 localRanks 2 localRank 0 MNNVL 0
gpu28:878549:878549 [0] NCCL INFO Channel 00/02 : 0 1
gpu28:878549:878549 [0] NCCL INFO Channel 01/02 : 0 1
gpu28:878549:878549 [0] NCCL INFO Trees [0] 1/-1/-1->0->-1 [1] 1/-1/-1->0->-1
gpu28:878549:878549 [0] NCCL INFO P2P Chunksize set to 131072
gpu28:878549:878549 [0] NCCL INFO PROFILER/Plugin: Could not find: libnccl-profiler.so
gpu28:878549:878549 [0] NCCL INFO Check P2P Type isAllDirectP2p 0 directMode 0 isAllCudaP2p 0
gpu28:878549:878649 [0] NCCL INFO [Proxy Service] Device 0 CPU core 7
gpu28:878549:878651 [0] NCCL INFO [Proxy Service UDS] Device 0 CPU core 5
gpu28:878549:878549 [0] NCCL INFO TUNER/Plugin: Could not find: libnccl-tuner.so
gpu28:878549:878549 [0] NCCL INFO NCCL_ALGO set by environment to ^NVLS
gpu28:878549:878549 [0] NCCL INFO Enabled NCCL Func/Proto/Algo Matrix:
     Function |       LL     LL128    Simple   |          Tree           Ring  CollNetDirect   CollNetChain           NVLS       NVLSTree            PAT  
    Broadcast |        1         2         1   |             1              1              1              1              0              1              1  
       Reduce |        1         2         1   |             1              1              1              1              0              1              1  
    AllGather |        1         2         1   |             1              1              1              1              0              1              1  
ReduceScatter |        1         2         1   |             1              1              1              1              0              1              1  
    AllReduce |        1         2         1   |             1              1              1              1              0              1              1  

gpu28:878549:878549 [0] NCCL INFO threadThresholds 8/8/64 | 16/8/64 | 512 | 512
gpu28:878549:878549 [0] NCCL INFO 2 coll channels, 2 collnet channels, 0 nvls channels, 2 p2p channels, 2 p2p channels per peer
gpu28:878549:878549 [0] NCCL INFO CC Off, workFifoBytes 1048576
gpu28:878549:878549 [0] NCCL INFO ncclCommInitRankConfig comm 0x5df872067aa0 rank 0 nranks 2 cudaDev 0 nvmlDev 0 busId 1c000 commId 0x34fbed08bb15ab82 - Init COMPLETE
gpu28:878549:878549 [0] NCCL INFO Init timings - ncclCommInitRankConfig: rank 0 nranks 2 total 0.34 (kernels 0.29, alloc 0.01, bootstrap 0.01, allgathers 0.00, topo 0.02, graphs 0.00, connections 0.00, rest 0.00)
gpu28:878549:878549 [0] NCCL INFO Comm config Blocking set to 1
gpu28:878549:878549 [0] NCCL INFO Initialized NET plugin Socket
gpu28:878549:878549 [0] NCCL INFO Assigned NET plugin Socket to comm
gpu28:878549:878549 [0] NCCL INFO Using network Socket
gpu28:878549:878549 [0] NCCL INFO ncclCommSplit comm 0x5df876c309c0 rank 0 nranks 2 cudaDev 0 nvmlDev 0 busId 1c000 parent 0x5df872067aa0 splitCount 1 color 2130503744 key 0- Init START
gpu28:878549:878549 [0] NCCL INFO P2P is disabled between connected GPUs 1 and 0. You can repress this message with NCCL_IGNORE_DISABLED_P2P=1.
gpu28:878549:878549 [0] NCCL INFO P2P is disabled between connected GPUs 0 and 1. You can repress this message with NCCL_IGNORE_DISABLED_P2P=1.
gpu28:878549:878549 [0] NCCL INFO P2P is disabled between connected GPUs 1 and 0. You can repress this message with NCCL_IGNORE_DISABLED_P2P=1.
gpu28:878549:878549 [0] NCCL INFO P2P is disabled between connected GPUs 0 and 1. You can repress this message with NCCL_IGNORE_DISABLED_P2P=1.
gpu28:878549:878549 [0] NCCL INFO ncclTopoGetCpuAffinity: Affinity for GPU 0 is 4-9,28-33. (GPU affinity = 0-11,24-35 ; CPU affinity = 4-9,28-33).
gpu28:878549:878549 [0] NCCL INFO NVLS multicast support is not available on dev 0 (NVLS_NCHANNELS 0)
gpu28:878549:878549 [0] NCCL INFO comm 0x5df876c309c0 rank 0 nRanks 2 nNodes 1 localRanks 2 localRank 0 MNNVL 0
gpu28:878549:878549 [0] NCCL INFO Channel 00/02 : 0 1
gpu28:878549:878549 [0] NCCL INFO Channel 01/02 : 0 1
gpu28:878549:878549 [0] NCCL INFO Trees [0] 1/-1/-1->0->-1 [1] 1/-1/-1->0->-1
gpu28:878549:878549 [0] NCCL INFO P2P Chunksize set to 131072
gpu28:878549:878549 [0] NCCL INFO Check P2P Type isAllDirectP2p 0 directMode 0 isAllCudaP2p 0
gpu28:878549:878721 [0] NCCL INFO [Proxy Service] Device 0 CPU core 7
gpu28:878549:878723 [0] NCCL INFO [Proxy Service UDS] Device 0 CPU core 33
gpu28:878549:878549 [0] NCCL INFO NCCL_ALGO set by environment to ^NVLS
gpu28:878549:878549 [0] NCCL INFO Enabled NCCL Func/Proto/Algo Matrix:
     Function |       LL     LL128    Simple   |          Tree           Ring  CollNetDirect   CollNetChain           NVLS       NVLSTree            PAT  
    Broadcast |        1         2         1   |             1              1              1              1              0              1              1  
       Reduce |        1         2         1   |             1              1              1              1              0              1              1  
    AllGather |        1         2         1   |             1              1              1              1              0              1              1  
ReduceScatter |        1         2         1   |             1              1              1              1              0              1              1  
    AllReduce |        1         2         1   |             1              1              1              1              0              1              1  

gpu28:878549:878549 [0] NCCL INFO threadThresholds 8/8/64 | 16/8/64 | 512 | 512
gpu28:878549:878549 [0] NCCL INFO 2 coll channels, 2 collnet channels, 0 nvls channels, 2 p2p channels, 2 p2p channels per peer
gpu28:878549:878549 [0] NCCL INFO CC Off, workFifoBytes 1048576
gpu28:878549:878549 [0] NCCL INFO ncclCommSplit comm 0x5df876c309c0 rank 0 nranks 2 cudaDev 0 nvmlDev 0 busId 1c000 parent 0x5df872067aa0 splitCount 1 color 2130503744 key 0 - Init COMPLETE
gpu28:878549:878549 [0] NCCL INFO Init timings - ncclCommSplit: rank 0 nranks 2 total 0.05 (kernels 0.00, alloc 0.00, bootstrap 0.00, allgathers 0.00, topo 0.03, graphs 0.00, connections 0.01, rest 0.00)
gpu28:878549:878549 [0] NCCL INFO Channel 00 : 0[{"rank": 1, "initial_padding": {"partition_source_sha256": "8b3c65d20fada0fc85c3685615b0da65247f4e8739313ca1de01b1a3102f2500", "new_partitions": 15, "padding_elements_initialized": 1, "nonfinite_padding_before_initialization": 1}}
{"rank": 0, "initial_padding": {"partition_source_sha256": "8b3c65d20fada0fc85c3685615b0da65247f4e8739313ca1de01b1a3102f2500", "new_partitions": 15, "padding_elements_initialized": 0, "nonfinite_padding_before_initialization": 0}}
0] -> 1[1] via SHM/direct/direct
gpu28:878549:878549 [0] NCCL INFO Channel 01 : 0[0] -> 1[1] via SHM/direct/direct
gpu28:878549:878549 [0] NCCL INFO Connected all rings, use ring PXN 0 GDR 1
gpu28:878549:878549 [0] NCCL INFO Channel 00 : 0[0] -> 1[1] via SHM/direct/direct
gpu28:878549:878549 [0] NCCL INFO Channel 01 : 0[0] -> 1[1] via SHM/direct/direct
gpu28:878549:878549 [0] NCCL INFO Connected all rings, use ring PXN 0 GDR 1
gpu28:878549:878549 [0] NCCL INFO comm 0x5df876c309c0 rank 0 nranks 2 cudaDev 0 busId 1c000 - Destroy COMPLETE
gpu28:878549:878549 [0] NCCL INFO comm 0x5df872067aa0 rank 0 nranks 2 cudaDev 0 busId 1c000 - Destroy COMPLETE
gpu28:878550:878550 [1] NCCL INFO ENV/Plugin: Could not find: libnccl-env.so
gpu28:878550:878550 [1] NCCL INFO cudaDriverVersion 13030
gpu28:878550:878550 [1] NCCL INFO Bootstrap: Using eno0np0:137.189.88.75<0>
gpu28:878550:878550 [1] NCCL INFO NCCL version 2.28.9+cuda12.9
gpu28:878550:878550 [1] NCCL INFO Comm config Blocking set to 1
gpu28:878550:878550 [1] NCCL INFO NET/Plugin: Could not find: libnccl-net.so
gpu28:878550:878550 [1] NCCL INFO NET/Socket : Using [0]eno0np0:137.189.88.75<0>
gpu28:878550:878550 [1] NCCL INFO Initialized NET plugin Socket
gpu28:878550:878550 [1] NCCL INFO Assigned NET plugin Socket to comm
gpu28:878550:878550 [1] NCCL INFO Using network Socket
gpu28:878550:878550 [1] NCCL INFO ncclCommInitRankConfig comm 0x60e569df5560 rank 1 nranks 2 cudaDev 1 nvmlDev 1 busId 1d000 commId 0x34fbed08bb15ab82 - Init START

[2026-09-06 08:12:28] gpu28:878550:878550 [1] ras/client_support.cc:179 NCCL WARN Call to bind failed: Address already in use
gpu28:878550:878550 [1] NCCL INFO RAS failed to establish a client listening socket at localhost:28028
gpu28:878550:878550 [1] NCCL INFO Bootstrap timings total 0.020906 (create 0.000500, send 0.000623, recv 0.008600, ring 0.000163, delay 0.000001)
gpu28:878550:878550 [1] NCCL INFO P2P is disabled between connected GPUs 1 and 0. You can repress this message with NCCL_IGNORE_DISABLED_P2P=1.
gpu28:878550:878550 [1] NCCL INFO P2P is disabled between connected GPUs 0 and 1. You can repress this message with NCCL_IGNORE_DISABLED_P2P=1.
gpu28:878550:878550 [1] NCCL INFO P2P is disabled between connected GPUs 1 and 0. You can repress this message with NCCL_IGNORE_DISABLED_P2P=1.
gpu28:878550:878550 [1] NCCL INFO P2P is disabled between connected GPUs 0 and 1. You can repress this message with NCCL_IGNORE_DISABLED_P2P=1.
gpu28:878550:878550 [1] NCCL INFO ncclTopoGetCpuAffinity: Affinity for GPU 1 is 4-9,28-33. (GPU affinity = 0-11,24-35 ; CPU affinity = 4-9,28-33).
gpu28:878550:878550 [1] NCCL INFO NVLS multicast support is not available on dev 1 (NVLS_NCHANNELS 0)
gpu28:878550:878550 [1] NCCL INFO comm 0x60e569df5560 rank 1 nRanks 2 nNodes 1 localRanks 2 localRank 1 MNNVL 0
gpu28:878550:878550 [1] NCCL INFO Trees [0] -1/-1/-1->1->0 [1] -1/-1/-1->1->0
gpu28:878550:878550 [1] NCCL INFO P2P Chunksize set to 131072
gpu28:878550:878550 [1] NCCL INFO PROFILER/Plugin: Could not find: libnccl-profiler.so
gpu28:878550:878550 [1] NCCL INFO Check P2P Type isAllDirectP2p 0 directMode 0 isAllCudaP2p 0
gpu28:878550:878648 [0] NCCL INFO [Proxy Service] Device 1 CPU core 31
gpu28:878550:878650 [0] NCCL INFO [Proxy Service UDS] Device 1 CPU core 6
gpu28:878550:878550 [1] NCCL INFO TUNER/Plugin: Could not find: libnccl-tuner.so
gpu28:878550:878550 [1] NCCL INFO NCCL_ALGO set by environment to ^NVLS
gpu28:878550:878550 [1] NCCL INFO threadThresholds 8/8/64 | 16/8/64 | 512 | 512
gpu28:878550:878550 [1] NCCL INFO 2 coll channels, 2 collnet channels, 0 nvls channels, 2 p2p channels, 2 p2p channels per peer
gpu28:878550:878550 [1] NCCL INFO ncclCommInitRankConfig comm 0x60e569df5560 rank 1 nranks 2 cudaDev 1 nvmlDev 1 busId 1d000 commId 0x34fbed08bb15ab82 - Init COMPLETE
gpu28:878550:878550 [1] NCCL INFO Init timings - ncclCommInitRankConfig: rank 1 nranks 2 total 0.34 (kernels 0.27, alloc 0.01, bootstrap 0.02, allgathers 0.00, topo 0.02, graphs 0.00, connections 0.00, rest 0.00)
gpu28:878550:878550 [1] NCCL INFO Comm config Blocking set to 1
gpu28:878550:878550 [1] NCCL INFO Initialized NET plugin Socket
gpu28:878550:878550 [1] NCCL INFO Assigned NET plugin Socket to comm
gpu28:878550:878550 [1] NCCL INFO Using network Socket
gpu28:878550:878550 [1] NCCL INFO ncclCommSplit comm 0x60e56e9752c0 rank 1 nranks 2 cudaDev 1 nvmlDev 1 busId 1d000 parent 0x60e569df5560 splitCount 1 color 2130503744 key 1- Init START
gpu28:878550:878550 [1] NCCL INFO P2P is disabled between connected GPUs 1 and 0. You can repress this message with NCCL_IGNORE_DISABLED_P2P=1.
gpu28:878550:878550 [1] NCCL INFO P2P is disabled between connected GPUs 0 and 1. You can repress this message with NCCL_IGNORE_DISABLED_P2P=1.
gpu28:878550:878550 [1] NCCL INFO P2P is disabled between connected GPUs 1 and 0. You can repress this message with NCCL_IGNORE_DISABLED_P2P=1.
gpu28:878550:878550 [1] NCCL INFO P2P is disabled between connected GPUs 0 and 1. You can repress this message with NCCL_IGNORE_DISABLED_P2P=1.
gpu28:878550:878550 [1] NCCL INFO ncclTopoGetCpuAffinity: Affinity for GPU 1 is 4-9,28-33. (GPU affinity = 0-11,24-35 ; CPU affinity = 4-9,28-33).
gpu28:878550:878550 [1] NCCL INFO NVLS multicast support is not available on dev 1 (NVLS_NCHANNELS 0)
gpu28:878550:878550 [1] NCCL INFO comm 0x60e56e9752c0 rank 1 nRanks 2 nNodes 1 localRanks 2 localRank 1 MNNVL 0
gpu28:878550:878550 [1] NCCL INFO Trees [0] -1/-1/-1->1->0 [1] -1/-1/-1->1->0
gpu28:878550:878550 [1] NCCL INFO P2P Chunksize set to 131072
gpu28:878550:878550 [1] NCCL INFO Check P2P Type isAllDirectP2p 0 directMode 0 isAllCudaP2p 0
gpu28:878550:878722 [0] NCCL INFO [Proxy Service] Device 1 CPU core 32
gpu28:878550:878724 [0] NCCL INFO [Proxy Service UDS] Device 1 CPU core 29
gpu28:878550:878550 [1] NCCL INFO NCCL_ALGO set by environment to ^NVLS
gpu28:878550:878550 [1] NCCL INFO threadThresholds 8/8/64 | 16/8/64 | 512 | 512
gpu28:878550:878550 [1] NCCL INFO 2 coll channels, 2 collnet channels, 0 nvls channels, 2 p2p channels, 2 p2p channels per peer
gpu28:878550:878550 [1] NCCL INFO ncclCommSplit comm 0x60e56e9752c0 rank 1 nranks 2 cudaDev 1 nvmlDev 1 busId 1d000 parent 0x60e569df5560 splitCount 1 color 2130503744 key 1 - Init COMPLETE
gpu28:878550:878550 [1] NCCL INFO Init timings - ncclCommSplit: rank 1 nranks 2 total 0.14 (kernels 0.00, alloc 0.00, bootstrap 0.00, allgathers 0.00, topo 0.04, graphs 0.00, connections 0.00, rest 0.09)
gpu28:878550:878550 [1] NCCL INFO Channel 00 : 1[1] -> 0[0] via SHM/direct/direct
gpu28:878550:878550 [1] NCCL INFO Channel 01 : 1[1] -> 0[0] via SHM/direct/direct
gpu28:878550:878550 [1] NCCL INFO Connected all rings, use ring PXN 0 GDR 1
gpu28:878550:878550 [1] NCCL INFO Channel 00 : 1[1] -> 0[0] via SHM/direct/direct
gpu28:878550:878550 [1] NCCL INFO Channel 01 : 1[1] -> 0[0] via SHM/direct/direct
gpu28:878550:878550 [1] NCCL INFO Connected all rings, use ring PXN 0 GDR 1
gpu28:878550:878550 [1] NCCL INFO comm 0x60e56e9752c0 rank 1 nranks 2 cudaDev 1 busId 1d000 - Destroy COMPLETE
gpu28:878550:878550 [1] NCCL INFO comm 0x60e569df5560 rank 1 nranks 2 cudaDev 1 busId 1d000 - Destroy COMPLETE
gpu28:878550:878550 [1] NCCL INFO ENV/Plugin: Closing env plugin ncclEnvDefault
gpu28:878549:878549 [0] NCCL INFO ENV/Plugin: Closing env plugin ncclEnvDefault
Traceback (most recent call last):
  File "<frozen runpy>", line 198, in _run_module_as_main
  File "<frozen runpy>", line 88, in _run_code
  File "/research/d7/spc/yzyang4/worktrees/zero3-3090-consumed-09c322bf82cc/phase1/scripts/validate_zero3_3090_20260906.py", line 5, in <module>
    main(expected_gpu='RTX 3090')
  File "/research/d7/spc/yzyang4/worktrees/zero3-3090-consumed-09c322bf82cc/phase1/scripts/validate_zero3_session_gpu_20260905.py", line 139, in main
    assert actual['state']==reference['state'],'zero3_final_state_not_equal'
           ^^^^^^^^^^^^^^^^^^^^^^^^^^^^^^^^^^^
AssertionError: zero3_final_state_not_equal
