3261590 openat(AT_FDCWD, "/research/d7/spc/yzyang4/share/uv/python/cpython-3.12.13-linux-x86_64-gnu/bin/../lib/glibc-hwcaps/x86-64-v4/libpthread.so.0", O_RDONLY|O_CLOEXEC) = -1 ENOENT (No such file or directory)
3261590 openat(AT_FDCWD, "/research/d7/spc/yzyang4/share/uv/python/cpython-3.12.13-linux-x86_64-gnu/bin/../lib/glibc-hwcaps/x86-64-v3/libpthread.so.0", O_RDONLY|O_CLOEXEC) = -1 ENOENT (No such file or directory)
3261590 openat(AT_FDCWD, "/research/d7/spc/yzyang4/share/uv/python/cpython-3.12.13-linux-x86_64-gnu/bin/../lib/glibc-hwcaps/x86-64-v2/libpthread.so.0", O_RDONLY|O_CLOEXEC) = -1 ENOENT (No such file or directory)
3261590 openat(AT_FDCWD, "/research/d7/spc/yzyang4/share/uv/python/cpython-3.12.13-linux-x86_64-gnu/bin/../lib/libpthread.so.0", O_RDONLY|O_CLOEXEC) = -1 ENOENT (No such file or directory)
3261590 openat(AT_FDCWD, "/usr/local/cuda-12.8/lib64/glibc-hwcaps/x86-64-v4/libpthread.so.0", O_RDONLY|O_CLOEXEC) = -1 ENOENT (No such file or directory)
3261590 openat(AT_FDCWD, "/usr/local/cuda-12.8/lib64/glibc-hwcaps/x86-64-v3/libpthread.so.0", O_RDONLY|O_CLOEXEC) = -1 ENOENT (No such file or directory)
3261590 openat(AT_FDCWD, "/usr/local/cuda-12.8/lib64/glibc-hwcaps/x86-64-v2/libpthread.so.0", O_RDONLY|O_CLOEXEC) = -1 ENOENT (No such file or directory)
3261590 openat(AT_FDCWD, "/usr/local/cuda-12.8/lib64/libpthread.so.0", O_RDONLY|O_CLOEXEC) = -1 ENOENT (No such file or directory)
3261590 openat(AT_FDCWD, "glibc-hwcaps/x86-64-v4/libpthread.so.0", O_RDONLY|O_CLOEXEC) = -1 ENOENT (No such file or directory)
3261590 openat(AT_FDCWD, "glibc-hwcaps/x86-64-v3/libpthread.so.0", O_RDONLY|O_CLOEXEC) = -1 ENOENT (No such file or directory)
3261590 openat(AT_FDCWD, "glibc-hwcaps/x86-64-v2/libpthread.so.0", O_RDONLY|O_CLOEXEC) = -1 ENOENT (No such file or directory)
3261590 openat(AT_FDCWD, "libpthread.so.0", O_RDONLY|O_CLOEXEC) = -1 ENOENT (No such file or directory)
3261590 openat(AT_FDCWD, "/etc/ld.so.cache", O_RDONLY|O_CLOEXEC) = 3
3261590 openat(AT_FDCWD, "/lib/x86_64-linux-gnu/libpthread.so.0", O_RDONLY|O_CLOEXEC) = 3
3261590 openat(AT_FDCWD, "/research/d7/spc/yzyang4/share/uv/python/cpython-3.12.13-linux-x86_64-gnu/bin/../lib/libdl.so.2", O_RDONLY|O_CLOEXEC) = -1 ENOENT (No such file or directory)
3261590 openat(AT_FDCWD, "glibc-hwcaps/x86-64-v4/libdl.so.2", O_RDONLY|O_CLOEXEC) = -1 ENOENT (No such file or directory)
3261590 openat(AT_FDCWD, "glibc-hwcaps/x86-64-v3/libdl.so.2", O_RDONLY|O_CLOEXEC) = -1 ENOENT (No such file or directory)
3261590 openat(AT_FDCWD, "glibc-hwcaps/x86-64-v2/libdl.so.2", O_RDONLY|O_CLOEXEC) = -1 ENOENT (No such file or directory)
3261590 openat(AT_FDCWD, "libdl.so.2", O_RDONLY|O_CLOEXEC) = -1 ENOENT (No such file or directory)
3261590 openat(AT_FDCWD, "/lib/x86_64-linux-gnu/libdl.so.2", O_RDONLY|O_CLOEXEC) = 3
3261590 openat(AT_FDCWD, "/research/d7/spc/yzyang4/share/uv/python/cpython-3.12.13-linux-x86_64-gnu/bin/../lib/libutil.so.1", O_RDONLY|O_CLOEXEC) = -1 ENOENT (No such file or directory)
3261590 openat(AT_FDCWD, "glibc-hwcaps/x86-64-v4/libutil.so.1", O_RDONLY|O_CLOEXEC) = -1 ENOENT (No such file or directory)
3261590 openat(AT_FDCWD, "glibc-hwcaps/x86-64-v3/libutil.so.1", O_RDONLY|O_CLOEXEC) = -1 ENOENT (No such file or directory)
3261590 openat(AT_FDCWD, "glibc-hwcaps/x86-64-v2/libutil.so.1", O_RDONLY|O_CLOEXEC) = -1 ENOENT (No such file or directory)
3261590 openat(AT_FDCWD, "libutil.so.1", O_RDONLY|O_CLOEXEC) = -1 ENOENT (No such file or directory)
3261590 openat(AT_FDCWD, "/lib/x86_64-linux-gnu/libutil.so.1", O_RDONLY|O_CLOEXEC) = 3
3261590 openat(AT_FDCWD, "/research/d7/spc/yzyang4/share/uv/python/cpython-3.12.13-linux-x86_64-gnu/bin/../lib/librt.so.1", O_RDONLY|O_CLOEXEC) = -1 ENOENT (No such file or directory)
3261590 openat(AT_FDCWD, "glibc-hwcaps/x86-64-v4/librt.so.1", O_RDONLY|O_CLOEXEC) = -1 ENOENT (No such file or directory)
3261590 openat(AT_FDCWD, "glibc-hwcaps/x86-64-v3/librt.so.1", O_RDONLY|O_CLOEXEC) = -1 ENOENT (No such file or directory)
3261590 openat(AT_FDCWD, "glibc-hwcaps/x86-64-v2/librt.so.1", O_RDONLY|O_CLOEXEC) = -1 ENOENT (No such file or directory)
3261590 openat(AT_FDCWD, "librt.so.1", O_RDONLY|O_CLOEXEC) = -1 ENOENT (No such file or directory)
3261590 openat(AT_FDCWD, "/lib/x86_64-linux-gnu/librt.so.1", O_RDONLY|O_CLOEXEC) = 3
3261590 openat(AT_FDCWD, "/research/d7/spc/yzyang4/share/uv/python/cpython-3.12.13-linux-x86_64-gnu/bin/../lib/libm.so.6", O_RDONLY|O_CLOEXEC) = -1 ENOENT (No such file or directory)
3261590 openat(AT_FDCWD, "glibc-hwcaps/x86-64-v4/libm.so.6", O_RDONLY|O_CLOEXEC) = -1 ENOENT (No such file or directory)
3261590 openat(AT_FDCWD, "glibc-hwcaps/x86-64-v3/libm.so.6", O_RDONLY|O_CLOEXEC) = -1 ENOENT (No such file or directory)
3261590 openat(AT_FDCWD, "glibc-hwcaps/x86-64-v2/libm.so.6", O_RDONLY|O_CLOEXEC) = -1 ENOENT (No such file or directory)
3261590 openat(AT_FDCWD, "libm.so.6", O_RDONLY|O_CLOEXEC) = -1 ENOENT (No such file or directory)
3261590 openat(AT_FDCWD, "/lib/x86_64-linux-gnu/libm.so.6", O_RDONLY|O_CLOEXEC) = 3
3261590 openat(AT_FDCWD, "/research/d7/spc/yzyang4/share/uv/python/cpython-3.12.13-linux-x86_64-gnu/bin/../lib/libc.so.6", O_RDONLY|O_CLOEXEC) = -1 ENOENT (No such file or directory)
3261590 openat(AT_FDCWD, "glibc-hwcaps/x86-64-v4/libc.so.6", O_RDONLY|O_CLOEXEC) = -1 ENOENT (No such file or directory)
3261590 openat(AT_FDCWD, "glibc-hwcaps/x86-64-v3/libc.so.6", O_RDONLY|O_CLOEXEC) = -1 ENOENT (No such file or directory)
3261590 openat(AT_FDCWD, "glibc-hwcaps/x86-64-v2/libc.so.6", O_RDONLY|O_CLOEXEC) = -1 ENOENT (No such file or directory)
3261590 openat(AT_FDCWD, "libc.so.6", O_RDONLY|O_CLOEXEC) = -1 ENOENT (No such file or directory)
3261590 openat(AT_FDCWD, "/lib/x86_64-linux-gnu/libc.so.6", O_RDONLY|O_CLOEXEC) = 3
3261590 openat(AT_FDCWD, "/usr/lib/locale/locale-archive", O_RDONLY|O_CLOEXEC) = 3
3261590 openat(AT_FDCWD, "/usr/lib/x86_64-linux-gnu/gconv/gconv-modules.cache", O_RDONLY|O_CLOEXEC) = 3
3261590 openat(AT_FDCWD, "/dev/urandom", O_RDONLY|O_CLOEXEC) = 3
3261590 openat(AT_FDCWD, "/proc/self/maps", O_RDONLY) = 3
3261590 openat(AT_FDCWD, "/research/d7/spc/yzyang4/venvs/aira/pyvenv.cfg", O_RDONLY) = 3
3261590 openat(AT_FDCWD, "/research/d7/spc/yzyang4/share/uv/python/cpython-3.12.13-linux-x86_64-gnu/bin/python3.12\n._pth", O_RDONLY) = -1 ENOENT (No such file or directory)
3261590 openat(AT_FDCWD, "/research/d7/spc/yzyang4/venvs/aira/bin/python._pth", O_RDONLY) = -1 ENOENT (No such file or directory)
3261590 openat(AT_FDCWD, "/research/d7/spc/yzyang4/share/uv/python/cpython-3.12-linux-x86_64-gnu/bin/python3.12._pth", O_RDONLY) = -1 ENOENT (No such file or directory)
3261590 openat(AT_FDCWD, "/research/d7/spc/yzyang4/share/uv/python/cpython-3.12-linux-x86_64-gnu/bin/pybuilddir.txt", O_RDONLY) = -1 ENOENT (No such file or directory)
3261590 openat(AT_FDCWD, "/etc/localtime", O_RDONLY|O_CLOEXEC) = 3
3261590 openat(AT_FDCWD, "/research/d7/spc/yzyang4/share/uv/python/cpython-3.12.13-linux-x86_64-gnu/lib/python3.12", O_RDONLY|O_NONBLOCK|O_CLOEXEC|O_DIRECTORY) = 3
3261590 openat(AT_FDCWD, "/research/d7/spc/yzyang4/share/uv/python/cpython-3.12.13-linux-x86_64-gnu/lib/python3.12/encodings/__pycache__/__init__.cpython-312.pyc", O_RDONLY|O_CLOEXEC) = 3
3261590 openat(AT_FDCWD, "/research/d7/spc/yzyang4/share/uv/python/cpython-3.12.13-linux-x86_64-gnu/lib/python3.12/encodings", O_RDONLY|O_NONBLOCK|O_CLOEXEC|O_DIRECTORY) = 3
3261590 openat(AT_FDCWD, "/research/d7/spc/yzyang4/share/uv/python/cpython-3.12.13-linux-x86_64-gnu/lib/python3.12/encodings/__pycache__/aliases.cpython-312.pyc", O_RDONLY|O_CLOEXEC) = 3
3261590 openat(AT_FDCWD, "/research/d7/spc/yzyang4/share/uv/python/cpython-3.12.13-linux-x86_64-gnu/lib/python3.12/encodings/__pycache__/utf_8.cpython-312.pyc", O_RDONLY|O_CLOEXEC) = 3
3261590 openat(AT_FDCWD, "/research/d7/spc/yzyang4/venvs/aira/pyvenv.cfg", O_RDONLY|O_CLOEXEC) = 3
3261590 openat(AT_FDCWD, "/research/d7/spc/yzyang4/venvs/aira/lib/python3.12/site-packages", O_RDONLY|O_NONBLOCK|O_CLOEXEC|O_DIRECTORY) = 3
3261590 openat(AT_FDCWD, "/research/d7/spc/yzyang4/venvs/aira/lib/python3.12/site-packages/__editable__.aira_dojo-0.1.0.pth", O_RDONLY|O_CLOEXEC) = 3
3261590 openat(AT_FDCWD, "/research/d7/spc/yzyang4/share/uv/python/cpython-3.12.13-linux-x86_64-gnu/lib/python3.12/encodings/__pycache__/utf_8_sig.cpython-312.pyc", O_RDONLY|O_CLOEXEC) = 3
3261590 openat(AT_FDCWD, "/research/d7/spc/yzyang4/venvs/aira/lib/python3.12/site-packages/__editable__.mlebench-1.0.0.pth", O_RDONLY|O_CLOEXEC) = 3
3261590 openat(AT_FDCWD, "/research/d7/spc/yzyang4/share/uv/python/cpython-3.12-linux-x86_64-gnu/lib/python3.12/lib-dynload", O_RDONLY|O_NONBLOCK|O_CLOEXEC|O_DIRECTORY) = 3
3261590 openat(AT_FDCWD, "/research/d7/spc/yzyang4/venvs/aira/lib/python3.12/site-packages", O_RDONLY|O_NONBLOCK|O_CLOEXEC|O_DIRECTORY) = 3
3261590 openat(AT_FDCWD, "/research/d7/spc/yzyang4/venvs/aira/lib/python3.12/site-packages/__pycache__/__editable___mlebench_1_0_0_finder.cpython-312.pyc", O_RDONLY|O_CLOEXEC) = 3
3261590 openat(AT_FDCWD, "/research/d7/spc/yzyang4/share/uv/python/cpython-3.12.13-linux-x86_64-gnu/lib/python3.12/__pycache__/__future__.cpython-312.pyc", O_RDONLY|O_CLOEXEC) = 3
3261590 openat(AT_FDCWD, "/research/d7/spc/yzyang4/share/uv/python/cpython-3.12.13-linux-x86_64-gnu/lib/python3.12/importlib/__pycache__/__init__.cpython-312.pyc", O_RDONLY|O_CLOEXEC) = 3
3261590 openat(AT_FDCWD, "/research/d7/spc/yzyang4/share/uv/python/cpython-3.12.13-linux-x86_64-gnu/lib/python3.12/__pycache__/warnings.cpython-312.pyc", O_RDONLY|O_CLOEXEC) = 3
3261590 openat(AT_FDCWD, "/research/d7/spc/yzyang4/share/uv/python/cpython-3.12.13-linux-x86_64-gnu/lib/python3.12/importlib", O_RDONLY|O_NONBLOCK|O_CLOEXEC|O_DIRECTORY) = 3
3261590 openat(AT_FDCWD, "/research/d7/spc/yzyang4/share/uv/python/cpython-3.12.13-linux-x86_64-gnu/lib/python3.12/importlib/__pycache__/_abc.cpython-312.pyc", O_RDONLY|O_CLOEXEC) = 3
3261590 openat(AT_FDCWD, "/research/d7/spc/yzyang4/share/uv/python/cpython-3.12.13-linux-x86_64-gnu/lib/python3.12/__pycache__/types.cpython-312.pyc", O_RDONLY|O_CLOEXEC) = 3
3261590 openat(AT_FDCWD, "/research/d7/spc/yzyang4/share/uv/python/cpython-3.12.13-linux-x86_64-gnu/lib/python3.12/__pycache__/pathlib.cpython-312.pyc", O_RDONLY|O_CLOEXEC) = 3
3261590 openat(AT_FDCWD, "/research/d7/spc/yzyang4/share/uv/python/cpython-3.12.13-linux-x86_64-gnu/lib/python3.12/__pycache__/fnmatch.cpython-312.pyc", O_RDONLY|O_CLOEXEC) = 3
3261590 openat(AT_FDCWD, "/research/d7/spc/yzyang4/share/uv/python/cpython-3.12.13-linux-x86_64-gnu/lib/python3.12/re/__pycache__/__init__.cpython-312.pyc", O_RDONLY|O_CLOEXEC) = 3
3261590 openat(AT_FDCWD, "/research/d7/spc/yzyang4/share/uv/python/cpython-3.12.13-linux-x86_64-gnu/lib/python3.12/__pycache__/enum.cpython-312.pyc", O_RDONLY|O_CLOEXEC) = 3
3261590 openat(AT_FDCWD, "/research/d7/spc/yzyang4/share/uv/python/cpython-3.12.13-linux-x86_64-gnu/lib/python3.12/__pycache__/operator.cpython-312.pyc", O_RDONLY|O_CLOEXEC) = 3
3261590 openat(AT_FDCWD, "/research/d7/spc/yzyang4/share/uv/python/cpython-3.12.13-linux-x86_64-gnu/lib/python3.12/__pycache__/functools.cpython-312.pyc", O_RDONLY|O_CLOEXEC) = 3
3261590 openat(AT_FDCWD, "/research/d7/spc/yzyang4/share/uv/python/cpython-3.12.13-linux-x86_64-gnu/lib/python3.12/collections/__pycache__/__init__.cpython-312.pyc", O_RDONLY|O_CLOEXEC) = 3
3261590 openat(AT_FDCWD, "/research/d7/spc/yzyang4/share/uv/python/cpython-3.12.13-linux-x86_64-gnu/lib/python3.12/__pycache__/keyword.cpython-312.pyc", O_RDONLY|O_CLOEXEC) = 3
3261590 openat(AT_FDCWD, "/research/d7/spc/yzyang4/share/uv/python/cpython-3.12.13-linux-x86_64-gnu/lib/python3.12/__pycache__/reprlib.cpython-312.pyc", O_RDONLY|O_CLOEXEC) = 3
3261590 openat(AT_FDCWD, "/research/d7/spc/yzyang4/share/uv/python/cpython-3.12.13-linux-x86_64-gnu/lib/python3.12/re", O_RDONLY|O_NONBLOCK|O_CLOEXEC|O_DIRECTORY) = 3
3261590 openat(AT_FDCWD, "/research/d7/spc/yzyang4/share/uv/python/cpython-3.12.13-linux-x86_64-gnu/lib/python3.12/re/__pycache__/_compiler.cpython-312.pyc", O_RDONLY|O_CLOEXEC) = 3
3261590 openat(AT_FDCWD, "/research/d7/spc/yzyang4/share/uv/python/cpython-3.12.13-linux-x86_64-gnu/lib/python3.12/re/__pycache__/_parser.cpython-312.pyc", O_RDONLY|O_CLOEXEC) = 3
3261590 openat(AT_FDCWD, "/research/d7/spc/yzyang4/share/uv/python/cpython-3.12.13-linux-x86_64-gnu/lib/python3.12/re/__pycache__/_constants.cpython-312.pyc", O_RDONLY|O_CLOEXEC) = 3
3261590 openat(AT_FDCWD, "/research/d7/spc/yzyang4/share/uv/python/cpython-3.12.13-linux-x86_64-gnu/lib/python3.12/re/__pycache__/_casefix.cpython-312.pyc", O_RDONLY|O_CLOEXEC) = 3
3261590 openat(AT_FDCWD, "/research/d7/spc/yzyang4/share/uv/python/cpython-3.12.13-linux-x86_64-gnu/lib/python3.12/__pycache__/copyreg.cpython-312.pyc", O_RDONLY|O_CLOEXEC) = 3
3261590 openat(AT_FDCWD, "/research/d7/spc/yzyang4/aira-dojo/src", O_RDONLY|O_NONBLOCK|O_CLOEXEC|O_DIRECTORY) = 3
3261590 openat(AT_FDCWD, "/research/d7/spc/yzyang4/share/uv/python/cpython-3.12.13-linux-x86_64-gnu/lib/python3.12/urllib/__pycache__/__init__.cpython-312.pyc", O_RDONLY|O_CLOEXEC) = 3
3261590 openat(AT_FDCWD, "/research/d7/spc/yzyang4/share/uv/python/cpython-3.12.13-linux-x86_64-gnu/lib/python3.12/urllib", O_RDONLY|O_NONBLOCK|O_CLOEXEC|O_DIRECTORY) = 3
3261590 openat(AT_FDCWD, "/research/d7/spc/yzyang4/share/uv/python/cpython-3.12.13-linux-x86_64-gnu/lib/python3.12/urllib/__pycache__/parse.cpython-312.pyc", O_RDONLY|O_CLOEXEC) = 3
3261590 openat(AT_FDCWD, "/research/d7/spc/yzyang4/share/uv/python/cpython-3.12.13-linux-x86_64-gnu/lib/python3.12/__pycache__/ipaddress.cpython-312.pyc", O_RDONLY|O_CLOEXEC) = 3
3261590 openat(AT_FDCWD, "/research/d7/spc/yzyang4/venvs/aira/lib/python3.12/site-packages/_pynvml_redirector.pth", O_RDONLY|O_CLOEXEC) = 3
3261590 openat(AT_FDCWD, "/research/d7/spc/yzyang4/venvs/aira/lib/python3.12/site-packages/__pycache__/_pynvml_redirector.cpython-312.pyc", O_RDONLY|O_CLOEXEC) = 3
3261590 openat(AT_FDCWD, "/research/d7/spc/yzyang4/share/uv/python/cpython-3.12.13-linux-x86_64-gnu/lib/python3.12/importlib/__pycache__/abc.cpython-312.pyc", O_RDONLY|O_CLOEXEC) = 3
3261590 openat(AT_FDCWD, "/research/d7/spc/yzyang4/share/uv/python/cpython-3.12.13-linux-x86_64-gnu/lib/python3.12/importlib/resources/__pycache__/__init__.cpython-312.pyc", O_RDONLY|O_CLOEXEC) = 3
3261590 openat(AT_FDCWD, "/research/d7/spc/yzyang4/share/uv/python/cpython-3.12.13-linux-x86_64-gnu/lib/python3.12/importlib/resources", O_RDONLY|O_NONBLOCK|O_CLOEXEC|O_DIRECTORY) = 3
3261590 openat(AT_FDCWD, "/research/d7/spc/yzyang4/share/uv/python/cpython-3.12.13-linux-x86_64-gnu/lib/python3.12/importlib/resources/__pycache__/_common.cpython-312.pyc", O_RDONLY|O_CLOEXEC) = 3
3261590 openat(AT_FDCWD, "/research/d7/spc/yzyang4/share/uv/python/cpython-3.12.13-linux-x86_64-gnu/lib/python3.12/__pycache__/tempfile.cpython-312.pyc", O_RDONLY|O_CLOEXEC) = 3
3261590 openat(AT_FDCWD, "/research/d7/spc/yzyang4/share/uv/python/cpython-3.12.13-linux-x86_64-gnu/lib/python3.12/__pycache__/shutil.cpython-312.pyc", O_RDONLY|O_CLOEXEC) = 3
3261590 openat(AT_FDCWD, "/research/d7/spc/yzyang4/share/uv/python/cpython-3.12.13-linux-x86_64-gnu/lib/python3.12/__pycache__/bz2.cpython-312.pyc", O_RDONLY|O_CLOEXEC) = 3
3261590 openat(AT_FDCWD, "/research/d7/spc/yzyang4/share/uv/python/cpython-3.12.13-linux-x86_64-gnu/lib/python3.12/__pycache__/_compression.cpython-312.pyc", O_RDONLY|O_CLOEXEC) = 3
3261590 openat(AT_FDCWD, "/research/d7/spc/yzyang4/share/uv/python/cpython-3.12.13-linux-x86_64-gnu/lib/python3.12/__pycache__/lzma.cpython-312.pyc", O_RDONLY|O_CLOEXEC) = 3
3261590 openat(AT_FDCWD, "/research/d7/spc/yzyang4/share/uv/python/cpython-3.12.13-linux-x86_64-gnu/lib/python3.12/__pycache__/random.cpython-312.pyc", O_RDONLY|O_CLOEXEC) = 3
3261590 openat(AT_FDCWD, "/research/d7/spc/yzyang4/share/uv/python/cpython-3.12.13-linux-x86_64-gnu/lib/python3.12/__pycache__/bisect.cpython-312.pyc", O_RDONLY|O_CLOEXEC) = 3
3261590 openat(AT_FDCWD, "/dev/urandom", O_RDONLY|O_CLOEXEC) = 3
3261590 openat(AT_FDCWD, "/research/d7/spc/yzyang4/share/uv/python/cpython-3.12.13-linux-x86_64-gnu/lib/python3.12/__pycache__/weakref.cpython-312.pyc", O_RDONLY|O_CLOEXEC) = 4
3261590 openat(AT_FDCWD, "/research/d7/spc/yzyang4/share/uv/python/cpython-3.12.13-linux-x86_64-gnu/lib/python3.12/__pycache__/_weakrefset.cpython-312.pyc", O_RDONLY|O_CLOEXEC) = 4
3261590 openat(AT_FDCWD, "/research/d7/spc/yzyang4/share/uv/python/cpython-3.12.13-linux-x86_64-gnu/lib/python3.12/__pycache__/contextlib.cpython-312.pyc", O_RDONLY|O_CLOEXEC) = 4
3261590 openat(AT_FDCWD, "/research/d7/spc/yzyang4/share/uv/python/cpython-3.12.13-linux-x86_64-gnu/lib/python3.12/__pycache__/inspect.cpython-312.pyc", O_RDONLY|O_CLOEXEC) = 4
3261590 openat(AT_FDCWD, "/research/d7/spc/yzyang4/share/uv/python/cpython-3.12.13-linux-x86_64-gnu/lib/python3.12/__pycache__/ast.cpython-312.pyc", O_RDONLY|O_CLOEXEC) = 4
3261590 openat(AT_FDCWD, "/research/d7/spc/yzyang4/share/uv/python/cpython-3.12.13-linux-x86_64-gnu/lib/python3.12/__pycache__/dis.cpython-312.pyc", O_RDONLY|O_CLOEXEC) = 4
3261590 openat(AT_FDCWD, "/research/d7/spc/yzyang4/share/uv/python/cpython-3.12.13-linux-x86_64-gnu/lib/python3.12/__pycache__/opcode.cpython-312.pyc", O_RDONLY|O_CLOEXEC) = 4
3261590 openat(AT_FDCWD, "/research/d7/spc/yzyang4/share/uv/python/cpython-3.12.13-linux-x86_64-gnu/lib/python3.12/collections", O_RDONLY|O_NONBLOCK|O_CLOEXEC|O_DIRECTORY) = 4
3261590 openat(AT_FDCWD, "/research/d7/spc/yzyang4/share/uv/python/cpython-3.12.13-linux-x86_64-gnu/lib/python3.12/collections/__pycache__/abc.cpython-312.pyc", O_RDONLY|O_CLOEXEC) = 4
3261590 openat(AT_FDCWD, "/research/d7/spc/yzyang4/share/uv/python/cpython-3.12.13-linux-x86_64-gnu/lib/python3.12/__pycache__/linecache.cpython-312.pyc", O_RDONLY|O_CLOEXEC) = 4
3261590 openat(AT_FDCWD, "/research/d7/spc/yzyang4/share/uv/python/cpython-3.12.13-linux-x86_64-gnu/lib/python3.12/__pycache__/tokenize.cpython-312.pyc", O_RDONLY|O_CLOEXEC) = 4
3261590 openat(AT_FDCWD, "/research/d7/spc/yzyang4/share/uv/python/cpython-3.12.13-linux-x86_64-gnu/lib/python3.12/__pycache__/token.cpython-312.pyc", O_RDONLY|O_CLOEXEC) = 4
3261590 openat(AT_FDCWD, "/research/d7/spc/yzyang4/share/uv/python/cpython-3.12.13-linux-x86_64-gnu/lib/python3.12/__pycache__/typing.cpython-312.pyc", O_RDONLY|O_CLOEXEC) = 4
3261590 openat(AT_FDCWD, "/research/d7/spc/yzyang4/share/uv/python/cpython-3.12.13-linux-x86_64-gnu/lib/python3.12/importlib/resources/__pycache__/abc.cpython-312.pyc", O_RDONLY|O_CLOEXEC) = 4
3261590 openat(AT_FDCWD, "/research/d7/spc/yzyang4/share/uv/python/cpython-3.12.13-linux-x86_64-gnu/lib/python3.12/importlib/resources/__pycache__/_adapters.cpython-312.pyc", O_RDONLY|O_CLOEXEC) = 4
3261590 openat(AT_FDCWD, "/research/d7/spc/yzyang4/share/uv/python/cpython-3.12.13-linux-x86_64-gnu/lib/python3.12/importlib/resources/__pycache__/_legacy.cpython-312.pyc", O_RDONLY|O_CLOEXEC) = 4
3261590 openat(AT_FDCWD, "/research/d7/spc/yzyang4/venvs/aira/lib/python3.12/site-packages/_virtualenv.pth", O_RDONLY|O_CLOEXEC) = 4
3261590 openat(AT_FDCWD, "/research/d7/spc/yzyang4/venvs/aira/lib/python3.12/site-packages/__pycache__/_virtualenv.cpython-312.pyc", O_RDONLY|O_CLOEXEC) = 4
3261590 openat(AT_FDCWD, "/research/d7/spc/yzyang4/venvs/aira/lib/python3.12/site-packages/distutils-precedence.pth", O_RDONLY|O_CLOEXEC) = 4
3261590 openat(AT_FDCWD, "/research/d7/spc/yzyang4/venvs/aira/lib/python3.12/site-packages/_distutils_hack/__pycache__/__init__.cpython-312.pyc", O_RDONLY|O_CLOEXEC) = 4
3261590 openat(AT_FDCWD, "/research/d7/spc/yzyang4/venvs/aira/lib/python3.12/site-packages", O_RDONLY|O_NONBLOCK|O_CLOEXEC|O_DIRECTORY) = 4
3261590 openat(AT_FDCWD, "/research/d7/spc/yzyang4/venvs/aira/lib/python3.12/site-packages/__editable__.aira_dojo-0.1.0.pth", O_RDONLY|O_CLOEXEC) = 4
3261590 openat(AT_FDCWD, "/research/d7/spc/yzyang4/venvs/aira/lib/python3.12/site-packages/__editable__.mlebench-1.0.0.pth", O_RDONLY|O_CLOEXEC) = 4
3261590 openat(AT_FDCWD, "/research/d7/spc/yzyang4/venvs/aira/lib/python3.12/site-packages/_pynvml_redirector.pth", O_RDONLY|O_CLOEXEC) = 4
3261590 openat(AT_FDCWD, "/research/d7/spc/yzyang4/venvs/aira/lib/python3.12/site-packages/_virtualenv.pth", O_RDONLY|O_CLOEXEC) = 4
3261590 openat(AT_FDCWD, "/research/d7/spc/yzyang4/venvs/aira/lib/python3.12/site-packages/distutils-precedence.pth", O_RDONLY|O_CLOEXEC) = 4
3261590 openat(AT_FDCWD, "/research/d7/spc/yzyang4/config-v2-producer-hook/real_config_smoke_65896b6_v1/real_config_v2_schema_smoke.py", O_RDONLY|O_CLOEXEC) = 4
3261590 openat(AT_FDCWD, "/research/d7/spc/yzyang4/config-v2-producer-hook/real_config_smoke_65896b6_v1/real_config_v2_schema_smoke.py", O_RDONLY) = 4
3261590 openat(AT_FDCWD, "/research/d7/spc/yzyang4/config-v2-producer-hook/real_config_smoke_65896b6_v1", O_RDONLY|O_NONBLOCK|O_CLOEXEC|O_DIRECTORY) = 4
3261590 openat(AT_FDCWD, "/research/d7/spc/yzyang4/share/uv/python/cpython-3.12.13-linux-x86_64-gnu/lib/python3.12/__pycache__/argparse.cpython-312.pyc", O_RDONLY|O_CLOEXEC) = 4
3261590 openat(AT_FDCWD, "/research/d7/spc/yzyang4/share/uv/python/cpython-3.12.13-linux-x86_64-gnu/lib/python3.12/__pycache__/gettext.cpython-312.pyc", O_RDONLY|O_CLOEXEC) = 4
3261590 openat(AT_FDCWD, "/research/d7/spc/yzyang4/share/uv/python/cpython-3.12.13-linux-x86_64-gnu/lib/python3.12/__pycache__/hashlib.cpython-312.pyc", O_RDONLY|O_CLOEXEC) = 4
3261590 openat(AT_FDCWD, "/etc/ssl/openssl.cnf", O_RDONLY) = 4
3261590 openat(AT_FDCWD, "/research/d7/spc/yzyang4/share/uv/python/cpython-3.12.13-linux-x86_64-gnu/lib/python3.12/json/__pycache__/__init__.cpython-312.pyc", O_RDONLY|O_CLOEXEC) = 4
3261590 openat(AT_FDCWD, "/research/d7/spc/yzyang4/share/uv/python/cpython-3.12.13-linux-x86_64-gnu/lib/python3.12/json", O_RDONLY|O_NONBLOCK|O_CLOEXEC|O_DIRECTORY) = 4
3261590 openat(AT_FDCWD, "/research/d7/spc/yzyang4/share/uv/python/cpython-3.12.13-linux-x86_64-gnu/lib/python3.12/json/__pycache__/decoder.cpython-312.pyc", O_RDONLY|O_CLOEXEC) = 4
3261590 openat(AT_FDCWD, "/research/d7/spc/yzyang4/share/uv/python/cpython-3.12.13-linux-x86_64-gnu/lib/python3.12/json/__pycache__/scanner.cpython-312.pyc", O_RDONLY|O_CLOEXEC) = 4
3261590 openat(AT_FDCWD, "/research/d7/spc/yzyang4/share/uv/python/cpython-3.12.13-linux-x86_64-gnu/lib/python3.12/json/__pycache__/encoder.cpython-312.pyc", O_RDONLY|O_CLOEXEC) = 4
3261590 openat(AT_FDCWD, "/research/d7/spc/yzyang4/share/uv/python/cpython-3.12.13-linux-x86_64-gnu/lib/python3.12/__pycache__/locale.cpython-312.pyc", O_RDONLY|O_CLOEXEC) = 4
3261590 openat(AT_FDCWD, "/research/d7/spc/yzyang4/config-v2-producer-hook/verify_fa2151b_v4/reference", O_RDONLY|O_NONBLOCK|O_CLOEXEC|O_DIRECTORY) = 4
3261590 openat(AT_FDCWD, "/research/d7/spc/yzyang4/config-v2-producer-hook/verify_fa2151b_v4/reference/phase1/__pycache__/__init__.cpython-312.pyc", O_RDONLY|O_CLOEXEC) = -1 ENOENT (No such file or directory)
3261590 openat(AT_FDCWD, "/research/d7/spc/yzyang4/config-v2-producer-hook/verify_fa2151b_v4/reference/phase1/__init__.py", O_RDONLY|O_CLOEXEC) = 4
3261590 openat(AT_FDCWD, "/research/d7/spc/yzyang4/config-v2-producer-hook/verify_fa2151b_v4/reference/phase1", O_RDONLY|O_NONBLOCK|O_CLOEXEC|O_DIRECTORY) = 4
3261590 openat(AT_FDCWD, "/research/d7/spc/yzyang4/config-v2-producer-hook/verify_fa2151b_v4/reference/phase1/__pycache__/senior_experiment_config_v2.cpython-312.pyc", O_RDONLY|O_CLOEXEC) = -1 ENOENT (No such file or directory)
3261590 openat(AT_FDCWD, "/research/d7/spc/yzyang4/config-v2-producer-hook/verify_fa2151b_v4/reference/phase1/senior_experiment_config_v2.py", O_RDONLY|O_CLOEXEC) = 4
3261590 openat(AT_FDCWD, "/research/d7/spc/yzyang4/share/uv/python/cpython-3.12.13-linux-x86_64-gnu/lib/python3.12/__pycache__/copy.cpython-312.pyc", O_RDONLY|O_CLOEXEC) = 4
3261590 openat(AT_FDCWD, "/research/d7/spc/yzyang4/share/uv/python/cpython-3.12.13-linux-x86_64-gnu/lib/python3.12/__pycache__/datetime.cpython-312.pyc", O_RDONLY|O_CLOEXEC) = 4
3261590 openat(AT_FDCWD, "/research/d7/spc/yzyang4/config-v2-producer-hook/verify_fa2151b_v4/reference/phase1/__pycache__/validate_senior_experiment_config_manifest.cpython-312.pyc", O_RDONLY|O_CLOEXEC) = -1 ENOENT (No such file or directory)
3261590 openat(AT_FDCWD, "/research/d7/spc/yzyang4/config-v2-producer-hook/verify_fa2151b_v4/reference/phase1/validate_senior_experiment_config_manifest.py", O_RDONLY|O_CLOEXEC) = 4
3261590 openat(AT_FDCWD, "/research/d7/spc/yzyang4/config-v2-producer-hook/verify_fa2151b_v4/worktree/src/dojo/utils/__pycache__/config_v2_sidecar.cpython-312.pyc", O_RDONLY|O_CLOEXEC) = -1 ENOENT (No such file or directory)
3261590 openat(AT_FDCWD, "/research/d7/spc/yzyang4/config-v2-producer-hook/verify_fa2151b_v4/worktree/src/dojo/utils/config_v2_sidecar.py", O_RDONLY|O_CLOEXEC) = 4
3261590 openat(AT_FDCWD, "/research/d7/spc/yzyang4/config-v2-producer-hook/real_config_smoke_65896b6_v1/selection.tsv", O_RDONLY|O_CLOEXEC) = 4
3261590 openat(AT_FDCWD, "/research/d7/spc/yzyang4/aira-dojo-runs/aira-dojo/user_yzyang4_issue_mcts_data_gen2Q06/user_yzyang4_issue_mcts_data_gen2Q06_seed_831_id_899f3f3e6f2e23eca7f63ad4baa23555a17649a1ce717afb9e0ca542/dojo_config.json", O_RDONLY|O_CLOEXEC) = 4
3261590 openat(AT_FDCWD, "/research/d7/spc/yzyang4/aira-dojo-runs/aira-dojo/user_yzyang4_issue_mcts_data_gen2Q06/user_yzyang4_issue_mcts_data_gen2Q06_seed_832_id_d463788a9ad87285a65e77ee432442785b469a93a95838947044fa1f/dojo_config.json", O_RDONLY|O_CLOEXEC) = 4
3261590 openat(AT_FDCWD, "/research/d7/spc/yzyang4/aira-dojo-runs/aira-dojo/user_yzyang4_issue_mcts_data_gen2Q07/user_yzyang4_issue_mcts_data_gen2Q07_seed_834_id_e4258cea2e13fb871acd39a1e070e82607746a0e940fdcdff4c2ea62/dojo_config.json", O_RDONLY|O_CLOEXEC) = 4
3261590 openat(AT_FDCWD, "/research/d7/spc/yzyang4/aira-dojo-runs/aira-dojo/user_yzyang4_issue_mcts_data_gen2Q07/user_yzyang4_issue_mcts_data_gen2Q07_seed_833_id_48fa312bf9b0953953825b2d7b0ff99d750ddfce0d1eda66c511cc94/dojo_config.json", O_RDONLY|O_CLOEXEC) = 4
3261590 openat(AT_FDCWD, "/research/d7/spc/yzyang4/aira-dojo-runs/aira-dojo/user_yzyang4_issue_mcts_data_gen2Q07/user_yzyang4_issue_mcts_data_gen2Q07_seed_833_id_bea9a6868ccb9c2e41493e5fd290e6f9b2f7a5a9fdb67a50ec4cb50f/dojo_config.json", O_RDONLY|O_CLOEXEC) = 4
3261590 openat(AT_FDCWD, "/research/d7/spc/yzyang4/aira-dojo-runs/aira-dojo/user_yzyang4_issue_mcts_data_gen2Q07/user_yzyang4_issue_mcts_data_gen2Q07_seed_834_id_1a8af57210489e8b1f626774360e88cb8057c7c430e7f68cd8960a5d/dojo_config.json", O_RDONLY|O_CLOEXEC) = 4
3261590 openat(AT_FDCWD, "/research/d7/spc/yzyang4/aira-dojo-runs/aira-dojo/user_yzyang4_issue_mcts_data_gen2Q08/user_yzyang4_issue_mcts_data_gen2Q08_seed_836_id_263a8863e9e6fa0e80314aa82e2e3d679e0432db6273987ace1f8bc2/dojo_config.json", O_RDONLY|O_CLOEXEC) = 4
3261590 openat(AT_FDCWD, "/research/d7/spc/yzyang4/aira-dojo-runs/aira-dojo/user_yzyang4_issue_mcts_data_gen2Q08/user_yzyang4_issue_mcts_data_gen2Q08_seed_835_id_2e391f7d8302a8b4fe9952e25b9a520b04d89a3ce031994056ed858b/dojo_config.json", O_RDONLY|O_CLOEXEC) = 4
3261590 openat(AT_FDCWD, "/research/d7/spc/yzyang4/aira-dojo-runs/aira-dojo/user_yzyang4_issue_mcts_data_gen2Q08/user_yzyang4_issue_mcts_data_gen2Q08_seed_835_id_b6fec120fd6d6f3f27fb8df07e0387d1ce2d735695a0d06fc3b853ac/dojo_config.json", O_RDONLY|O_CLOEXEC) = 4
3261590 openat(AT_FDCWD, "/research/d7/spc/yzyang4/aira-dojo-runs/aira-dojo/user_yzyang4_issue_mcts_data_gen2Q08/user_yzyang4_issue_mcts_data_gen2Q08_seed_836_id_14ce51099beccad5ac60a79184aa5e3b76ff8afc015101c83414c415/dojo_config.json", O_RDONLY|O_CLOEXEC) = 4
3261590 openat(AT_FDCWD, "/research/d7/spc/yzyang4/aira-dojo-runs/aira-dojo/user_yzyang4_issue_mcts_data_gen2K2a/user_yzyang4_issue_mcts_data_gen2K2a_seed_851_id_bf817af1819fdb969834b72a76d62da2c7d2e0e52d1a7cbd499c7876/dojo_config.json", O_RDONLY|O_CLOEXEC) = 4
3261590 openat(AT_FDCWD, "/research/d7/spc/yzyang4/aira-dojo-runs/aira-dojo/user_yzyang4_issue_mcts_data_gen2K2a/user_yzyang4_issue_mcts_data_gen2K2a_seed_852_id_12589b120991203e5e29dbca6dca93346dd5cd4fc4a2449314c60a15/dojo_config.json", O_RDONLY|O_CLOEXEC) = 4
3261590 openat(AT_FDCWD, "/research/d7/spc/yzyang4/aira-dojo-runs/aira-dojo/user_yzyang4_issue_mcts_data_gen2K2a/user_yzyang4_issue_mcts_data_gen2K2a_seed_851_id_0ce62841a044d21f0ea4b4856931fb4e8d60c60e83294cb6d3c8e9d2/dojo_config.json", O_RDONLY|O_CLOEXEC) = 4
3261590 openat(AT_FDCWD, "/research/d7/spc/yzyang4/aira-dojo-runs/aira-dojo/user_yzyang4_issue_mcts_data_gen2K2a/user_yzyang4_issue_mcts_data_gen2K2a_seed_852_id_84b6b9557842832060464b2a448d1cb5b072b9cfdb0f780ebc7be642/dojo_config.json", O_RDONLY|O_CLOEXEC) = 4
3261590 openat(AT_FDCWD, "/research/d7/spc/yzyang4/aira-dojo-runs/aira-dojo/user_yzyang4_issue_mcts_data_gen2K2b/user_yzyang4_issue_mcts_data_gen2K2b_seed_853_id_8880cfd2b110dde98f68df1d1897e29625946542fe2f4f1219c73d0b/dojo_config.json", O_RDONLY|O_CLOEXEC) = 4
3261590 openat(AT_FDCWD, "/research/d7/spc/yzyang4/aira-dojo-runs/aira-dojo/user_yzyang4_issue_mcts_data_gen2K2b/user_yzyang4_issue_mcts_data_gen2K2b_seed_854_id_4b51d5080cbe926f863e92a4b1d202b3b452876b2e85177078c5e727/dojo_config.json", O_RDONLY|O_CLOEXEC) = 4
3261590 openat(AT_FDCWD, "/research/d7/spc/yzyang4/aira-dojo-runs/aira-dojo/user_yzyang4_issue_mcts_data_gen2K2b/user_yzyang4_issue_mcts_data_gen2K2b_seed_853_id_87728e79502a0b04eb9889b053dc94439cd41b3ef8c964aff9a9f21e/dojo_config.json", O_RDONLY|O_CLOEXEC) = 4
3261590 openat(AT_FDCWD, "/research/d7/spc/yzyang4/aira-dojo-runs/aira-dojo/user_yzyang4_issue_mcts_data_gen2K2b/user_yzyang4_issue_mcts_data_gen2K2b_seed_854_id_9be4061ab1cb5b4ef94a1d67628ad64937342502041b990bbf366400/dojo_config.json", O_RDONLY|O_CLOEXEC) = 4
3261590 openat(AT_FDCWD, "/research/d7/spc/yzyang4/aira-dojo-runs/aira-dojo/user_yzyang4_issue_schema_probe_smoke_v1/user_yzyang4_issue_schema_probe_smoke_v1_seed_861_id_0132b803a3fcc2f3e581284cbc88cbdfbdaacfd0bc36a1adbf0bc094/dojo_config.json", O_RDONLY|O_CLOEXEC) = 4
3261590 openat(AT_FDCWD, "/research/d7/spc/yzyang4/aira-dojo-runs/aira-dojo/user_yzyang4_issue_schema_probe_smoke_v1/user_yzyang4_issue_schema_probe_smoke_v1_seed_861_id_1109f13784e39d0a643039303772fbf6bda69274ea4fc4819c758360/dojo_config.json", O_RDONLY|O_CLOEXEC) = 4
