[2026-09-04 02:52:13,011] [WARNING] [real_accelerator.py:199:get_accelerator] Setting accelerator to CPU. If you have GPU or other accelerator, we were unable to detect it.
[2026-09-04 02:52:33,515] [WARNING] [real_accelerator.py:199:get_accelerator] Setting accelerator to CPU. If you have GPU or other accelerator, we were unable to detect it.
[2026-09-04 02:52:33,515] [WARNING] [real_accelerator.py:199:get_accelerator] Setting accelerator to CPU. If you have GPU or other accelerator, we were unable to detect it.
{"completed_trajectories": 1, "name": "w2-G_to_L-full"}
[2026-09-04 02:52:49,028] [WARNING] [real_accelerator.py:199:get_accelerator] Setting accelerator to CPU. If you have GPU or other accelerator, we were unable to detect it.
[2026-09-04 02:52:49,034] [WARNING] [real_accelerator.py:199:get_accelerator] Setting accelerator to CPU. If you have GPU or other accelerator, we were unable to detect it.
{"completed_trajectories": 2, "name": "w2-G_to_L-prefix2"}
[2026-09-04 02:53:08,462] [WARNING] [real_accelerator.py:199:get_accelerator] Setting accelerator to CPU. If you have GPU or other accelerator, we were unable to detect it.
[2026-09-04 02:53:08,463] [WARNING] [real_accelerator.py:199:get_accelerator] Setting accelerator to CPU. If you have GPU or other accelerator, we were unable to detect it.
{"completed_trajectories": 3, "name": "w2-G_to_L-resume2"}
[2026-09-04 02:53:24,260] [WARNING] [real_accelerator.py:199:get_accelerator] Setting accelerator to CPU. If you have GPU or other accelerator, we were unable to detect it.
[2026-09-04 02:53:24,260] [WARNING] [real_accelerator.py:199:get_accelerator] Setting accelerator to CPU. If you have GPU or other accelerator, we were unable to detect it.
{"completed_trajectories": 4, "name": "w2-G_to_L-prefix3"}
[2026-09-04 02:53:39,800] [WARNING] [real_accelerator.py:199:get_accelerator] Setting accelerator to CPU. If you have GPU or other accelerator, we were unable to detect it.
[2026-09-04 02:53:39,843] [WARNING] [real_accelerator.py:199:get_accelerator] Setting accelerator to CPU. If you have GPU or other accelerator, we were unable to detect it.
{"completed_trajectories": 5, "name": "w2-G_to_L-resume3"}
[2026-09-04 02:53:55,031] [WARNING] [real_accelerator.py:199:get_accelerator] Setting accelerator to CPU. If you have GPU or other accelerator, we were unable to detect it.
[2026-09-04 02:53:55,066] [WARNING] [real_accelerator.py:199:get_accelerator] Setting accelerator to CPU. If you have GPU or other accelerator, we were unable to detect it.
{"completed_trajectories": 6, "name": "w2-Ghash_to_L-full"}
[2026-09-04 02:54:09,662] [WARNING] [real_accelerator.py:199:get_accelerator] Setting accelerator to CPU. If you have GPU or other accelerator, we were unable to detect it.
[2026-09-04 02:54:09,730] [WARNING] [real_accelerator.py:199:get_accelerator] Setting accelerator to CPU. If you have GPU or other accelerator, we were unable to detect it.
{"completed_trajectories": 7, "name": "w2-Ghash_to_L-prefix2"}
[2026-09-04 02:54:24,992] [WARNING] [real_accelerator.py:199:get_accelerator] Setting accelerator to CPU. If you have GPU or other accelerator, we were unable to detect it.
[2026-09-04 02:54:24,993] [WARNING] [real_accelerator.py:199:get_accelerator] Setting accelerator to CPU. If you have GPU or other accelerator, we were unable to detect it.
{"completed_trajectories": 8, "name": "w2-Ghash_to_L-resume2"}
[2026-09-04 02:54:41,244] [WARNING] [real_accelerator.py:199:get_accelerator] Setting accelerator to CPU. If you have GPU or other accelerator, we were unable to detect it.
[2026-09-04 02:54:41,278] [WARNING] [real_accelerator.py:199:get_accelerator] Setting accelerator to CPU. If you have GPU or other accelerator, we were unable to detect it.
{"completed_trajectories": 9, "name": "w2-Ghash_to_L-prefix3"}
[2026-09-04 02:54:56,837] [WARNING] [real_accelerator.py:199:get_accelerator] Setting accelerator to CPU. If you have GPU or other accelerator, we were unable to detect it.
[2026-09-04 02:54:56,890] [WARNING] [real_accelerator.py:199:get_accelerator] Setting accelerator to CPU. If you have GPU or other accelerator, we were unable to detect it.
{"completed_trajectories": 10, "name": "w2-Ghash_to_L-resume3"}
[2026-09-04 02:55:12,175] [WARNING] [real_accelerator.py:199:get_accelerator] Setting accelerator to CPU. If you have GPU or other accelerator, we were unable to detect it.
[2026-09-04 02:55:12,219] [WARNING] [real_accelerator.py:199:get_accelerator] Setting accelerator to CPU. If you have GPU or other accelerator, we were unable to detect it.
[2026-09-04 02:55:12,232] [WARNING] [real_accelerator.py:199:get_accelerator] Setting accelerator to CPU. If you have GPU or other accelerator, we were unable to detect it.
[2026-09-04 02:55:12,285] [WARNING] [real_accelerator.py:199:get_accelerator] Setting accelerator to CPU. If you have GPU or other accelerator, we were unable to detect it.
{"completed_trajectories": 11, "name": "w4-G_to_L-full"}
[2026-09-04 02:55:28,273] [WARNING] [real_accelerator.py:199:get_accelerator] Setting accelerator to CPU. If you have GPU or other accelerator, we were unable to detect it.
[2026-09-04 02:55:28,273] [WARNING] [real_accelerator.py:199:get_accelerator] Setting accelerator to CPU. If you have GPU or other accelerator, we were unable to detect it.
[2026-09-04 02:55:28,273] [WARNING] [real_accelerator.py:199:get_accelerator] Setting accelerator to CPU. If you have GPU or other accelerator, we were unable to detect it.
[2026-09-04 02:55:28,273] [WARNING] [real_accelerator.py:199:get_accelerator] Setting accelerator to CPU. If you have GPU or other accelerator, we were unable to detect it.
{"completed_trajectories": 12, "name": "w4-G_to_L-prefix2"}
[2026-09-04 02:55:43,850] [WARNING] [real_accelerator.py:199:get_accelerator] Setting accelerator to CPU. If you have GPU or other accelerator, we were unable to detect it.
[2026-09-04 02:55:43,855] [WARNING] [real_accelerator.py:199:get_accelerator] Setting accelerator to CPU. If you have GPU or other accelerator, we were unable to detect it.
[2026-09-04 02:55:43,911] [WARNING] [real_accelerator.py:199:get_accelerator] Setting accelerator to CPU. If you have GPU or other accelerator, we were unable to detect it.
[2026-09-04 02:55:43,919] [WARNING] [real_accelerator.py:199:get_accelerator] Setting accelerator to CPU. If you have GPU or other accelerator, we were unable to detect it.
{"completed_trajectories": 13, "name": "w4-G_to_L-resume2"}
[2026-09-04 02:55:59,894] [WARNING] [real_accelerator.py:199:get_accelerator] Setting accelerator to CPU. If you have GPU or other accelerator, we were unable to detect it.
[2026-09-04 02:55:59,896] [WARNING] [real_accelerator.py:199:get_accelerator] Setting accelerator to CPU. If you have GPU or other accelerator, we were unable to detect it.
[2026-09-04 02:55:59,927] [WARNING] [real_accelerator.py:199:get_accelerator] Setting accelerator to CPU. If you have GPU or other accelerator, we were unable to detect it.
[2026-09-04 02:55:59,933] [WARNING] [real_accelerator.py:199:get_accelerator] Setting accelerator to CPU. If you have GPU or other accelerator, we were unable to detect it.
{"completed_trajectories": 14, "name": "w4-G_to_L-prefix3"}
[2026-09-04 02:56:15,312] [WARNING] [real_accelerator.py:199:get_accelerator] Setting accelerator to CPU. If you have GPU or other accelerator, we were unable to detect it.
[2026-09-04 02:56:15,333] [WARNING] [real_accelerator.py:199:get_accelerator] Setting accelerator to CPU. If you have GPU or other accelerator, we were unable to detect it.
[2026-09-04 02:56:15,338] [WARNING] [real_accelerator.py:199:get_accelerator] Setting accelerator to CPU. If you have GPU or other accelerator, we were unable to detect it.
[2026-09-04 02:56:15,365] [WARNING] [real_accelerator.py:199:get_accelerator] Setting accelerator to CPU. If you have GPU or other accelerator, we were unable to detect it.
{"completed_trajectories": 15, "name": "w4-G_to_L-resume3"}
[2026-09-04 02:56:30,099] [WARNING] [real_accelerator.py:199:get_accelerator] Setting accelerator to CPU. If you have GPU or other accelerator, we were unable to detect it.
[2026-09-04 02:56:30,099] [WARNING] [real_accelerator.py:199:get_accelerator] Setting accelerator to CPU. If you have GPU or other accelerator, we were unable to detect it.
[2026-09-04 02:56:30,099] [WARNING] [real_accelerator.py:199:get_accelerator] Setting accelerator to CPU. If you have GPU or other accelerator, we were unable to detect it.
[2026-09-04 02:56:30,099] [WARNING] [real_accelerator.py:199:get_accelerator] Setting accelerator to CPU. If you have GPU or other accelerator, we were unable to detect it.
{"completed_trajectories": 16, "name": "w4-Ghash_to_L-full"}
[2026-09-04 02:56:46,826] [WARNING] [real_accelerator.py:199:get_accelerator] Setting accelerator to CPU. If you have GPU or other accelerator, we were unable to detect it.
[2026-09-04 02:56:46,826] [WARNING] [real_accelerator.py:199:get_accelerator] Setting accelerator to CPU. If you have GPU or other accelerator, we were unable to detect it.
[2026-09-04 02:56:46,827] [WARNING] [real_accelerator.py:199:get_accelerator] Setting accelerator to CPU. If you have GPU or other accelerator, we were unable to detect it.
[2026-09-04 02:56:46,827] [WARNING] [real_accelerator.py:199:get_accelerator] Setting accelerator to CPU. If you have GPU or other accelerator, we were unable to detect it.
{"completed_trajectories": 17, "name": "w4-Ghash_to_L-prefix2"}
[2026-09-04 02:57:03,795] [WARNING] [real_accelerator.py:199:get_accelerator] Setting accelerator to CPU. If you have GPU or other accelerator, we were unable to detect it.
[2026-09-04 02:57:03,796] [WARNING] [real_accelerator.py:199:get_accelerator] Setting accelerator to CPU. If you have GPU or other accelerator, we were unable to detect it.
[2026-09-04 02:57:03,796] [WARNING] [real_accelerator.py:199:get_accelerator] Setting accelerator to CPU. If you have GPU or other accelerator, we were unable to detect it.
[2026-09-04 02:57:03,796] [WARNING] [real_accelerator.py:199:get_accelerator] Setting accelerator to CPU. If you have GPU or other accelerator, we were unable to detect it.
{"completed_trajectories": 18, "name": "w4-Ghash_to_L-resume2"}
[2026-09-04 02:57:21,068] [WARNING] [real_accelerator.py:199:get_accelerator] Setting accelerator to CPU. If you have GPU or other accelerator, we were unable to detect it.
[2026-09-04 02:57:21,069] [WARNING] [real_accelerator.py:199:get_accelerator] Setting accelerator to CPU. If you have GPU or other accelerator, we were unable to detect it.
[2026-09-04 02:57:21,069] [WARNING] [real_accelerator.py:199:get_accelerator] Setting accelerator to CPU. If you have GPU or other accelerator, we were unable to detect it.
[2026-09-04 02:57:21,070] [WARNING] [real_accelerator.py:199:get_accelerator] Setting accelerator to CPU. If you have GPU or other accelerator, we were unable to detect it.
{"completed_trajectories": 19, "name": "w4-Ghash_to_L-prefix3"}
[2026-09-04 02:57:41,196] [WARNING] [real_accelerator.py:199:get_accelerator] Setting accelerator to CPU. If you have GPU or other accelerator, we were unable to detect it.
[2026-09-04 02:57:41,196] [WARNING] [real_accelerator.py:199:get_accelerator] Setting accelerator to CPU. If you have GPU or other accelerator, we were unable to detect it.
[2026-09-04 02:57:41,197] [WARNING] [real_accelerator.py:199:get_accelerator] Setting accelerator to CPU. If you have GPU or other accelerator, we were unable to detect it.
[2026-09-04 02:57:41,197] [WARNING] [real_accelerator.py:199:get_accelerator] Setting accelerator to CPU. If you have GPU or other accelerator, we were unable to detect it.
{"completed_trajectories": 20, "name": "w4-Ghash_to_L-resume3"}
{"status": "EXECUTION_COMPLETE_INDEPENDENT_VERIFICATION_REQUIRED", "base_commit": "dca429b85507cfcd96b256f65e2df2ac15be7b9a", "preflight_sha256": "ce6c83dc04aab326366f075d695ab5faf6bf413eb2266c8a71d28a55e038176b", "distributed_trajectories": 20, "global_optimizer_updates": 48, "all_rank_forward_calls": 612, "research_model_fits": 0, "real_data_opened": false, "gpu_context_created": false, "API_calls": 0}
