4041080 openat(AT_FDCWD, "/usr/local/cuda-12.8/lib64/glibc-hwcaps/x86-64-v4/libc.so.6", O_RDONLY|O_CLOEXEC) = -1 ENOENT (No such file or directory)
4041080 openat(AT_FDCWD, "/usr/local/cuda-12.8/lib64/glibc-hwcaps/x86-64-v3/libc.so.6", O_RDONLY|O_CLOEXEC) = -1 ENOENT (No such file or directory)
4041080 openat(AT_FDCWD, "/usr/local/cuda-12.8/lib64/glibc-hwcaps/x86-64-v2/libc.so.6", O_RDONLY|O_CLOEXEC) = -1 ENOENT (No such file or directory)
4041080 openat(AT_FDCWD, "/usr/local/cuda-12.8/lib64/libc.so.6", O_RDONLY|O_CLOEXEC) = -1 ENOENT (No such file or directory)
4041080 openat(AT_FDCWD, "glibc-hwcaps/x86-64-v4/libc.so.6", O_RDONLY|O_CLOEXEC) = -1 ENOENT (No such file or directory)
4041080 openat(AT_FDCWD, "glibc-hwcaps/x86-64-v3/libc.so.6", O_RDONLY|O_CLOEXEC) = -1 ENOENT (No such file or directory)
4041080 openat(AT_FDCWD, "glibc-hwcaps/x86-64-v2/libc.so.6", O_RDONLY|O_CLOEXEC) = -1 ENOENT (No such file or directory)
4041080 openat(AT_FDCWD, "libc.so.6", O_RDONLY|O_CLOEXEC) = -1 ENOENT (No such file or directory)
4041080 openat(AT_FDCWD, "/etc/ld.so.cache", O_RDONLY|O_CLOEXEC) = 3
4041080 openat(AT_FDCWD, "/lib/x86_64-linux-gnu/libc.so.6", O_RDONLY|O_CLOEXEC) = 3
4041080 openat(AT_FDCWD, "/usr/lib/locale/locale-archive", O_RDONLY|O_CLOEXEC) = 3
4041081 openat(AT_FDCWD, "/data/d0/y24/yzyang4/.local/share/uv/python/cpython-3.11.15-linux-x86_64-gnu/bin/../lib/glibc-hwcaps/x86-64-v4/libpthread.so.0", O_RDONLY|O_CLOEXEC) = -1 ENOENT (No such file or directory)
4041081 openat(AT_FDCWD, "/data/d0/y24/yzyang4/.local/share/uv/python/cpython-3.11.15-linux-x86_64-gnu/bin/../lib/glibc-hwcaps/x86-64-v3/libpthread.so.0", O_RDONLY|O_CLOEXEC) = -1 ENOENT (No such file or directory)
4041081 openat(AT_FDCWD, "/data/d0/y24/yzyang4/.local/share/uv/python/cpython-3.11.15-linux-x86_64-gnu/bin/../lib/glibc-hwcaps/x86-64-v2/libpthread.so.0", O_RDONLY|O_CLOEXEC) = -1 ENOENT (No such file or directory)
4041081 openat(AT_FDCWD, "/data/d0/y24/yzyang4/.local/share/uv/python/cpython-3.11.15-linux-x86_64-gnu/bin/../lib/libpthread.so.0", O_RDONLY|O_CLOEXEC) = -1 ENOENT (No such file or directory)
4041081 openat(AT_FDCWD, "/usr/local/cuda-12.8/lib64/glibc-hwcaps/x86-64-v4/libpthread.so.0", O_RDONLY|O_CLOEXEC) = -1 ENOENT (No such file or directory)
4041081 openat(AT_FDCWD, "/usr/local/cuda-12.8/lib64/glibc-hwcaps/x86-64-v3/libpthread.so.0", O_RDONLY|O_CLOEXEC) = -1 ENOENT (No such file or directory)
4041081 openat(AT_FDCWD, "/usr/local/cuda-12.8/lib64/glibc-hwcaps/x86-64-v2/libpthread.so.0", O_RDONLY|O_CLOEXEC) = -1 ENOENT (No such file or directory)
4041081 openat(AT_FDCWD, "/usr/local/cuda-12.8/lib64/libpthread.so.0", O_RDONLY|O_CLOEXEC) = -1 ENOENT (No such file or directory)
4041081 openat(AT_FDCWD, "glibc-hwcaps/x86-64-v4/libpthread.so.0", O_RDONLY|O_CLOEXEC) = -1 ENOENT (No such file or directory)
4041081 openat(AT_FDCWD, "glibc-hwcaps/x86-64-v3/libpthread.so.0", O_RDONLY|O_CLOEXEC) = -1 ENOENT (No such file or directory)
4041081 openat(AT_FDCWD, "glibc-hwcaps/x86-64-v2/libpthread.so.0", O_RDONLY|O_CLOEXEC) = -1 ENOENT (No such file or directory)
4041081 openat(AT_FDCWD, "libpthread.so.0", O_RDONLY|O_CLOEXEC) = -1 ENOENT (No such file or directory)
4041081 openat(AT_FDCWD, "/etc/ld.so.cache", O_RDONLY|O_CLOEXEC) = 3
4041081 openat(AT_FDCWD, "/lib/x86_64-linux-gnu/libpthread.so.0", O_RDONLY|O_CLOEXEC) = 3
4041081 openat(AT_FDCWD, "/data/d0/y24/yzyang4/.local/share/uv/python/cpython-3.11.15-linux-x86_64-gnu/bin/../lib/libdl.so.2", O_RDONLY|O_CLOEXEC) = -1 ENOENT (No such file or directory)
4041081 openat(AT_FDCWD, "glibc-hwcaps/x86-64-v4/libdl.so.2", O_RDONLY|O_CLOEXEC) = -1 ENOENT (No such file or directory)
4041081 openat(AT_FDCWD, "glibc-hwcaps/x86-64-v3/libdl.so.2", O_RDONLY|O_CLOEXEC) = -1 ENOENT (No such file or directory)
4041081 openat(AT_FDCWD, "glibc-hwcaps/x86-64-v2/libdl.so.2", O_RDONLY|O_CLOEXEC) = -1 ENOENT (No such file or directory)
4041081 openat(AT_FDCWD, "libdl.so.2", O_RDONLY|O_CLOEXEC) = -1 ENOENT (No such file or directory)
4041081 openat(AT_FDCWD, "/lib/x86_64-linux-gnu/libdl.so.2", O_RDONLY|O_CLOEXEC) = 3
4041081 openat(AT_FDCWD, "/data/d0/y24/yzyang4/.local/share/uv/python/cpython-3.11.15-linux-x86_64-gnu/bin/../lib/libutil.so.1", O_RDONLY|O_CLOEXEC) = -1 ENOENT (No such file or directory)
4041081 openat(AT_FDCWD, "glibc-hwcaps/x86-64-v4/libutil.so.1", O_RDONLY|O_CLOEXEC) = -1 ENOENT (No such file or directory)
4041081 openat(AT_FDCWD, "glibc-hwcaps/x86-64-v3/libutil.so.1", O_RDONLY|O_CLOEXEC) = -1 ENOENT (No such file or directory)
4041081 openat(AT_FDCWD, "glibc-hwcaps/x86-64-v2/libutil.so.1", O_RDONLY|O_CLOEXEC) = -1 ENOENT (No such file or directory)
4041081 openat(AT_FDCWD, "libutil.so.1", O_RDONLY|O_CLOEXEC) = -1 ENOENT (No such file or directory)
4041081 openat(AT_FDCWD, "/lib/x86_64-linux-gnu/libutil.so.1", O_RDONLY|O_CLOEXEC) = 3
4041081 openat(AT_FDCWD, "/data/d0/y24/yzyang4/.local/share/uv/python/cpython-3.11.15-linux-x86_64-gnu/bin/../lib/librt.so.1", O_RDONLY|O_CLOEXEC) = -1 ENOENT (No such file or directory)
4041081 openat(AT_FDCWD, "glibc-hwcaps/x86-64-v4/librt.so.1", O_RDONLY|O_CLOEXEC) = -1 ENOENT (No such file or directory)
4041081 openat(AT_FDCWD, "glibc-hwcaps/x86-64-v3/librt.so.1", O_RDONLY|O_CLOEXEC) = -1 ENOENT (No such file or directory)
4041081 openat(AT_FDCWD, "glibc-hwcaps/x86-64-v2/librt.so.1", O_RDONLY|O_CLOEXEC) = -1 ENOENT (No such file or directory)
4041081 openat(AT_FDCWD, "librt.so.1", O_RDONLY|O_CLOEXEC) = -1 ENOENT (No such file or directory)
4041081 openat(AT_FDCWD, "/lib/x86_64-linux-gnu/librt.so.1", O_RDONLY|O_CLOEXEC) = 3
4041081 openat(AT_FDCWD, "/data/d0/y24/yzyang4/.local/share/uv/python/cpython-3.11.15-linux-x86_64-gnu/bin/../lib/libm.so.6", O_RDONLY|O_CLOEXEC) = -1 ENOENT (No such file or directory)
4041081 openat(AT_FDCWD, "glibc-hwcaps/x86-64-v4/libm.so.6", O_RDONLY|O_CLOEXEC) = -1 ENOENT (No such file or directory)
4041081 openat(AT_FDCWD, "glibc-hwcaps/x86-64-v3/libm.so.6", O_RDONLY|O_CLOEXEC) = -1 ENOENT (No such file or directory)
4041081 openat(AT_FDCWD, "glibc-hwcaps/x86-64-v2/libm.so.6", O_RDONLY|O_CLOEXEC) = -1 ENOENT (No such file or directory)
4041081 openat(AT_FDCWD, "libm.so.6", O_RDONLY|O_CLOEXEC) = -1 ENOENT (No such file or directory)
4041081 openat(AT_FDCWD, "/lib/x86_64-linux-gnu/libm.so.6", O_RDONLY|O_CLOEXEC) = 3
4041081 openat(AT_FDCWD, "/data/d0/y24/yzyang4/.local/share/uv/python/cpython-3.11.15-linux-x86_64-gnu/bin/../lib/libc.so.6", O_RDONLY|O_CLOEXEC) = -1 ENOENT (No such file or directory)
4041081 openat(AT_FDCWD, "glibc-hwcaps/x86-64-v4/libc.so.6", O_RDONLY|O_CLOEXEC) = -1 ENOENT (No such file or directory)
4041081 openat(AT_FDCWD, "glibc-hwcaps/x86-64-v3/libc.so.6", O_RDONLY|O_CLOEXEC) = -1 ENOENT (No such file or directory)
4041081 openat(AT_FDCWD, "glibc-hwcaps/x86-64-v2/libc.so.6", O_RDONLY|O_CLOEXEC) = -1 ENOENT (No such file or directory)
4041081 openat(AT_FDCWD, "libc.so.6", O_RDONLY|O_CLOEXEC) = -1 ENOENT (No such file or directory)
4041081 openat(AT_FDCWD, "/lib/x86_64-linux-gnu/libc.so.6", O_RDONLY|O_CLOEXEC) = 3
4041081 openat(AT_FDCWD, "/usr/lib/locale/locale-archive", O_RDONLY|O_CLOEXEC) = 3
4041081 openat(AT_FDCWD, "/usr/lib/x86_64-linux-gnu/gconv/gconv-modules.cache", O_RDONLY|O_CLOEXEC) = 3
4041081 openat(AT_FDCWD, "/proc/self/maps", O_RDONLY) = 3
4041081 openat(AT_FDCWD, "/research/d7/spc/yzyang4/venvs/exp/pyvenv.cfg", O_RDONLY) = 3
4041081 openat(AT_FDCWD, "/data/d0/y24/yzyang4/.local/share/uv/python/cpython-3.11.15-linux-x86_64-gnu/bin/python3.11\n._pth", O_RDONLY) = -1 ENOENT (No such file or directory)
4041081 openat(AT_FDCWD, "/research/d7/spc/yzyang4/venvs/exp/bin/python._pth", O_RDONLY) = -1 ENOENT (No such file or directory)
4041081 openat(AT_FDCWD, "/uac/y24/yzyang4/.local/share/uv/python/cpython-3.11.15-linux-x86_64-gnu/bin/python3.11._pth", O_RDONLY) = -1 ENOENT (No such file or directory)
4041081 openat(AT_FDCWD, "/uac/y24/yzyang4/.local/share/uv/python/cpython-3.11.15-linux-x86_64-gnu/bin/pybuilddir.txt", O_RDONLY) = -1 ENOENT (No such file or directory)
4041081 openat(AT_FDCWD, "/etc/localtime", O_RDONLY|O_CLOEXEC) = 3
4041081 openat(AT_FDCWD, "/data/d0/y24/yzyang4/.local/share/uv/python/cpython-3.11.15-linux-x86_64-gnu/lib/python3.11", O_RDONLY|O_NONBLOCK|O_CLOEXEC|O_DIRECTORY) = 3
4041081 openat(AT_FDCWD, "/data/d0/y24/yzyang4/.local/share/uv/python/cpython-3.11.15-linux-x86_64-gnu/lib/python3.11/encodings/__pycache__/__init__.cpython-311.pyc", O_RDONLY|O_CLOEXEC) = 3
4041081 openat(AT_FDCWD, "/data/d0/y24/yzyang4/.local/share/uv/python/cpython-3.11.15-linux-x86_64-gnu/lib/python3.11/encodings", O_RDONLY|O_NONBLOCK|O_CLOEXEC|O_DIRECTORY) = 3
4041081 openat(AT_FDCWD, "/data/d0/y24/yzyang4/.local/share/uv/python/cpython-3.11.15-linux-x86_64-gnu/lib/python3.11/encodings/__pycache__/aliases.cpython-311.pyc", O_RDONLY|O_CLOEXEC) = 3
4041081 openat(AT_FDCWD, "/data/d0/y24/yzyang4/.local/share/uv/python/cpython-3.11.15-linux-x86_64-gnu/lib/python3.11/encodings/__pycache__/utf_8.cpython-311.pyc", O_RDONLY|O_CLOEXEC) = 3
4041081 openat(AT_FDCWD, "/research/d7/spc/yzyang4/venvs/exp/pyvenv.cfg", O_RDONLY|O_CLOEXEC) = 3
4041081 openat(AT_FDCWD, "/research/d7/spc/yzyang4/venvs/exp/lib/python3.11/site-packages", O_RDONLY|O_NONBLOCK|O_CLOEXEC|O_DIRECTORY) = 3
4041081 openat(AT_FDCWD, "/research/d7/spc/yzyang4/venvs/exp/lib/python3.11/site-packages/__editable__.mlebench-1.0.0.pth", O_RDONLY|O_CLOEXEC) = 3
4041081 openat(AT_FDCWD, "/uac/y24/yzyang4/.local/share/uv/python/cpython-3.11.15-linux-x86_64-gnu/lib/python3.11/lib-dynload", O_RDONLY|O_NONBLOCK|O_CLOEXEC|O_DIRECTORY) = 4
4041081 openat(AT_FDCWD, "/research/d7/spc/yzyang4/venvs/exp/lib/python3.11/site-packages", O_RDONLY|O_NONBLOCK|O_CLOEXEC|O_DIRECTORY) = 4
4041081 openat(AT_FDCWD, "/research/d7/spc/yzyang4/venvs/exp/lib/python3.11/site-packages/__pycache__/__editable___mlebench_1_0_0_finder.cpython-311.pyc", O_RDONLY|O_CLOEXEC) = 4
4041081 openat(AT_FDCWD, "/data/d0/y24/yzyang4/.local/share/uv/python/cpython-3.11.15-linux-x86_64-gnu/lib/python3.11/__pycache__/__future__.cpython-311.pyc", O_RDONLY|O_CLOEXEC) = 4
4041081 openat(AT_FDCWD, "/data/d0/y24/yzyang4/.local/share/uv/python/cpython-3.11.15-linux-x86_64-gnu/lib/python3.11/importlib/__pycache__/__init__.cpython-311.pyc", O_RDONLY|O_CLOEXEC) = 4
4041081 openat(AT_FDCWD, "/data/d0/y24/yzyang4/.local/share/uv/python/cpython-3.11.15-linux-x86_64-gnu/lib/python3.11/__pycache__/warnings.cpython-311.pyc", O_RDONLY|O_CLOEXEC) = 4
4041081 openat(AT_FDCWD, "/data/d0/y24/yzyang4/.local/share/uv/python/cpython-3.11.15-linux-x86_64-gnu/lib/python3.11/importlib", O_RDONLY|O_NONBLOCK|O_CLOEXEC|O_DIRECTORY) = 4
4041081 openat(AT_FDCWD, "/data/d0/y24/yzyang4/.local/share/uv/python/cpython-3.11.15-linux-x86_64-gnu/lib/python3.11/importlib/__pycache__/_abc.cpython-311.pyc", O_RDONLY|O_CLOEXEC) = 4
4041081 openat(AT_FDCWD, "/data/d0/y24/yzyang4/.local/share/uv/python/cpython-3.11.15-linux-x86_64-gnu/lib/python3.11/__pycache__/contextlib.cpython-311.pyc", O_RDONLY|O_CLOEXEC) = 4
4041081 openat(AT_FDCWD, "/data/d0/y24/yzyang4/.local/share/uv/python/cpython-3.11.15-linux-x86_64-gnu/lib/python3.11/collections/__pycache__/__init__.cpython-311.pyc", O_RDONLY|O_CLOEXEC) = 4
4041081 openat(AT_FDCWD, "/data/d0/y24/yzyang4/.local/share/uv/python/cpython-3.11.15-linux-x86_64-gnu/lib/python3.11/__pycache__/keyword.cpython-311.pyc", O_RDONLY|O_CLOEXEC) = 4
4041081 openat(AT_FDCWD, "/data/d0/y24/yzyang4/.local/share/uv/python/cpython-3.11.15-linux-x86_64-gnu/lib/python3.11/__pycache__/operator.cpython-311.pyc", O_RDONLY|O_CLOEXEC) = 4
4041081 openat(AT_FDCWD, "/data/d0/y24/yzyang4/.local/share/uv/python/cpython-3.11.15-linux-x86_64-gnu/lib/python3.11/__pycache__/reprlib.cpython-311.pyc", O_RDONLY|O_CLOEXEC) = 4
4041081 openat(AT_FDCWD, "/data/d0/y24/yzyang4/.local/share/uv/python/cpython-3.11.15-linux-x86_64-gnu/lib/python3.11/__pycache__/functools.cpython-311.pyc", O_RDONLY|O_CLOEXEC) = 4
4041081 openat(AT_FDCWD, "/data/d0/y24/yzyang4/.local/share/uv/python/cpython-3.11.15-linux-x86_64-gnu/lib/python3.11/__pycache__/types.cpython-311.pyc", O_RDONLY|O_CLOEXEC) = 4
4041081 openat(AT_FDCWD, "/data/d0/y24/yzyang4/.local/share/uv/python/cpython-3.11.15-linux-x86_64-gnu/lib/python3.11/__pycache__/threading.cpython-311.pyc", O_RDONLY|O_CLOEXEC) = 4
4041081 openat(AT_FDCWD, "/data/d0/y24/yzyang4/.local/share/uv/python/cpython-3.11.15-linux-x86_64-gnu/lib/python3.11/__pycache__/_weakrefset.cpython-311.pyc", O_RDONLY|O_CLOEXEC) = 4
4041081 openat(AT_FDCWD, "/data/d0/y24/yzyang4/.local/share/uv/python/cpython-3.11.15-linux-x86_64-gnu/lib/python3.11/__pycache__/pathlib.cpython-311.pyc", O_RDONLY|O_CLOEXEC) = 4
4041081 openat(AT_FDCWD, "/data/d0/y24/yzyang4/.local/share/uv/python/cpython-3.11.15-linux-x86_64-gnu/lib/python3.11/__pycache__/fnmatch.cpython-311.pyc", O_RDONLY|O_CLOEXEC) = 4
4041081 openat(AT_FDCWD, "/data/d0/y24/yzyang4/.local/share/uv/python/cpython-3.11.15-linux-x86_64-gnu/lib/python3.11/re/__pycache__/__init__.cpython-311.pyc", O_RDONLY|O_CLOEXEC) = 4
4041081 openat(AT_FDCWD, "/data/d0/y24/yzyang4/.local/share/uv/python/cpython-3.11.15-linux-x86_64-gnu/lib/python3.11/__pycache__/enum.cpython-311.pyc", O_RDONLY|O_CLOEXEC) = 4
4041081 openat(AT_FDCWD, "/data/d0/y24/yzyang4/.local/share/uv/python/cpython-3.11.15-linux-x86_64-gnu/lib/python3.11/re", O_RDONLY|O_NONBLOCK|O_CLOEXEC|O_DIRECTORY) = 4
4041081 openat(AT_FDCWD, "/data/d0/y24/yzyang4/.local/share/uv/python/cpython-3.11.15-linux-x86_64-gnu/lib/python3.11/re/__pycache__/_compiler.cpython-311.pyc", O_RDONLY|O_CLOEXEC) = 4
4041081 openat(AT_FDCWD, "/data/d0/y24/yzyang4/.local/share/uv/python/cpython-3.11.15-linux-x86_64-gnu/lib/python3.11/re/__pycache__/_parser.cpython-311.pyc", O_RDONLY|O_CLOEXEC) = 4
4041081 openat(AT_FDCWD, "/data/d0/y24/yzyang4/.local/share/uv/python/cpython-3.11.15-linux-x86_64-gnu/lib/python3.11/re/__pycache__/_constants.cpython-311.pyc", O_RDONLY|O_CLOEXEC) = 4
4041081 openat(AT_FDCWD, "/data/d0/y24/yzyang4/.local/share/uv/python/cpython-3.11.15-linux-x86_64-gnu/lib/python3.11/re/__pycache__/_casefix.cpython-311.pyc", O_RDONLY|O_CLOEXEC) = 4
4041081 openat(AT_FDCWD, "/data/d0/y24/yzyang4/.local/share/uv/python/cpython-3.11.15-linux-x86_64-gnu/lib/python3.11/__pycache__/copyreg.cpython-311.pyc", O_RDONLY|O_CLOEXEC) = 4
4041081 openat(AT_FDCWD, "/data/d0/y24/yzyang4/.local/share/uv/python/cpython-3.11.15-linux-x86_64-gnu/lib/python3.11/urllib/__pycache__/__init__.cpython-311.pyc", O_RDONLY|O_CLOEXEC) = 4
4041081 openat(AT_FDCWD, "/data/d0/y24/yzyang4/.local/share/uv/python/cpython-3.11.15-linux-x86_64-gnu/lib/python3.11/urllib", O_RDONLY|O_NONBLOCK|O_CLOEXEC|O_DIRECTORY) = 4
4041081 openat(AT_FDCWD, "/data/d0/y24/yzyang4/.local/share/uv/python/cpython-3.11.15-linux-x86_64-gnu/lib/python3.11/urllib/__pycache__/parse.cpython-311.pyc", O_RDONLY|O_CLOEXEC) = 4
4041081 openat(AT_FDCWD, "/data/d0/y24/yzyang4/.local/share/uv/python/cpython-3.11.15-linux-x86_64-gnu/lib/python3.11/__pycache__/ipaddress.cpython-311.pyc", O_RDONLY|O_CLOEXEC) = 4
4041081 openat(AT_FDCWD, "/research/d7/spc/yzyang4/venvs/exp/lib/python3.11/site-packages/_cuda_bindings_redirector.pth", O_RDONLY|O_CLOEXEC) = 3
4041081 openat(AT_FDCWD, "/research/d7/spc/yzyang4/venvs/exp/lib/python3.11/site-packages/__pycache__/_cuda_bindings_redirector.cpython-311.pyc", O_RDONLY|O_CLOEXEC) = 4
4041081 openat(AT_FDCWD, "/research/d7/spc/yzyang4/venvs/exp/lib/python3.11/site-packages/_virtualenv.pth", O_RDONLY|O_CLOEXEC) = 3
4041081 openat(AT_FDCWD, "/research/d7/spc/yzyang4/venvs/exp/lib/python3.11/site-packages/__pycache__/_virtualenv.cpython-311.pyc", O_RDONLY|O_CLOEXEC) = 4
4041081 openat(AT_FDCWD, "/research/d7/spc/yzyang4/venvs/exp/lib/python3.11/site-packages/autogluon-1.4.0-py3.9-nspkg.pth", O_RDONLY|O_CLOEXEC) = 3
4041081 openat(AT_FDCWD, "/research/d7/spc/yzyang4/venvs/exp/lib/python3.11/site-packages/autogluon.common-1.4.0-py3.9-nspkg.pth", O_RDONLY|O_CLOEXEC) = 3
4041081 openat(AT_FDCWD, "/research/d7/spc/yzyang4/venvs/exp/lib/python3.11/site-packages/autogluon.core-1.4.0-py3.9-nspkg.pth", O_RDONLY|O_CLOEXEC) = 3
4041081 openat(AT_FDCWD, "/research/d7/spc/yzyang4/venvs/exp/lib/python3.11/site-packages/autogluon.features-1.4.0-py3.9-nspkg.pth", O_RDONLY|O_CLOEXEC) = 3
4041081 openat(AT_FDCWD, "/research/d7/spc/yzyang4/venvs/exp/lib/python3.11/site-packages/autogluon.multimodal-1.4.0-py3.9-nspkg.pth", O_RDONLY|O_CLOEXEC) = 3
4041081 openat(AT_FDCWD, "/research/d7/spc/yzyang4/venvs/exp/lib/python3.11/site-packages/autogluon.tabular-1.4.0-py3.9-nspkg.pth", O_RDONLY|O_CLOEXEC) = 3
4041081 openat(AT_FDCWD, "/research/d7/spc/yzyang4/venvs/exp/lib/python3.11/site-packages/autogluon.timeseries-1.4.0-py3.9-nspkg.pth", O_RDONLY|O_CLOEXEC) = 3
4041081 openat(AT_FDCWD, "/research/d7/spc/yzyang4/venvs/exp/lib/python3.11/site-packages/coloredlogs.pth", O_RDONLY|O_CLOEXEC) = 3
4041081 openat(AT_FDCWD, "/research/d7/spc/yzyang4/venvs/exp/lib/python3.11/site-packages/distutils-precedence.pth", O_RDONLY|O_CLOEXEC) = 3
4041081 openat(AT_FDCWD, "/research/d7/spc/yzyang4/venvs/exp/lib/python3.11/site-packages/_distutils_hack/__pycache__/__init__.cpython-311.pyc", O_RDONLY|O_CLOEXEC) = 4
4041081 openat(AT_FDCWD, "/research/d7/spc/yzyang4/venvs/exp/lib/python3.11/site-packages/google_generativeai-0.8.4-py3.12-nspkg.pth", O_RDONLY|O_CLOEXEC) = 3
4041081 openat(AT_FDCWD, "/research/d7/spc/yzyang4/venvs/exp/lib/python3.11/site-packages", O_RDONLY|O_NONBLOCK|O_CLOEXEC|O_DIRECTORY) = 3
4041081 openat(AT_FDCWD, "/research/d7/spc/yzyang4/venvs/exp/lib/python3.11/site-packages/__editable__.mlebench-1.0.0.pth", O_RDONLY|O_CLOEXEC) = 3
4041081 openat(AT_FDCWD, "/research/d7/spc/yzyang4/venvs/exp/lib/python3.11/site-packages/_cuda_bindings_redirector.pth", O_RDONLY|O_CLOEXEC) = 3
4041081 openat(AT_FDCWD, "/research/d7/spc/yzyang4/venvs/exp/lib/python3.11/site-packages/_virtualenv.pth", O_RDONLY|O_CLOEXEC) = 3
4041081 openat(AT_FDCWD, "/research/d7/spc/yzyang4/venvs/exp/lib/python3.11/site-packages/autogluon-1.4.0-py3.9-nspkg.pth", O_RDONLY|O_CLOEXEC) = 3
4041081 openat(AT_FDCWD, "/research/d7/spc/yzyang4/venvs/exp/lib/python3.11/site-packages/autogluon.common-1.4.0-py3.9-nspkg.pth", O_RDONLY|O_CLOEXEC) = 3
4041081 openat(AT_FDCWD, "/research/d7/spc/yzyang4/venvs/exp/lib/python3.11/site-packages/autogluon.core-1.4.0-py3.9-nspkg.pth", O_RDONLY|O_CLOEXEC) = 3
4041081 openat(AT_FDCWD, "/research/d7/spc/yzyang4/venvs/exp/lib/python3.11/site-packages/autogluon.features-1.4.0-py3.9-nspkg.pth", O_RDONLY|O_CLOEXEC) = 3
4041081 openat(AT_FDCWD, "/research/d7/spc/yzyang4/venvs/exp/lib/python3.11/site-packages/autogluon.multimodal-1.4.0-py3.9-nspkg.pth", O_RDONLY|O_CLOEXEC) = 3
4041081 openat(AT_FDCWD, "/research/d7/spc/yzyang4/venvs/exp/lib/python3.11/site-packages/autogluon.tabular-1.4.0-py3.9-nspkg.pth", O_RDONLY|O_CLOEXEC) = 3
4041081 openat(AT_FDCWD, "/research/d7/spc/yzyang4/venvs/exp/lib/python3.11/site-packages/autogluon.timeseries-1.4.0-py3.9-nspkg.pth", O_RDONLY|O_CLOEXEC) = 3
4041081 openat(AT_FDCWD, "/research/d7/spc/yzyang4/venvs/exp/lib/python3.11/site-packages/coloredlogs.pth", O_RDONLY|O_CLOEXEC) = 3
4041081 openat(AT_FDCWD, "/research/d7/spc/yzyang4/venvs/exp/lib/python3.11/site-packages/distutils-precedence.pth", O_RDONLY|O_CLOEXEC) = 3
4041081 openat(AT_FDCWD, "/research/d7/spc/yzyang4/venvs/exp/lib/python3.11/site-packages/google_generativeai-0.8.4-py3.12-nspkg.pth", O_RDONLY|O_CLOEXEC) = 3
4041081 openat(AT_FDCWD, "/research/d7/spc/yzyang4/tree-linearization-depth-order/worktree-333a3b6-v1", O_RDONLY|O_NONBLOCK|O_CLOEXEC|O_DIRECTORY) = 3
4041081 openat(AT_FDCWD, "/research/d7/spc/yzyang4/tree-linearization-depth-order/worktree-333a3b6-v1/phase1/__pycache__/__init__.cpython-311.pyc", O_RDONLY|O_CLOEXEC) = 3
4041081 openat(AT_FDCWD, "/research/d7/spc/yzyang4/tree-linearization-depth-order/worktree-333a3b6-v1/phase1", O_RDONLY|O_NONBLOCK|O_CLOEXEC|O_DIRECTORY) = 3
4041081 openat(AT_FDCWD, "/research/d7/spc/yzyang4/tree-linearization-depth-order/worktree-333a3b6-v1/phase1/__pycache__/derive_tree_linearization_depth_order_corollary.cpython-311.pyc", O_RDONLY|O_CLOEXEC) = -1 ENOENT (No such file or directory)
4041081 openat(AT_FDCWD, "/research/d7/spc/yzyang4/tree-linearization-depth-order/worktree-333a3b6-v1/phase1/derive_tree_linearization_depth_order_corollary.py", O_RDONLY|O_CLOEXEC) = 3
4041081 openat(AT_FDCWD, "/data/d0/y24/yzyang4/.local/share/uv/python/cpython-3.11.15-linux-x86_64-gnu/lib/python3.11/__pycache__/argparse.cpython-311.pyc", O_RDONLY|O_CLOEXEC) = 3
4041081 openat(AT_FDCWD, "/data/d0/y24/yzyang4/.local/share/uv/python/cpython-3.11.15-linux-x86_64-gnu/lib/python3.11/__pycache__/gettext.cpython-311.pyc", O_RDONLY|O_CLOEXEC) = 3
4041081 openat(AT_FDCWD, "/data/d0/y24/yzyang4/.local/share/uv/python/cpython-3.11.15-linux-x86_64-gnu/lib/python3.11/__pycache__/hashlib.cpython-311.pyc", O_RDONLY|O_CLOEXEC) = 3
4041081 openat(AT_FDCWD, "/etc/ssl/openssl.cnf", O_RDONLY) = 3
4041081 openat(AT_FDCWD, "/data/d0/y24/yzyang4/.local/share/uv/python/cpython-3.11.15-linux-x86_64-gnu/lib/python3.11/json/__pycache__/__init__.cpython-311.pyc", O_RDONLY|O_CLOEXEC) = 3
4041081 openat(AT_FDCWD, "/data/d0/y24/yzyang4/.local/share/uv/python/cpython-3.11.15-linux-x86_64-gnu/lib/python3.11/json", O_RDONLY|O_NONBLOCK|O_CLOEXEC|O_DIRECTORY) = 3
4041081 openat(AT_FDCWD, "/data/d0/y24/yzyang4/.local/share/uv/python/cpython-3.11.15-linux-x86_64-gnu/lib/python3.11/json/__pycache__/decoder.cpython-311.pyc", O_RDONLY|O_CLOEXEC) = 3
4041081 openat(AT_FDCWD, "/data/d0/y24/yzyang4/.local/share/uv/python/cpython-3.11.15-linux-x86_64-gnu/lib/python3.11/json/__pycache__/scanner.cpython-311.pyc", O_RDONLY|O_CLOEXEC) = 3
4041081 openat(AT_FDCWD, "/data/d0/y24/yzyang4/.local/share/uv/python/cpython-3.11.15-linux-x86_64-gnu/lib/python3.11/json/__pycache__/encoder.cpython-311.pyc", O_RDONLY|O_CLOEXEC) = 3
4041081 openat(AT_FDCWD, "/data/d0/y24/yzyang4/.local/share/uv/python/cpython-3.11.15-linux-x86_64-gnu/lib/python3.11/__pycache__/fractions.cpython-311.pyc", O_RDONLY|O_CLOEXEC) = 3
4041081 openat(AT_FDCWD, "/data/d0/y24/yzyang4/.local/share/uv/python/cpython-3.11.15-linux-x86_64-gnu/lib/python3.11/__pycache__/decimal.cpython-311.pyc", O_RDONLY|O_CLOEXEC) = 3
4041081 openat(AT_FDCWD, "/data/d0/y24/yzyang4/.local/share/uv/python/cpython-3.11.15-linux-x86_64-gnu/lib/python3.11/__pycache__/numbers.cpython-311.pyc", O_RDONLY|O_CLOEXEC) = 3
4041081 openat(AT_FDCWD, "/data/d0/y24/yzyang4/.local/share/uv/python/cpython-3.11.15-linux-x86_64-gnu/lib/python3.11/collections", O_RDONLY|O_NONBLOCK|O_CLOEXEC|O_DIRECTORY) = 3
4041081 openat(AT_FDCWD, "/data/d0/y24/yzyang4/.local/share/uv/python/cpython-3.11.15-linux-x86_64-gnu/lib/python3.11/collections/__pycache__/abc.cpython-311.pyc", O_RDONLY|O_CLOEXEC) = 3
4041081 openat(AT_FDCWD, "/data/d0/y24/yzyang4/.local/share/uv/python/cpython-3.11.15-linux-x86_64-gnu/lib/python3.11/__pycache__/typing.cpython-311.pyc", O_RDONLY|O_CLOEXEC) = 3
4041081 openat(AT_FDCWD, "/data/d0/y24/yzyang4/.local/share/uv/python/cpython-3.11.15-linux-x86_64-gnu/lib/python3.11/__pycache__/locale.cpython-311.pyc", O_RDONLY|O_CLOEXEC) = 3
4041081 openat(AT_FDCWD, "/data/d0/y24/yzyang4/.local/share/uv/python/cpython-3.11.15-linux-x86_64-gnu/lib/python3.11/__pycache__/shutil.cpython-311.pyc", O_RDONLY|O_CLOEXEC) = 3
4041081 openat(AT_FDCWD, "/data/d0/y24/yzyang4/.local/share/uv/python/cpython-3.11.15-linux-x86_64-gnu/lib/python3.11/__pycache__/bz2.cpython-311.pyc", O_RDONLY|O_CLOEXEC) = 3
4041081 openat(AT_FDCWD, "/data/d0/y24/yzyang4/.local/share/uv/python/cpython-3.11.15-linux-x86_64-gnu/lib/python3.11/__pycache__/_compression.cpython-311.pyc", O_RDONLY|O_CLOEXEC) = 3
4041081 openat(AT_FDCWD, "/data/d0/y24/yzyang4/.local/share/uv/python/cpython-3.11.15-linux-x86_64-gnu/lib/python3.11/__pycache__/lzma.cpython-311.pyc", O_RDONLY|O_CLOEXEC) = 3
4041081 openat(AT_FDCWD, "/research/d7/spc/yzyang4/tree-linearization-depth-order/worktree-333a3b6-v1/phase1/tree_linearization_depth_order_corollary_v1.json", O_RDONLY|O_CLOEXEC) = 3
4041081 openat(AT_FDCWD, "/research/d7/spc/yzyang4/tree-linearization-depth-order/worktree-333a3b6-v1/phase1/tree_linearization_depth_order_corollary_v1.json", O_RDONLY|O_CLOEXEC) = 3
4041081 openat(AT_FDCWD, "/research/d7/spc/yzyang4/tree-linearization-depth-order/worktree-333a3b6-v1/phase1/results/tree_linearization_weight_887_20260828_e9f4fb9/formal/final_receipt.json", O_RDONLY|O_CLOEXEC) = 3
4041081 openat(AT_FDCWD, "/research/d7/spc/yzyang4/tree-linearization-depth-order/worktree-333a3b6-v1/phase1/results/tree_linearization_weight_887_20260828_e9f4fb9/formal/final_receipt.json", O_RDONLY|O_CLOEXEC) = 3
4041081 openat(AT_FDCWD, "/research/d7/spc/yzyang4/tree-linearization-depth-order/worktree-333a3b6-v1/phase1/derive_tree_linearization_depth_order_corollary.py", O_RDONLY|O_CLOEXEC) = 3
4041081 openat(AT_FDCWD, "/research/d7/spc/yzyang4/tree-linearization-depth-order/formal-333a3b6-887491a-v1/producer_a.json.tmp.4041081", O_WRONLY|O_CREAT|O_TRUNC|O_CLOEXEC, 0666) = 3
4041080 --- SIGCHLD {si_signo=SIGCHLD, si_code=CLD_EXITED, si_pid=4041081, si_uid=7542, si_status=0, si_utime=8 /* 0.08 s */, si_stime=3 /* 0.03 s */} ---
4041091 openat(AT_FDCWD, "/usr/local/cuda-12.8/lib64/glibc-hwcaps/x86-64-v4/libc.so.6", O_RDONLY|O_CLOEXEC) = -1 ENOENT (No such file or directory)
4041091 openat(AT_FDCWD, "/usr/local/cuda-12.8/lib64/glibc-hwcaps/x86-64-v3/libc.so.6", O_RDONLY|O_CLOEXEC) = -1 ENOENT (No such file or directory)
4041091 openat(AT_FDCWD, "/usr/local/cuda-12.8/lib64/glibc-hwcaps/x86-64-v2/libc.so.6", O_RDONLY|O_CLOEXEC) = -1 ENOENT (No such file or directory)
4041091 openat(AT_FDCWD, "/usr/local/cuda-12.8/lib64/libc.so.6", O_RDONLY|O_CLOEXEC) = -1 ENOENT (No such file or directory)
4041091 openat(AT_FDCWD, "glibc-hwcaps/x86-64-v4/libc.so.6", O_RDONLY|O_CLOEXEC) = -1 ENOENT (No such file or directory)
4041091 openat(AT_FDCWD, "glibc-hwcaps/x86-64-v3/libc.so.6", O_RDONLY|O_CLOEXEC) = -1 ENOENT (No such file or directory)
4041091 openat(AT_FDCWD, "glibc-hwcaps/x86-64-v2/libc.so.6", O_RDONLY|O_CLOEXEC) = -1 ENOENT (No such file or directory)
4041091 openat(AT_FDCWD, "libc.so.6", O_RDONLY|O_CLOEXEC) = -1 ENOENT (No such file or directory)
4041091 openat(AT_FDCWD, "/etc/ld.so.cache", O_RDONLY|O_CLOEXEC) = 3
4041091 openat(AT_FDCWD, "/lib/x86_64-linux-gnu/libc.so.6", O_RDONLY|O_CLOEXEC) = 3
4041091 openat(AT_FDCWD, "/usr/lib/locale/locale-archive", O_RDONLY|O_CLOEXEC) = 3
4041092 openat(AT_FDCWD, "/data/d0/y24/yzyang4/.local/share/uv/python/cpython-3.11.15-linux-x86_64-gnu/bin/../lib/glibc-hwcaps/x86-64-v4/libpthread.so.0", O_RDONLY|O_CLOEXEC) = -1 ENOENT (No such file or directory)
4041092 openat(AT_FDCWD, "/data/d0/y24/yzyang4/.local/share/uv/python/cpython-3.11.15-linux-x86_64-gnu/bin/../lib/glibc-hwcaps/x86-64-v3/libpthread.so.0", O_RDONLY|O_CLOEXEC) = -1 ENOENT (No such file or directory)
4041092 openat(AT_FDCWD, "/data/d0/y24/yzyang4/.local/share/uv/python/cpython-3.11.15-linux-x86_64-gnu/bin/../lib/glibc-hwcaps/x86-64-v2/libpthread.so.0", O_RDONLY|O_CLOEXEC) = -1 ENOENT (No such file or directory)
4041092 openat(AT_FDCWD, "/data/d0/y24/yzyang4/.local/share/uv/python/cpython-3.11.15-linux-x86_64-gnu/bin/../lib/libpthread.so.0", O_RDONLY|O_CLOEXEC) = -1 ENOENT (No such file or directory)
4041092 openat(AT_FDCWD, "/usr/local/cuda-12.8/lib64/glibc-hwcaps/x86-64-v4/libpthread.so.0", O_RDONLY|O_CLOEXEC) = -1 ENOENT (No such file or directory)
4041092 openat(AT_FDCWD, "/usr/local/cuda-12.8/lib64/glibc-hwcaps/x86-64-v3/libpthread.so.0", O_RDONLY|O_CLOEXEC) = -1 ENOENT (No such file or directory)
4041092 openat(AT_FDCWD, "/usr/local/cuda-12.8/lib64/glibc-hwcaps/x86-64-v2/libpthread.so.0", O_RDONLY|O_CLOEXEC) = -1 ENOENT (No such file or directory)
4041092 openat(AT_FDCWD, "/usr/local/cuda-12.8/lib64/libpthread.so.0", O_RDONLY|O_CLOEXEC) = -1 ENOENT (No such file or directory)
4041092 openat(AT_FDCWD, "glibc-hwcaps/x86-64-v4/libpthread.so.0", O_RDONLY|O_CLOEXEC) = -1 ENOENT (No such file or directory)
4041092 openat(AT_FDCWD, "glibc-hwcaps/x86-64-v3/libpthread.so.0", O_RDONLY|O_CLOEXEC) = -1 ENOENT (No such file or directory)
4041092 openat(AT_FDCWD, "glibc-hwcaps/x86-64-v2/libpthread.so.0", O_RDONLY|O_CLOEXEC) = -1 ENOENT (No such file or directory)
4041092 openat(AT_FDCWD, "libpthread.so.0", O_RDONLY|O_CLOEXEC) = -1 ENOENT (No such file or directory)
4041092 openat(AT_FDCWD, "/etc/ld.so.cache", O_RDONLY|O_CLOEXEC) = 3
4041092 openat(AT_FDCWD, "/lib/x86_64-linux-gnu/libpthread.so.0", O_RDONLY|O_CLOEXEC) = 3
4041092 openat(AT_FDCWD, "/data/d0/y24/yzyang4/.local/share/uv/python/cpython-3.11.15-linux-x86_64-gnu/bin/../lib/libdl.so.2", O_RDONLY|O_CLOEXEC) = -1 ENOENT (No such file or directory)
4041092 openat(AT_FDCWD, "glibc-hwcaps/x86-64-v4/libdl.so.2", O_RDONLY|O_CLOEXEC) = -1 ENOENT (No such file or directory)
4041092 openat(AT_FDCWD, "glibc-hwcaps/x86-64-v3/libdl.so.2", O_RDONLY|O_CLOEXEC) = -1 ENOENT (No such file or directory)
4041092 openat(AT_FDCWD, "glibc-hwcaps/x86-64-v2/libdl.so.2", O_RDONLY|O_CLOEXEC) = -1 ENOENT (No such file or directory)
4041092 openat(AT_FDCWD, "libdl.so.2", O_RDONLY|O_CLOEXEC) = -1 ENOENT (No such file or directory)
4041092 openat(AT_FDCWD, "/lib/x86_64-linux-gnu/libdl.so.2", O_RDONLY|O_CLOEXEC) = 3
4041092 openat(AT_FDCWD, "/data/d0/y24/yzyang4/.local/share/uv/python/cpython-3.11.15-linux-x86_64-gnu/bin/../lib/libutil.so.1", O_RDONLY|O_CLOEXEC) = -1 ENOENT (No such file or directory)
4041092 openat(AT_FDCWD, "glibc-hwcaps/x86-64-v4/libutil.so.1", O_RDONLY|O_CLOEXEC) = -1 ENOENT (No such file or directory)
4041092 openat(AT_FDCWD, "glibc-hwcaps/x86-64-v3/libutil.so.1", O_RDONLY|O_CLOEXEC) = -1 ENOENT (No such file or directory)
4041092 openat(AT_FDCWD, "glibc-hwcaps/x86-64-v2/libutil.so.1", O_RDONLY|O_CLOEXEC) = -1 ENOENT (No such file or directory)
4041092 openat(AT_FDCWD, "libutil.so.1", O_RDONLY|O_CLOEXEC) = -1 ENOENT (No such file or directory)
4041092 openat(AT_FDCWD, "/lib/x86_64-linux-gnu/libutil.so.1", O_RDONLY|O_CLOEXEC) = 3
4041092 openat(AT_FDCWD, "/data/d0/y24/yzyang4/.local/share/uv/python/cpython-3.11.15-linux-x86_64-gnu/bin/../lib/librt.so.1", O_RDONLY|O_CLOEXEC) = -1 ENOENT (No such file or directory)
4041092 openat(AT_FDCWD, "glibc-hwcaps/x86-64-v4/librt.so.1", O_RDONLY|O_CLOEXEC) = -1 ENOENT (No such file or directory)
4041092 openat(AT_FDCWD, "glibc-hwcaps/x86-64-v3/librt.so.1", O_RDONLY|O_CLOEXEC) = -1 ENOENT (No such file or directory)
4041092 openat(AT_FDCWD, "glibc-hwcaps/x86-64-v2/librt.so.1", O_RDONLY|O_CLOEXEC) = -1 ENOENT (No such file or directory)
4041092 openat(AT_FDCWD, "librt.so.1", O_RDONLY|O_CLOEXEC) = -1 ENOENT (No such file or directory)
4041092 openat(AT_FDCWD, "/lib/x86_64-linux-gnu/librt.so.1", O_RDONLY|O_CLOEXEC) = 3
4041092 openat(AT_FDCWD, "/data/d0/y24/yzyang4/.local/share/uv/python/cpython-3.11.15-linux-x86_64-gnu/bin/../lib/libm.so.6", O_RDONLY|O_CLOEXEC) = -1 ENOENT (No such file or directory)
4041092 openat(AT_FDCWD, "glibc-hwcaps/x86-64-v4/libm.so.6", O_RDONLY|O_CLOEXEC) = -1 ENOENT (No such file or directory)
4041092 openat(AT_FDCWD, "glibc-hwcaps/x86-64-v3/libm.so.6", O_RDONLY|O_CLOEXEC) = -1 ENOENT (No such file or directory)
4041092 openat(AT_FDCWD, "glibc-hwcaps/x86-64-v2/libm.so.6", O_RDONLY|O_CLOEXEC) = -1 ENOENT (No such file or directory)
4041092 openat(AT_FDCWD, "libm.so.6", O_RDONLY|O_CLOEXEC) = -1 ENOENT (No such file or directory)
4041092 openat(AT_FDCWD, "/lib/x86_64-linux-gnu/libm.so.6", O_RDONLY|O_CLOEXEC) = 3
4041092 openat(AT_FDCWD, "/data/d0/y24/yzyang4/.local/share/uv/python/cpython-3.11.15-linux-x86_64-gnu/bin/../lib/libc.so.6", O_RDONLY|O_CLOEXEC) = -1 ENOENT (No such file or directory)
4041092 openat(AT_FDCWD, "glibc-hwcaps/x86-64-v4/libc.so.6", O_RDONLY|O_CLOEXEC) = -1 ENOENT (No such file or directory)
4041092 openat(AT_FDCWD, "glibc-hwcaps/x86-64-v3/libc.so.6", O_RDONLY|O_CLOEXEC) = -1 ENOENT (No such file or directory)
4041092 openat(AT_FDCWD, "glibc-hwcaps/x86-64-v2/libc.so.6", O_RDONLY|O_CLOEXEC) = -1 ENOENT (No such file or directory)
4041092 openat(AT_FDCWD, "libc.so.6", O_RDONLY|O_CLOEXEC) = -1 ENOENT (No such file or directory)
4041092 openat(AT_FDCWD, "/lib/x86_64-linux-gnu/libc.so.6", O_RDONLY|O_CLOEXEC) = 3
4041092 openat(AT_FDCWD, "/usr/lib/locale/locale-archive", O_RDONLY|O_CLOEXEC) = 3
4041092 openat(AT_FDCWD, "/usr/lib/x86_64-linux-gnu/gconv/gconv-modules.cache", O_RDONLY|O_CLOEXEC) = 3
4041092 openat(AT_FDCWD, "/proc/self/maps", O_RDONLY) = 3
4041092 openat(AT_FDCWD, "/research/d7/spc/yzyang4/venvs/exp/pyvenv.cfg", O_RDONLY) = 3
4041092 openat(AT_FDCWD, "/data/d0/y24/yzyang4/.local/share/uv/python/cpython-3.11.15-linux-x86_64-gnu/bin/python3.11\n._pth", O_RDONLY) = -1 ENOENT (No such file or directory)
4041092 openat(AT_FDCWD, "/research/d7/spc/yzyang4/venvs/exp/bin/python._pth", O_RDONLY) = -1 ENOENT (No such file or directory)
4041092 openat(AT_FDCWD, "/uac/y24/yzyang4/.local/share/uv/python/cpython-3.11.15-linux-x86_64-gnu/bin/python3.11._pth", O_RDONLY) = -1 ENOENT (No such file or directory)
4041092 openat(AT_FDCWD, "/uac/y24/yzyang4/.local/share/uv/python/cpython-3.11.15-linux-x86_64-gnu/bin/pybuilddir.txt", O_RDONLY) = -1 ENOENT (No such file or directory)
4041092 openat(AT_FDCWD, "/etc/localtime", O_RDONLY|O_CLOEXEC) = 3
4041092 openat(AT_FDCWD, "/data/d0/y24/yzyang4/.local/share/uv/python/cpython-3.11.15-linux-x86_64-gnu/lib/python3.11", O_RDONLY|O_NONBLOCK|O_CLOEXEC|O_DIRECTORY) = 3
4041092 openat(AT_FDCWD, "/data/d0/y24/yzyang4/.local/share/uv/python/cpython-3.11.15-linux-x86_64-gnu/lib/python3.11/encodings/__pycache__/__init__.cpython-311.pyc", O_RDONLY|O_CLOEXEC) = 3
4041092 openat(AT_FDCWD, "/data/d0/y24/yzyang4/.local/share/uv/python/cpython-3.11.15-linux-x86_64-gnu/lib/python3.11/encodings", O_RDONLY|O_NONBLOCK|O_CLOEXEC|O_DIRECTORY) = 3
4041092 openat(AT_FDCWD, "/data/d0/y24/yzyang4/.local/share/uv/python/cpython-3.11.15-linux-x86_64-gnu/lib/python3.11/encodings/__pycache__/aliases.cpython-311.pyc", O_RDONLY|O_CLOEXEC) = 3
4041092 openat(AT_FDCWD, "/data/d0/y24/yzyang4/.local/share/uv/python/cpython-3.11.15-linux-x86_64-gnu/lib/python3.11/encodings/__pycache__/utf_8.cpython-311.pyc", O_RDONLY|O_CLOEXEC) = 3
4041092 openat(AT_FDCWD, "/research/d7/spc/yzyang4/venvs/exp/pyvenv.cfg", O_RDONLY|O_CLOEXEC) = 3
4041092 openat(AT_FDCWD, "/research/d7/spc/yzyang4/venvs/exp/lib/python3.11/site-packages", O_RDONLY|O_NONBLOCK|O_CLOEXEC|O_DIRECTORY) = 3
4041092 openat(AT_FDCWD, "/research/d7/spc/yzyang4/venvs/exp/lib/python3.11/site-packages/__editable__.mlebench-1.0.0.pth", O_RDONLY|O_CLOEXEC) = 3
4041092 openat(AT_FDCWD, "/uac/y24/yzyang4/.local/share/uv/python/cpython-3.11.15-linux-x86_64-gnu/lib/python3.11/lib-dynload", O_RDONLY|O_NONBLOCK|O_CLOEXEC|O_DIRECTORY) = 4
4041092 openat(AT_FDCWD, "/research/d7/spc/yzyang4/venvs/exp/lib/python3.11/site-packages", O_RDONLY|O_NONBLOCK|O_CLOEXEC|O_DIRECTORY) = 4
4041092 openat(AT_FDCWD, "/research/d7/spc/yzyang4/venvs/exp/lib/python3.11/site-packages/__pycache__/__editable___mlebench_1_0_0_finder.cpython-311.pyc", O_RDONLY|O_CLOEXEC) = 4
4041092 openat(AT_FDCWD, "/data/d0/y24/yzyang4/.local/share/uv/python/cpython-3.11.15-linux-x86_64-gnu/lib/python3.11/__pycache__/__future__.cpython-311.pyc", O_RDONLY|O_CLOEXEC) = 4
4041092 openat(AT_FDCWD, "/data/d0/y24/yzyang4/.local/share/uv/python/cpython-3.11.15-linux-x86_64-gnu/lib/python3.11/importlib/__pycache__/__init__.cpython-311.pyc", O_RDONLY|O_CLOEXEC) = 4
4041092 openat(AT_FDCWD, "/data/d0/y24/yzyang4/.local/share/uv/python/cpython-3.11.15-linux-x86_64-gnu/lib/python3.11/__pycache__/warnings.cpython-311.pyc", O_RDONLY|O_CLOEXEC) = 4
4041092 openat(AT_FDCWD, "/data/d0/y24/yzyang4/.local/share/uv/python/cpython-3.11.15-linux-x86_64-gnu/lib/python3.11/importlib", O_RDONLY|O_NONBLOCK|O_CLOEXEC|O_DIRECTORY) = 4
4041092 openat(AT_FDCWD, "/data/d0/y24/yzyang4/.local/share/uv/python/cpython-3.11.15-linux-x86_64-gnu/lib/python3.11/importlib/__pycache__/_abc.cpython-311.pyc", O_RDONLY|O_CLOEXEC) = 4
4041092 openat(AT_FDCWD, "/data/d0/y24/yzyang4/.local/share/uv/python/cpython-3.11.15-linux-x86_64-gnu/lib/python3.11/__pycache__/contextlib.cpython-311.pyc", O_RDONLY|O_CLOEXEC) = 4
4041092 openat(AT_FDCWD, "/data/d0/y24/yzyang4/.local/share/uv/python/cpython-3.11.15-linux-x86_64-gnu/lib/python3.11/collections/__pycache__/__init__.cpython-311.pyc", O_RDONLY|O_CLOEXEC) = 4
4041092 openat(AT_FDCWD, "/data/d0/y24/yzyang4/.local/share/uv/python/cpython-3.11.15-linux-x86_64-gnu/lib/python3.11/__pycache__/keyword.cpython-311.pyc", O_RDONLY|O_CLOEXEC) = 4
4041092 openat(AT_FDCWD, "/data/d0/y24/yzyang4/.local/share/uv/python/cpython-3.11.15-linux-x86_64-gnu/lib/python3.11/__pycache__/operator.cpython-311.pyc", O_RDONLY|O_CLOEXEC) = 4
4041092 openat(AT_FDCWD, "/data/d0/y24/yzyang4/.local/share/uv/python/cpython-3.11.15-linux-x86_64-gnu/lib/python3.11/__pycache__/reprlib.cpython-311.pyc", O_RDONLY|O_CLOEXEC) = 4
4041092 openat(AT_FDCWD, "/data/d0/y24/yzyang4/.local/share/uv/python/cpython-3.11.15-linux-x86_64-gnu/lib/python3.11/__pycache__/functools.cpython-311.pyc", O_RDONLY|O_CLOEXEC) = 4
4041092 openat(AT_FDCWD, "/data/d0/y24/yzyang4/.local/share/uv/python/cpython-3.11.15-linux-x86_64-gnu/lib/python3.11/__pycache__/types.cpython-311.pyc", O_RDONLY|O_CLOEXEC) = 4
4041092 openat(AT_FDCWD, "/data/d0/y24/yzyang4/.local/share/uv/python/cpython-3.11.15-linux-x86_64-gnu/lib/python3.11/__pycache__/threading.cpython-311.pyc", O_RDONLY|O_CLOEXEC) = 4
4041092 openat(AT_FDCWD, "/data/d0/y24/yzyang4/.local/share/uv/python/cpython-3.11.15-linux-x86_64-gnu/lib/python3.11/__pycache__/_weakrefset.cpython-311.pyc", O_RDONLY|O_CLOEXEC) = 4
4041092 openat(AT_FDCWD, "/data/d0/y24/yzyang4/.local/share/uv/python/cpython-3.11.15-linux-x86_64-gnu/lib/python3.11/__pycache__/pathlib.cpython-311.pyc", O_RDONLY|O_CLOEXEC) = 4
4041092 openat(AT_FDCWD, "/data/d0/y24/yzyang4/.local/share/uv/python/cpython-3.11.15-linux-x86_64-gnu/lib/python3.11/__pycache__/fnmatch.cpython-311.pyc", O_RDONLY|O_CLOEXEC) = 4
4041092 openat(AT_FDCWD, "/data/d0/y24/yzyang4/.local/share/uv/python/cpython-3.11.15-linux-x86_64-gnu/lib/python3.11/re/__pycache__/__init__.cpython-311.pyc", O_RDONLY|O_CLOEXEC) = 4
4041092 openat(AT_FDCWD, "/data/d0/y24/yzyang4/.local/share/uv/python/cpython-3.11.15-linux-x86_64-gnu/lib/python3.11/__pycache__/enum.cpython-311.pyc", O_RDONLY|O_CLOEXEC) = 4
4041092 openat(AT_FDCWD, "/data/d0/y24/yzyang4/.local/share/uv/python/cpython-3.11.15-linux-x86_64-gnu/lib/python3.11/re", O_RDONLY|O_NONBLOCK|O_CLOEXEC|O_DIRECTORY) = 4
4041092 openat(AT_FDCWD, "/data/d0/y24/yzyang4/.local/share/uv/python/cpython-3.11.15-linux-x86_64-gnu/lib/python3.11/re/__pycache__/_compiler.cpython-311.pyc", O_RDONLY|O_CLOEXEC) = 4
4041092 openat(AT_FDCWD, "/data/d0/y24/yzyang4/.local/share/uv/python/cpython-3.11.15-linux-x86_64-gnu/lib/python3.11/re/__pycache__/_parser.cpython-311.pyc", O_RDONLY|O_CLOEXEC) = 4
4041092 openat(AT_FDCWD, "/data/d0/y24/yzyang4/.local/share/uv/python/cpython-3.11.15-linux-x86_64-gnu/lib/python3.11/re/__pycache__/_constants.cpython-311.pyc", O_RDONLY|O_CLOEXEC) = 4
4041092 openat(AT_FDCWD, "/data/d0/y24/yzyang4/.local/share/uv/python/cpython-3.11.15-linux-x86_64-gnu/lib/python3.11/re/__pycache__/_casefix.cpython-311.pyc", O_RDONLY|O_CLOEXEC) = 4
4041092 openat(AT_FDCWD, "/data/d0/y24/yzyang4/.local/share/uv/python/cpython-3.11.15-linux-x86_64-gnu/lib/python3.11/__pycache__/copyreg.cpython-311.pyc", O_RDONLY|O_CLOEXEC) = 4
4041092 openat(AT_FDCWD, "/data/d0/y24/yzyang4/.local/share/uv/python/cpython-3.11.15-linux-x86_64-gnu/lib/python3.11/urllib/__pycache__/__init__.cpython-311.pyc", O_RDONLY|O_CLOEXEC) = 4
4041092 openat(AT_FDCWD, "/data/d0/y24/yzyang4/.local/share/uv/python/cpython-3.11.15-linux-x86_64-gnu/lib/python3.11/urllib", O_RDONLY|O_NONBLOCK|O_CLOEXEC|O_DIRECTORY) = 4
4041092 openat(AT_FDCWD, "/data/d0/y24/yzyang4/.local/share/uv/python/cpython-3.11.15-linux-x86_64-gnu/lib/python3.11/urllib/__pycache__/parse.cpython-311.pyc", O_RDONLY|O_CLOEXEC) = 4
4041092 openat(AT_FDCWD, "/data/d0/y24/yzyang4/.local/share/uv/python/cpython-3.11.15-linux-x86_64-gnu/lib/python3.11/__pycache__/ipaddress.cpython-311.pyc", O_RDONLY|O_CLOEXEC) = 4
4041092 openat(AT_FDCWD, "/research/d7/spc/yzyang4/venvs/exp/lib/python3.11/site-packages/_cuda_bindings_redirector.pth", O_RDONLY|O_CLOEXEC) = 3
4041092 openat(AT_FDCWD, "/research/d7/spc/yzyang4/venvs/exp/lib/python3.11/site-packages/__pycache__/_cuda_bindings_redirector.cpython-311.pyc", O_RDONLY|O_CLOEXEC) = 4
4041092 openat(AT_FDCWD, "/research/d7/spc/yzyang4/venvs/exp/lib/python3.11/site-packages/_virtualenv.pth", O_RDONLY|O_CLOEXEC) = 3
4041092 openat(AT_FDCWD, "/research/d7/spc/yzyang4/venvs/exp/lib/python3.11/site-packages/__pycache__/_virtualenv.cpython-311.pyc", O_RDONLY|O_CLOEXEC) = 4
4041092 openat(AT_FDCWD, "/research/d7/spc/yzyang4/venvs/exp/lib/python3.11/site-packages/autogluon-1.4.0-py3.9-nspkg.pth", O_RDONLY|O_CLOEXEC) = 3
4041092 openat(AT_FDCWD, "/research/d7/spc/yzyang4/venvs/exp/lib/python3.11/site-packages/autogluon.common-1.4.0-py3.9-nspkg.pth", O_RDONLY|O_CLOEXEC) = 3
4041092 openat(AT_FDCWD, "/research/d7/spc/yzyang4/venvs/exp/lib/python3.11/site-packages/autogluon.core-1.4.0-py3.9-nspkg.pth", O_RDONLY|O_CLOEXEC) = 3
4041092 openat(AT_FDCWD, "/research/d7/spc/yzyang4/venvs/exp/lib/python3.11/site-packages/autogluon.features-1.4.0-py3.9-nspkg.pth", O_RDONLY|O_CLOEXEC) = 3
4041092 openat(AT_FDCWD, "/research/d7/spc/yzyang4/venvs/exp/lib/python3.11/site-packages/autogluon.multimodal-1.4.0-py3.9-nspkg.pth", O_RDONLY|O_CLOEXEC) = 3
4041092 openat(AT_FDCWD, "/research/d7/spc/yzyang4/venvs/exp/lib/python3.11/site-packages/autogluon.tabular-1.4.0-py3.9-nspkg.pth", O_RDONLY|O_CLOEXEC) = 3
4041092 openat(AT_FDCWD, "/research/d7/spc/yzyang4/venvs/exp/lib/python3.11/site-packages/autogluon.timeseries-1.4.0-py3.9-nspkg.pth", O_RDONLY|O_CLOEXEC) = 3
4041092 openat(AT_FDCWD, "/research/d7/spc/yzyang4/venvs/exp/lib/python3.11/site-packages/coloredlogs.pth", O_RDONLY|O_CLOEXEC) = 3
4041092 openat(AT_FDCWD, "/research/d7/spc/yzyang4/venvs/exp/lib/python3.11/site-packages/distutils-precedence.pth", O_RDONLY|O_CLOEXEC) = 3
4041092 openat(AT_FDCWD, "/research/d7/spc/yzyang4/venvs/exp/lib/python3.11/site-packages/_distutils_hack/__pycache__/__init__.cpython-311.pyc", O_RDONLY|O_CLOEXEC) = 4
4041092 openat(AT_FDCWD, "/research/d7/spc/yzyang4/venvs/exp/lib/python3.11/site-packages/google_generativeai-0.8.4-py3.12-nspkg.pth", O_RDONLY|O_CLOEXEC) = 3
4041092 openat(AT_FDCWD, "/research/d7/spc/yzyang4/venvs/exp/lib/python3.11/site-packages", O_RDONLY|O_NONBLOCK|O_CLOEXEC|O_DIRECTORY) = 3
4041092 openat(AT_FDCWD, "/research/d7/spc/yzyang4/venvs/exp/lib/python3.11/site-packages/__editable__.mlebench-1.0.0.pth", O_RDONLY|O_CLOEXEC) = 3
4041092 openat(AT_FDCWD, "/research/d7/spc/yzyang4/venvs/exp/lib/python3.11/site-packages/_cuda_bindings_redirector.pth", O_RDONLY|O_CLOEXEC) = 3
4041092 openat(AT_FDCWD, "/research/d7/spc/yzyang4/venvs/exp/lib/python3.11/site-packages/_virtualenv.pth", O_RDONLY|O_CLOEXEC) = 3
4041092 openat(AT_FDCWD, "/research/d7/spc/yzyang4/venvs/exp/lib/python3.11/site-packages/autogluon-1.4.0-py3.9-nspkg.pth", O_RDONLY|O_CLOEXEC) = 3
4041092 openat(AT_FDCWD, "/research/d7/spc/yzyang4/venvs/exp/lib/python3.11/site-packages/autogluon.common-1.4.0-py3.9-nspkg.pth", O_RDONLY|O_CLOEXEC) = 3
4041092 openat(AT_FDCWD, "/research/d7/spc/yzyang4/venvs/exp/lib/python3.11/site-packages/autogluon.core-1.4.0-py3.9-nspkg.pth", O_RDONLY|O_CLOEXEC) = 3
4041092 openat(AT_FDCWD, "/research/d7/spc/yzyang4/venvs/exp/lib/python3.11/site-packages/autogluon.features-1.4.0-py3.9-nspkg.pth", O_RDONLY|O_CLOEXEC) = 3
4041092 openat(AT_FDCWD, "/research/d7/spc/yzyang4/venvs/exp/lib/python3.11/site-packages/autogluon.multimodal-1.4.0-py3.9-nspkg.pth", O_RDONLY|O_CLOEXEC) = 3
4041092 openat(AT_FDCWD, "/research/d7/spc/yzyang4/venvs/exp/lib/python3.11/site-packages/autogluon.tabular-1.4.0-py3.9-nspkg.pth", O_RDONLY|O_CLOEXEC) = 3
4041092 openat(AT_FDCWD, "/research/d7/spc/yzyang4/venvs/exp/lib/python3.11/site-packages/autogluon.timeseries-1.4.0-py3.9-nspkg.pth", O_RDONLY|O_CLOEXEC) = 3
4041092 openat(AT_FDCWD, "/research/d7/spc/yzyang4/venvs/exp/lib/python3.11/site-packages/coloredlogs.pth", O_RDONLY|O_CLOEXEC) = 3
4041092 openat(AT_FDCWD, "/research/d7/spc/yzyang4/venvs/exp/lib/python3.11/site-packages/distutils-precedence.pth", O_RDONLY|O_CLOEXEC) = 3
4041092 openat(AT_FDCWD, "/research/d7/spc/yzyang4/venvs/exp/lib/python3.11/site-packages/google_generativeai-0.8.4-py3.12-nspkg.pth", O_RDONLY|O_CLOEXEC) = 3
4041092 openat(AT_FDCWD, "/research/d7/spc/yzyang4/tree-linearization-depth-order/worktree-333a3b6-v1", O_RDONLY|O_NONBLOCK|O_CLOEXEC|O_DIRECTORY) = 3
4041092 openat(AT_FDCWD, "/research/d7/spc/yzyang4/tree-linearization-depth-order/worktree-333a3b6-v1/phase1/__pycache__/__init__.cpython-311.pyc", O_RDONLY|O_CLOEXEC) = 3
4041092 openat(AT_FDCWD, "/research/d7/spc/yzyang4/tree-linearization-depth-order/worktree-333a3b6-v1/phase1", O_RDONLY|O_NONBLOCK|O_CLOEXEC|O_DIRECTORY) = 3
4041092 openat(AT_FDCWD, "/research/d7/spc/yzyang4/tree-linearization-depth-order/worktree-333a3b6-v1/phase1/__pycache__/verify_tree_linearization_depth_order_corollary.cpython-311.pyc", O_RDONLY|O_CLOEXEC) = -1 ENOENT (No such file or directory)
4041092 openat(AT_FDCWD, "/research/d7/spc/yzyang4/tree-linearization-depth-order/worktree-333a3b6-v1/phase1/verify_tree_linearization_depth_order_corollary.py", O_RDONLY|O_CLOEXEC) = 3
4041092 openat(AT_FDCWD, "/data/d0/y24/yzyang4/.local/share/uv/python/cpython-3.11.15-linux-x86_64-gnu/lib/python3.11/__pycache__/argparse.cpython-311.pyc", O_RDONLY|O_CLOEXEC) = 3
4041092 openat(AT_FDCWD, "/data/d0/y24/yzyang4/.local/share/uv/python/cpython-3.11.15-linux-x86_64-gnu/lib/python3.11/__pycache__/gettext.cpython-311.pyc", O_RDONLY|O_CLOEXEC) = 3
4041092 openat(AT_FDCWD, "/data/d0/y24/yzyang4/.local/share/uv/python/cpython-3.11.15-linux-x86_64-gnu/lib/python3.11/__pycache__/hashlib.cpython-311.pyc", O_RDONLY|O_CLOEXEC) = 3
4041092 openat(AT_FDCWD, "/etc/ssl/openssl.cnf", O_RDONLY) = 3
4041092 openat(AT_FDCWD, "/data/d0/y24/yzyang4/.local/share/uv/python/cpython-3.11.15-linux-x86_64-gnu/lib/python3.11/json/__pycache__/__init__.cpython-311.pyc", O_RDONLY|O_CLOEXEC) = 3
4041092 openat(AT_FDCWD, "/data/d0/y24/yzyang4/.local/share/uv/python/cpython-3.11.15-linux-x86_64-gnu/lib/python3.11/json", O_RDONLY|O_NONBLOCK|O_CLOEXEC|O_DIRECTORY) = 3
4041092 openat(AT_FDCWD, "/data/d0/y24/yzyang4/.local/share/uv/python/cpython-3.11.15-linux-x86_64-gnu/lib/python3.11/json/__pycache__/decoder.cpython-311.pyc", O_RDONLY|O_CLOEXEC) = 3
4041092 openat(AT_FDCWD, "/data/d0/y24/yzyang4/.local/share/uv/python/cpython-3.11.15-linux-x86_64-gnu/lib/python3.11/json/__pycache__/scanner.cpython-311.pyc", O_RDONLY|O_CLOEXEC) = 3
4041092 openat(AT_FDCWD, "/data/d0/y24/yzyang4/.local/share/uv/python/cpython-3.11.15-linux-x86_64-gnu/lib/python3.11/json/__pycache__/encoder.cpython-311.pyc", O_RDONLY|O_CLOEXEC) = 3
4041092 openat(AT_FDCWD, "/data/d0/y24/yzyang4/.local/share/uv/python/cpython-3.11.15-linux-x86_64-gnu/lib/python3.11/__pycache__/fractions.cpython-311.pyc", O_RDONLY|O_CLOEXEC) = 3
4041092 openat(AT_FDCWD, "/data/d0/y24/yzyang4/.local/share/uv/python/cpython-3.11.15-linux-x86_64-gnu/lib/python3.11/__pycache__/decimal.cpython-311.pyc", O_RDONLY|O_CLOEXEC) = 3
4041092 openat(AT_FDCWD, "/data/d0/y24/yzyang4/.local/share/uv/python/cpython-3.11.15-linux-x86_64-gnu/lib/python3.11/__pycache__/numbers.cpython-311.pyc", O_RDONLY|O_CLOEXEC) = 3
4041092 openat(AT_FDCWD, "/data/d0/y24/yzyang4/.local/share/uv/python/cpython-3.11.15-linux-x86_64-gnu/lib/python3.11/collections", O_RDONLY|O_NONBLOCK|O_CLOEXEC|O_DIRECTORY) = 3
4041092 openat(AT_FDCWD, "/data/d0/y24/yzyang4/.local/share/uv/python/cpython-3.11.15-linux-x86_64-gnu/lib/python3.11/collections/__pycache__/abc.cpython-311.pyc", O_RDONLY|O_CLOEXEC) = 3
4041092 openat(AT_FDCWD, "/data/d0/y24/yzyang4/.local/share/uv/python/cpython-3.11.15-linux-x86_64-gnu/lib/python3.11/__pycache__/typing.cpython-311.pyc", O_RDONLY|O_CLOEXEC) = 3
4041092 openat(AT_FDCWD, "/data/d0/y24/yzyang4/.local/share/uv/python/cpython-3.11.15-linux-x86_64-gnu/lib/python3.11/__pycache__/locale.cpython-311.pyc", O_RDONLY|O_CLOEXEC) = 3
4041092 openat(AT_FDCWD, "/data/d0/y24/yzyang4/.local/share/uv/python/cpython-3.11.15-linux-x86_64-gnu/lib/python3.11/__pycache__/shutil.cpython-311.pyc", O_RDONLY|O_CLOEXEC) = 3
4041092 openat(AT_FDCWD, "/data/d0/y24/yzyang4/.local/share/uv/python/cpython-3.11.15-linux-x86_64-gnu/lib/python3.11/__pycache__/bz2.cpython-311.pyc", O_RDONLY|O_CLOEXEC) = 3
4041092 openat(AT_FDCWD, "/data/d0/y24/yzyang4/.local/share/uv/python/cpython-3.11.15-linux-x86_64-gnu/lib/python3.11/__pycache__/_compression.cpython-311.pyc", O_RDONLY|O_CLOEXEC) = 3
4041092 openat(AT_FDCWD, "/data/d0/y24/yzyang4/.local/share/uv/python/cpython-3.11.15-linux-x86_64-gnu/lib/python3.11/__pycache__/lzma.cpython-311.pyc", O_RDONLY|O_CLOEXEC) = 3
4041092 openat(AT_FDCWD, "/research/d7/spc/yzyang4/tree-linearization-depth-order/worktree-333a3b6-v1/phase1/tree_linearization_depth_order_corollary_v1.json", O_RDONLY|O_CLOEXEC) = 3
4041092 openat(AT_FDCWD, "/research/d7/spc/yzyang4/tree-linearization-depth-order/formal-333a3b6-887491a-v1/producer_a.json", O_RDONLY|O_CLOEXEC) = 3
4041092 openat(AT_FDCWD, "/research/d7/spc/yzyang4/tree-linearization-depth-order/worktree-333a3b6-v1/phase1/derive_tree_linearization_depth_order_corollary.py", O_RDONLY|O_CLOEXEC) = 3
4041092 openat(AT_FDCWD, "/research/d7/spc/yzyang4/tree-linearization-depth-order/worktree-333a3b6-v1/phase1/tree_linearization_depth_order_corollary_v1.json", O_RDONLY|O_CLOEXEC) = 3
4041092 openat(AT_FDCWD, "/research/d7/spc/yzyang4/tree-linearization-depth-order/worktree-333a3b6-v1/phase1/results/tree_linearization_weight_887_20260828_e9f4fb9/formal/final_receipt.json", O_RDONLY|O_CLOEXEC) = 3
4041092 openat(AT_FDCWD, "/research/d7/spc/yzyang4/tree-linearization-depth-order/worktree-333a3b6-v1/phase1/results/tree_linearization_weight_887_20260828_e9f4fb9/formal/final_receipt.json", O_RDONLY|O_CLOEXEC) = 3
4041092 openat(AT_FDCWD, "/research/d7/spc/yzyang4/tree-linearization-depth-order/formal-333a3b6-887491a-v1/producer_a.json", O_RDONLY|O_CLOEXEC) = 3
4041092 openat(AT_FDCWD, "/research/d7/spc/yzyang4/tree-linearization-depth-order/formal-333a3b6-887491a-v1/verifier_a.json.tmp.4041092", O_WRONLY|O_CREAT|O_TRUNC|O_CLOEXEC, 0666) = 3
4041091 --- SIGCHLD {si_signo=SIGCHLD, si_code=CLD_EXITED, si_pid=4041092, si_uid=7542, si_status=0, si_utime=7 /* 0.07 s */, si_stime=3 /* 0.03 s */} ---
