[2026-09-05 18:38:21,737] [WARNING] [real_accelerator.py:199:get_accelerator] Setting accelerator to CPU. If you have GPU or other accelerator, we were unable to detect it.
[2026-09-05 18:38:21,737] [WARNING] [real_accelerator.py:199:get_accelerator] Setting accelerator to CPU. If you have GPU or other accelerator, we were unable to detect it.
Warning: The cache directory for DeepSpeed Triton autotune, /uac/y24/yzyang4/.triton/autotune, appears to be on an NFS system. While this is generally acceptable, if you experience slowdowns or hanging when DeepSpeed exits, it is recommended to set the TRITON_CACHE_DIR environment variable to a non-NFS path.
Warning: The cache directory for DeepSpeed Triton autotune, /uac/y24/yzyang4/.triton/autotune, appears to be on an NFS system. While this is generally acceptable, if you experience slowdowns or hanging when DeepSpeed exits, it is recommended to set the TRITON_CACHE_DIR environment variable to a non-NFS path.
{"completed": "G_to_L-full"}
[2026-09-05 18:39:09,689] [WARNING] [real_accelerator.py:199:get_accelerator] Setting accelerator to CPU. If you have GPU or other accelerator, we were unable to detect it.
[2026-09-05 18:39:09,690] [WARNING] [real_accelerator.py:199:get_accelerator] Setting accelerator to CPU. If you have GPU or other accelerator, we were unable to detect it.
Warning: The cache directory for DeepSpeed Triton autotune, /uac/y24/yzyang4/.triton/autotune, appears to be on an NFS system. While this is generally acceptable, if you experience slowdowns or hanging when DeepSpeed exits, it is recommended to set the TRITON_CACHE_DIR environment variable to a non-NFS path.
Warning: The cache directory for DeepSpeed Triton autotune, /uac/y24/yzyang4/.triton/autotune, appears to be on an NFS system. While this is generally acceptable, if you experience slowdowns or hanging when DeepSpeed exits, it is recommended to set the TRITON_CACHE_DIR environment variable to a non-NFS path.
{"completed": "G_to_L-prefix2"}
[2026-09-05 18:39:47,747] [WARNING] [real_accelerator.py:199:get_accelerator] Setting accelerator to CPU. If you have GPU or other accelerator, we were unable to detect it.
[2026-09-05 18:39:47,747] [WARNING] [real_accelerator.py:199:get_accelerator] Setting accelerator to CPU. If you have GPU or other accelerator, we were unable to detect it.
Warning: The cache directory for DeepSpeed Triton autotune, /uac/y24/yzyang4/.triton/autotune, appears to be on an NFS system. While this is generally acceptable, if you experience slowdowns or hanging when DeepSpeed exits, it is recommended to set the TRITON_CACHE_DIR environment variable to a non-NFS path.
Warning: The cache directory for DeepSpeed Triton autotune, /uac/y24/yzyang4/.triton/autotune, appears to be on an NFS system. While this is generally acceptable, if you experience slowdowns or hanging when DeepSpeed exits, it is recommended to set the TRITON_CACHE_DIR environment variable to a non-NFS path.
{"completed": "G_to_L-resume2"}
[2026-09-05 18:40:27,919] [WARNING] [real_accelerator.py:199:get_accelerator] Setting accelerator to CPU. If you have GPU or other accelerator, we were unable to detect it.
[2026-09-05 18:40:27,919] [WARNING] [real_accelerator.py:199:get_accelerator] Setting accelerator to CPU. If you have GPU or other accelerator, we were unable to detect it.
Warning: The cache directory for DeepSpeed Triton autotune, /uac/y24/yzyang4/.triton/autotune, appears to be on an NFS system. While this is generally acceptable, if you experience slowdowns or hanging when DeepSpeed exits, it is recommended to set the TRITON_CACHE_DIR environment variable to a non-NFS path.
Warning: The cache directory for DeepSpeed Triton autotune, /uac/y24/yzyang4/.triton/autotune, appears to be on an NFS system. While this is generally acceptable, if you experience slowdowns or hanging when DeepSpeed exits, it is recommended to set the TRITON_CACHE_DIR environment variable to a non-NFS path.
{"completed": "G_to_L-prefix3"}
[2026-09-05 18:41:06,095] [WARNING] [real_accelerator.py:199:get_accelerator] Setting accelerator to CPU. If you have GPU or other accelerator, we were unable to detect it.
[2026-09-05 18:41:06,096] [WARNING] [real_accelerator.py:199:get_accelerator] Setting accelerator to CPU. If you have GPU or other accelerator, we were unable to detect it.
Warning: The cache directory for DeepSpeed Triton autotune, /uac/y24/yzyang4/.triton/autotune, appears to be on an NFS system. While this is generally acceptable, if you experience slowdowns or hanging when DeepSpeed exits, it is recommended to set the TRITON_CACHE_DIR environment variable to a non-NFS path.
Warning: The cache directory for DeepSpeed Triton autotune, /uac/y24/yzyang4/.triton/autotune, appears to be on an NFS system. While this is generally acceptable, if you experience slowdowns or hanging when DeepSpeed exits, it is recommended to set the TRITON_CACHE_DIR environment variable to a non-NFS path.
{"completed": "G_to_L-resume3"}
[2026-09-05 18:41:44,954] [WARNING] [real_accelerator.py:199:get_accelerator] Setting accelerator to CPU. If you have GPU or other accelerator, we were unable to detect it.
[2026-09-05 18:41:44,955] [WARNING] [real_accelerator.py:199:get_accelerator] Setting accelerator to CPU. If you have GPU or other accelerator, we were unable to detect it.
Warning: The cache directory for DeepSpeed Triton autotune, /uac/y24/yzyang4/.triton/autotune, appears to be on an NFS system. While this is generally acceptable, if you experience slowdowns or hanging when DeepSpeed exits, it is recommended to set the TRITON_CACHE_DIR environment variable to a non-NFS path.
Warning: The cache directory for DeepSpeed Triton autotune, /uac/y24/yzyang4/.triton/autotune, appears to be on an NFS system. While this is generally acceptable, if you experience slowdowns or hanging when DeepSpeed exits, it is recommended to set the TRITON_CACHE_DIR environment variable to a non-NFS path.
{"completed": "Ghash_to_L-full"}
Traceback (most recent call last):
  File "<frozen runpy>", line 198, in _run_module_as_main
  File "<frozen runpy>", line 88, in _run_code
  File "/tmp/train-input-session-c0dc128-8admEe/code/phase1/scripts/validate_training_input_session_cpu_20260905.py", line 110, in <module>
    if __name__=='__main__':main()
                            ^^^^^^
  File "/tmp/train-input-session-c0dc128-8admEe/code/phase1/scripts/validate_training_input_session_cpu_20260905.py", line 79, in main
    assert time.monotonic()-started<240,'CPU_subrun_budget'
           ^^^^^^^^^^^^^^^^^^^^^^^^^^^^
AssertionError: CPU_subrun_budget
